============================================================
收盘复盘执行日志 — 2026-08-27（周四）| 完整重执行
任务: evening_review (auto_evening_review.md 全17步)
触发: 手动（用户指令，重跑上一轮降级执行）
============================================================

[重执行背景]
- 上一轮（15:22）因沙箱 ACL 故障降级执行未闭环：staging 未更新（mtime 08-26）、
  signal_tracking.json 未入库（signals=[]）、task_state evening_review 为空。
- 幂等检查输出"幂等跳过"（复盘报告存在且为今日生成），但报告明确标注"降级执行"，
  且核心产出（次日 staging）缺失 → 判定上一轮未完成，本次按用户指令完整重跑。

[各步骤执行结果]
Step 1  前置检查: ✅ 交易日(2026-08-27) + 收盘后(15:36) + 文件存在性 + 幂等(重跑判定)
Step 2  task_state in_progress: ✅ 已更新
Step 2.5 数据源探测: ✅ partial (5/7) — push2 基础端点 fail，tencent/ths/push2ex/mootdx/datacenter ok；clist 可用
Step 3  数据收集: ✅ 真实 15:00 收盘（腾讯财经）: 上证3956.57(+1.13%)/深成14048.88(+1.50%)/创业板3473.35(+1.71%)；
   涨停77/炸板17(18.1%)/跌停3/最高6连板；行业元件+5.21%领涨/银行Ⅱ-1.05%领跌；北向hsgt返回陈旧快照降级
Step 4  盘面回顾: ✅ 科技主线爆发日（英伟达财报超预期+日韩半导体共振）
Step 5  全市场异动扫描: ✅ ETF版（新浪全量1500→活跃445）: 上涨振幅TOP5含科创芯片设计+5.93%振幅5.26%；
   下跌振幅TOP5为电池/储能/港股医药；经验沉淀2条
Step 6  逐仓复盘: ✅ 6持仓（半导体+4.52%新仓浮盈+115.9元/电网+0.65%正T盈利/黄金-0.75%缩量守9.20/航空+1.63%/工行-1.26%/宁波-0.85%）
Step 7  早盘预测回顾: ✅ 8项: ✅4/⚠️2/❌2（75%）; 大盘幅度低估=判断失误; 防御线失效=框架盲点(资金虹吸)
Step 8  信号执行复盘: ✅ 6条信号2触发2执行; 8.6 入库+结算（signal_tracking.json: SIG-04 settled +20.9 / SIG-05 executed 浮盈+115.9）;
   质量仪表盘（signal_quality.py）: P1触发率100%/方向准确率100%/预期偏差+60pp(偏保守);
   8.7 写入验证 [PASS]（评价6行/统计全数字/状态已更新）
Step 9  经验沉淀: ✅ 投资经验.md 4条 + 短线机会经验.md 2条（无日期标签、合并而非追加）
Step 10 持仓同步: ✅ 10.1 执行（config/持仓.md 已更新, 6持仓）; 10.2 验证 [PASS]
Step 11 Staging生成: ✅ 11.0 归档核对(MD5一致); 11.1/11.2 生成次日(8/28) staging;
   11.3 代码-名称交叉校验 [PASS]; 11.5 生成验证 [PASS]
Step 12 复盘报告: ✅ reports/20260827/复盘报告.md（真实15:00收盘数据重写）
Step 13 报告审阅: ✅ 2轮（数据抽检: 涨跌幅口径/P&L/聚合/持仓映射全部通过）
Step 14 REQ验证: ✅ REQ_INDEX IMPLEMENTED=0 → 无待验证; 已CLOSED超5日窗口 → 无需追踪
Step 15 task_state completed: ✅ 已更新（本文件）
Step 16 最终验证: 见最终验证输出
Step 17 调度器完成: 见 scheduler complete 输出

[产出清单]
✅ reports/20260827/复盘报告.md（重写，真实收盘）
✅ reports/20260827/每日信号.md（评价/统计/收益追踪原地写入 + 8.7 PASS）
✅ harness/experience/投资经验.md（+4条）
✅ harness/experience/短线机会经验.md（+2条）
✅ harness/config/持仓.md（10.2 PASS）
✅ harness/staging/今日-早盘分析.md + 今日-复盘分析.md（目标2026-08-28, 11.3/11.5 PASS）
✅ harness/archive/20260827/（当日staging原件）
✅ harness/automation/config/signal_tracking.json（入库2条, 结算1条）
✅ 影子文件清理（次日-*.md / signal_tracking-20260827-更新版.json / task_state-20260827-evening.json 等）

[数据源说明]
- 收盘价: 腾讯财经 15:00 真实收盘（非快照）
- 北向: hsgt 返回陈旧快照（hgt-9.28/sgt379.75 与昨日一致）→ 降级盘面监控
- 涨停池: 东财 push2ex（15:00 可用）| 行业板块: 东财 push2 clist（可用, 本地排序）
- ETF异动: 新浪 etf_hq_fund 全量 | 题材: 同花顺热点

执行结束: 2026-08-27 完整执行 ✅
============================================================
