========================================
盘中检查自动执行日志 (09:40 检查点)
========================================
日期: 2026-08-27
检查点: 09:40（09:35-09:50 窗口，开盘10分钟首次验证）
执行开始: 09:40:15 CST
执行结束: 09:42:00 CST
状态: 成功
前置检查:
  - 交易日: 是（2026-08-27 周四，非节假日）
  - 交易时段: 是（09:30-11:30）
  - 早盘分析完成: 是（09:20:51，reports/20260827/每日信号.md 存在，6条信号）
数据获取:
  - 市场快照: 成功（腾讯 qt.gtimg.cn：三大指数 + 5持仓 + 半导体/创业板ETF，含量比）
  - 涨跌停统计: 成功（东财 push2ex：涨停34/炸板2/跌停1，炸板率5.6%，最高6连板）
  - 板块扫描: 部分成功（push2 行业排名不可达 → fallback 同花顺热点题材频次 + 涨停行业分布推断）
  - 资金面: 部分成功（北向 hsgtApi 仅 09:44 快照 hgt+2.25亿/sgt 379.75 陈旧，降级盘面监控；主力资金流 push2his 不可达未获取）
信号验证:
  - 待执行 6 条 → 已触发 0 / 已过期 0 / 保持待执行 6
  - SIG-01(P0黄金减仓): 未触发（9.509 未破 9.20；主力流出数据缺失）
  - SIG-02(P0普跌否决): 未触发（跌停 1 家；下跌家数不可获取，指数微跌推断不成立）
  - SIG-03(P0半导体高开否决): 未触发（高开 +0.79% < 2% 阈值）
  - SIG-04(P1电网正T): 未触发（1.663 -1.19%，量比 7.78 放量下跌，未站 1.70）
  - SIG-05(P1半导体建仓): 未触发（量比 2.94✓ 但涨幅 +0.39% < 2%✗）
  - SIG-06(P1黄金反T): 未触发（未到 9.55 区间且量比 1.77 未缩量）
  - 75% 窗口过期检查: 无过期（SIG-02/03 窗口进度约 37%）
新信号扫描:
  - Tier 1: 无触发（北向陈旧无法判断逆转；无板块涨停>5；无止损触发；无突发消息；无V型反转）
  - Tier 2: 电网ETF(159326) 量比 7.78 > 3 触发"量比异常"，但放量下跌方向不利 → 不追加 P1 操作信号，仅风险提示
  - 新增 P1 操作信号: 0
报告更新: reports/20260827/每日信号.md（验证记录追加 6 行 + 盘中追加信号节更新）
错误: 无
警告:
  - push2 行业板块排名不可达（连接被拒）→ 板块判断基于涨停行业分布 + 同花顺热点频次推断
  - 北向资金 hsgtApi 返回 09:44 快照（sgt 379.75 为历史陈旧值）→ 降级盘面监控
  - push2his 不可达 → SIG-01 主力净流出、持续资金流入检测无法获取
  - 下跌家数不可获取（push2 不可达）→ SIG-02 以跌停家数 + 指数状态推断
========================================
========================================
盘中检查自动执行日志 (10:30 检查点)
========================================
日期: 2026-08-27
检查点: 10:30（10:25-10:40 窗口，上午趋势验证，重点：企稳条件+正T触发）
执行开始: 10:30:15 CST
执行结束: 10:33:30 CST
状态: 成功
前置检查:
  - 交易日: 是（2026-08-27 周四，非节假日）
  - 交易时段: 是（09:30-11:30）
  - 早盘分析完成: 是（09:20:51，reports/20260827/每日信号.md 存在，6条信号）
  - 检查点识别: 10:30（上一检查点 10:00 已于 10:02 完成）
数据获取:
  - 市场快照: 成功（腾讯 qt.gtimg.cn：三大指数 + 5持仓 + 半导体ETF，含量比）
  - 涨跌停统计: 成功（东财 push2ex：涨停56/炸板8/跌停2，炸板率12.5%，最高6连板；连板梯队1板40/2板8/3板5/4板1/5板1/6板1）
  - 板块扫描: 部分成功（push2 行业排名接口返回但排序字段缺失不可按涨跌排序 → 取可用行业数据：农林牧渔+1.74%/其他电子Ⅱ+2.0%领涨、电力/公用事业领跌 + 同花顺热点题材频次：半年报增长6/业绩增长5/低空经济2/光纤光缆2）
  - 资金面: 部分成功（北向 hsgtApi 返回空仍不可用 → 降级盘面监控；主力资金流：电网设备ETF 累计净流出-3.24亿，黄金/半导体ETF 资金流接口返回空）
信号验证:
  - 待执行 4 条（SIG-02/03 已于 10:00 过期）→ 已触发 1 / 已过期 0 / 保持待执行 3
  - SIG-01(P0黄金减仓): 未触发（9.512 -0.05% 量比0.95 缩量回落，未破 9.20，冲高回落+放量流出不成立；P0 全天窗口保持待执行）
  - SIG-04(P1电网正T): 未触发（1.669 -0.83%，10:30 窗口开启但主路径三条件缺二：远未站 1.70 + 量比3.8 放量下跌未企稳；主力净流出-3.24亿；1.63 支撑风险提示维持；午后 13:30 路径待验证）
  - SIG-05(P1半导体建仓): ✅ 已触发（1.038 +2.06% 量比1.92：量比>1.5✓ + 涨幅>2%✓ + 方向确认>30min✓，09:30 开1.025(+0.79%)持续走高全程未翻绿；三条件齐备 → 建仓评估 6,300份，目标+4%=1.058/止损-2%=0.997）
  - SIG-06(P1黄金反T): 未触发（9.512 未到 9.55-9.60 区间；量比0.95 已缩量；窗口 13:00-14:30 未到）
  - 75% 窗口过期检查: 无过期（SIG-01 P0 豁免全天窗口；SIG-04 窗口刚开启进度约2%；SIG-06 窗口未到）
新信号扫描:
  - Tier 1: 无触发（北向不可用无法判断逆转；无单板块涨停>5【最高种植业4家】；无持仓止损触发【电网1.63支撑未破】；无突发重大消息；无V型反转）
  - Tier 2: 电网ETF(159326) 量比 3.8 > 3 触发"量比异常"，主力净流出-3.24亿放量下跌方向不利 → 不追加 P1 操作信号，维持风险提示（1.63 支撑）；低空经济/商业航天/AI电源新标签属观察类不追加
  - 新增 P1 操作信号: 0（SIG-05 升级经既有信号通道，不重复追加）
报告更新: reports/20260827/每日信号.md（SIG-05 状态→已触发 + 触发记录 1 行 + 验证记录追加 4 行 + 盘中追加信号节更新）
错误: 无
警告:
  - 北向资金 hsgtApi 返回空（无当日快照）→ 降级盘面监控
  - 黄金ETF/半导体ETF 主力资金流接口返回空（push2 fflow）→ SIG-01 放量流出确认、SIG-05 资金佐证缺失，以量价条件判定
  - push2 行业排名无排序字段 → 板块排名不完整，结合同花顺热点 + 涨停行业分布交叉判断
========================================
========================================
盘中检查自动执行日志 (14:00 检查点)
========================================
日期: 2026-08-27
检查点: 14:00（13:55-14:10 窗口，尾盘前验证，重点：日内持仓调整窗口）
执行开始: 14:01:00 CST
执行结束: 14:03:00 CST
状态: 成功
前置检查:
  - 交易日: 是（2026-08-27 周四，非节假日）
  - 交易时段: 是（13:00-15:00）
  - 早盘分析完成: 是（09:20:51，reports/20260827/每日信号.md 存在，6条信号）
  - 检查点识别: 14:00（上一检查点 13:30 已于 13:33 完成）
数据获取:
  - 市场快照: 成功（腾讯 qt.gtimg.cn：三大指数 + 5持仓 + 半导体/科创50/有色/农业/创业板ETF，含量比）
  - 涨跌停统计: 成功（东财 push2ex：涨停68/炸板19/跌停3，炸板率21.8%，最高6连板；连板梯队1板52/2板8/3板5/4板1/5板1/6板1）
  - 板块扫描: 部分成功（push2 行业排名 clist 连接被拒 → fallback 涨停行业分布 + 同花顺热点题材频次：业绩增长8/中报增长5/半年报增长5/AI算力3/液冷2/存储芯片2/可控核聚变2/PCB2/低空经济2/光纤光缆2）
  - 资金面: 部分成功（北向 hsgtApi 仅 09:44 陈旧快照 hgt+2.25/sgt379.75 → 降级盘面监控；主力资金流 push2 fflow 连接被拒不可用；东财全球快讯获取成功——英伟达续催化：摩根大通上调目标价至320美元+集成电路利润同比+18.5倍+三星电机MLCC涨价）
信号验证:
  - 待执行 2 条（SIG-01/06）+ 已触发 1 条（SIG-04）+ 已执行 1 条（SIG-05）→ 本轮新增触发 0 / 新增过期 0
  - SIG-01(P0黄金减仓): 未触发（9.454 -0.66% 量比0.80 缩量回落，未破 9.20；冲高回落+放量流出不成立；全天窗口保持待执行，尾盘若加速破 9.20 则执行减仓）
  - SIG-04(P1电网正T): 已触发（13:32 @~1.684）——触发后跟踪：目标 1.717 全天未达（日内高仅 1.687），现价 1.684 回落至 T 仓止损线 1.683 附近=平手；⚠️ T 仓 1,975 份当日了结纪律：尾盘必须 T+0 平仓不隔夜，现价建议平仓落袋，用户操作待确认
  - SIG-05(P1半导体建仓): 已执行（1.044/6,100份）——执行后跟踪：现价 1.050 +3.24% 浮盈+0.57%；曾触高 1.061（超目标 1.058）回落；英伟达催化延续（摩根大通上调目标价至320美元+集成电路利润+18.5倍）主线未破；建议止损 0.997 保护，若尾盘再冲 1.058 止盈落袋，否则可持有过夜
  - SIG-06(P1黄金反T): 未触发（9.454 未反弹至 9.55-9.60 区间；量比 0.80 已缩量）；窗口 13:00-14:30 进度 67%（<75% 不强制过期）；反T 触发概率低，与 SIG-01 互斥（破 9.20 则反T 作废）
  - 75% 窗口过期检查: 无过期（SIG-06 进度 67%；SIG-01 P0 豁免全天窗口）
新信号扫描:
  - Tier 1: 无触发（北向不可用无法判断逆转；无单板块涨停>5【最高种植业/塑料/元件各4】；无持仓止损触发【黄金9.20未破/电网1.63未破】；无V型反转；突发消息无新重大利空——英伟达续催化属 SIG-05 已执行通道延续）
  - Tier 2: 无量比异常（电网2.04/黄金0.80/半导体1.17 均在正常区间）；行业排名+主力资金流接口不可用，"板块排名剧烈变化"与"持续资金流入"无法验证；MLCC涨价（三星电机调涨Q4报价）催化元件板块为盘中催化非新标签；关注列表：有色 1.963(+0.98%) 未回踩 1.90 不升级、农业 0.747(+1.63%) 突破 0.74+种植业涨停4只 两条件满足但量比 1.16 放量不足+14:00 尾盘新开仓时间窗过晚+早盘最低分板块(2.5分)，维持观察不追加
  - 新增 P1 操作信号: 0
报告更新: reports/20260827/每日信号.md（验证记录追加 4 行 + 盘中追加信号节更新 + 头部时间戳更新；信号总表无状态变更）
错误: 无
警告:
  - 北向资金 hsgtApi 仅返回 09:44 陈旧快照（sgt 379.75 为历史陈旧值）→ 降级盘面监控
  - push2 行业排名（clist）连接被拒（东财风控）→ 板块排名缺失，结合涨停行业分布 + 同花顺热点交叉判断
  - push2 主力资金流（fflow）连接被拒 → SIG-01 放量流出确认、持续资金流入检测无法获取，以量价条件判定
========================================
