========================================
早盘分析自动执行日志
========================================
日期: 2026-08-27
执行开始: 09:07:30 CST
执行结束: 09:20:00 CST
状态: 成功
Staging文件: 存在（1.3d 校验 action=use，执行日 2026-08-27）
数据获取:
  - 海外市场: 成功（腾讯海外指数 6 项 + WebSearch 补充：美股/费半/日韩/A50/黄金/原油/铜/PCE/GDP/英伟达财报）
  - A股催化剂: 成功（同花顺热点 8/26 题材 + 腾讯日K板块涨跌幅自算 + 北向降级）
  - 资金面与情绪: 部分成功（涨停/炸板/跌停池 push2ex 成功；两融 datacenter 成功；个股资金流 push2his 不可达未获取；北向实时接口不可用降级盘面监控）
  - 事件日历: 成功（7月规上工业企业利润 9:30 / 杰克逊霍尔年会 / 解禁 35.26亿 / 长存IPO受理 / 半年报高峰）
信号生成: 6 条 (P0: 3 P1: 3)
报告产出: 早盘报告.md, 每日信号.md
错误: 无
警告:
  - push2/push2his API 不可达 → 板块排名基于腾讯日K自算 + 同花顺热点频次；资金流未获取精确值
  - 北向资金数据异常（实时接口盘前不可用，缓存仅 1 天旧数据）→ 降级盘面监控，用涨跌家数/量能替代
  - mootdx TCP K线返回 0 条 → 改用腾讯日K fallback（fqkline）成功
  - 1.3c staging 持仓校验因表格解析误判提示差异（做T表/板块表行被误判），实际持仓表与 config/持仓.md 一致，持仓数据已按 config 权威覆写
  - CNH 离岸人民币腾讯海外代码未返回 → 标注数据缺失
========================================
