========================================
盘中检查自动执行日志（11:00 检查点）
========================================
日期: 2026-09-09
检查点: 11:00（午前最后一次，重点：上午总结+午后预判）
执行开始: 11:01 CST
执行结束: 11:13 CST
状态: 成功
数据时点: 11:01-11:06 CST

【第零步】持仓校验: 持仓文件存在（my_doc/每日复盘/harness/config/持仓.md）✓
【第一步】前置检查:
  - 交易日: 2026-09-09 周三 ✓（在交易时段 11:01）
  - 早盘分析完成性: 每日信号.md 存在（reports/20260909/每日信号.md）✓
  - 检查点识别: 11:01 → 11:00 检查点 ✓
  - task_state 幂等: intraday_1100 槽位原为 not_yet（但含预置伪造 note，见警告），已用实测数据覆写为 completed
【第二步】数据收集（三路并行，数据时点 11:01-11:06）:
  - 市场快照: 上证 3955.54(+0.38%) / 深证 13714.87(+0.09%) / 创业板 3352.96(-0.20% 转绿) / 科创50 1583.10(-0.50% 走弱加深)
    持仓: 宁波银行 34.79(+0.38%) / 航空航天ETF 1.063(+1.72% 量比2.35) / 电网设备ETF 1.667(+1.34% 量比2.18) /
    黄金ETF 8.994(-0.59% 量比0.81 缩量) / 工行 8.00(+0.76% 量比0.84 反弹至触发区上沿)
    信号标的: 半导体ETF 0.984(-0.40% 量比1.03 低0.982 距证伪线仅+0.2%) / 通信ETF 0.68(+1.34% 量比1.53) /
    农业ETF 0.786(-0.25% 量比1.98) / 银行ETF 512800 0.841(+0.24% SIG-02证伪参考)
  - 北向资金: ⚠️ 断供（hsgt 09:44 陈旧快照 hgt=+2.25/sgt=379.75，非当日实时，BUG-017 连续第8交易日）
  - 板块扫描: ⚠️ 东财 push2 直连 11:05 间歇恢复（此前连续 8 交易日不可达，BUG-017）——行业 100 个直取成功
    （TOP: 煤炭 +3.70% 涨33跌1 / 航运港口 +3.11% 涨36跌1 / 元件 +2.65% 涨55跌12；通信设备 +0.83% 涨53跌37 从10:30的+1.39%回落；
    农化制品/种植业未单独列出需以涨停分布辅助）；
    同花顺热榜正常（农业霸榜延续：金健米业#1(-2.43%)/亚盛集团#2(+6.25%)/中粮糖业#3(+5.18%)/中京电子#4(CPO)/金正大#8(化肥 +9.88%)/
    百大集团#9(5板)/赤天化#14(化肥)/中际旭创#15(CPO)）；
    涨停 41/炸板 27(39.7% 较10:30的31.7%恶化)/跌停 5，最高 5 板（百大集团），连板梯队 1板27/2板10/3板3/5板1；
    昨涨停 73 只今仍涨停 13 只，晋级率 17.8%（较10:30的20.4%回落）；
    涨停行业: 农产品加4/一般零售3/航运港口3/农化制品2/通信设备2/汽车零部2/种植业2/化学制品2/非白酒2/煤炭开采2/电网设备2/通用设备2
  - 突发消息（东财全球资讯）: 煤炭板块活跃（云煤能源2连板 11:06）/国台办农渔政策（温和）/PCB奥士康涨停/光博会算力产业链回暖——无事件级重大突发
【第二步半】经验注入（OpenViking 检索命中）:
  - 10:30 企稳确认（建仓/做T须叠加：放量+价格不再创新低，缺一不可）→ SIG-03 半导体 0.984 量比 1.03 缩量回落至 0.98 证伪线附近
    （低 0.982 距线仅 +0.2%），放量条件未满足 + 科创50 -0.50% 走弱 → 未触发，破 0.98 即放弃
  - 涨停潮建仓默认评估仓（≤可用×1/4）+ 建仓时点选回踩确认 + 所属主线不弱化联防（REQ-003）→ SIG-04/05 触发后用评估仓；农业主线联防（主线未弱化，可评估）
  - P0 执行纪律（REQ-007）：触发即显性化 + 持续追踪 + 14:45 截止问责；工行 8.00 触发区上沿正是锁利窗口，条件单辅助话术已输出
  - 系统性普跌不做T（今日指数分化非普跌 → 不触发；创业板/科创50 走弱但上证/深证红盘）
【第三步】信号触发条件验证（验证前排序: P0高紧急优先）:
  - 75%窗口检查: SIG-01/02 P0 豁免；SIG-03 窗口 10:30 后已开（~25%）；SIG-04/05 窗口 10:30-14:30（~12.5%）→ 无过期
  - SIG-01 黄金ETF P0: 🚨 已触发维持（8.994 -0.59% 量比0.81 缩量，高 9.005 曾触 9.0 但现价仍破防线，开8.97 低8.97 全天未放量站稳，
    证伪需站回 9.10 上方未满足）→ 第3次告警，14:45 截止前必须响应
  - SIG-02 工行 P0: 🚨 已触发维持（8.00 +0.76% 反弹至触发区上沿，开7.91 高8.00 低7.88，证伪未满足：银行ETF 512800 +0.24%<+0.8%
    未放量站稳8.02）→ 第3次告警，8.00 正是执行减 1/3（500份）锁利的好位置，连续第4日窗口不拖
  - SIG-03 半导体 P1: 待执行（窗口 10:30 后已开；0.984 -0.40% 量比1.03 缩量回落，低 0.982 距 0.98 证伪线仅 +0.2%，
    科创50 -0.50% 科技走弱 + 创业板 -0.20% 转绿）→ 未触发（放量不足+科技走弱），破 0.98 即放弃，13:30 复核
  - SIG-04 通信 P1: 待执行（窗口 10:30-14:30 已开；0.68 +1.34% 量比1.53 放量站稳 0.68 ✓，但通信设备板块 +0.83%(push2直连)<+2% ✗，
    从 10:30 的 +1.39% 回落）→ 未触发（板块未达+2%且回落），13:30 复核
  - SIG-05 农业 P1: 待执行（窗口 10:30-14:30 已开；0.786 -0.25% 量比1.98 未站稳 0.79 ✗，农化2+种植业2=4<5 ✗；
    未证伪 0.786>0.775；农业主线仍强热榜霸榜）→ 未触发，13:30 复核放量站稳0.79 则触发
【第四步】盘中新信号扫描（三级阈值）: Tier 3 → 当前无新增信号机会
  - Tier 1: 北向断供不可用（09:44 陈旧快照）；单板块涨停无>5（农产品加4 居首）；持仓无止损（黄金为 P0 防线非止损位）；
    无重大突发（煤炭活跃为板块轮动非事件级）；无 V反三信号（创业板 -0.20% 温和回落）
  - Tier 2: 板块排名剧烈变化（煤炭 +3.70% 跃居行业第一，云煤能源2连板——关注列表升级线 +3% 达标，见下）；量比异常
    （持仓均<3：航空航天2.35/电网2.18/农业1.98，无 >3 或 <0.3）；持续资金流入（fflow 断连不可验证）；
    无新题材（农业/化肥/煤炭/CPO 延续）；关联品种异动（商品续涨确认弱：石油石化 +0.49%/基础化工 +0.12%/有色ETF 512400 +0.55%）
  - 关注列表升级评估：煤炭/化工（板块 +3.70% > +3% 达标，但升级条件需"商品续涨"确认——石油石化/基础化工/有色ETF 均温和未确认
    商品普涨延续 → 升级条件未完全满足，不追加信号，13:30 复核煤炭能否带动商品共振）；
    光通信/CPO（SIG-04 覆盖，通信设备 +0.83%<+2% 回落继续观察）；种植业/农业（SIG-05 覆盖，0.786 未站稳 0.79 继续观察）
【第五步】更新信号文件: 已完成
  - 信号总表: SIG-01/02 维持已触发🚨（未执行）；SIG-03/04/05 维持待执行（窗口已开但未触发）
  - 信号触发记录: 无新增（SIG-01/02 已于 09:30 触发并记录，本检查点无新触发）
  - P0 执行追踪: 追加 2 行（SIG-01/02 11:00 检查点 第3次告警）+ 条件单建议更新（SIG-02 工行 8.00 触发区上沿锁利窗口，14:45 截止有效）
  - 盘中验证记录: 追加 5 行（SIG-01/02/03/04/05 11:05 数据）
  - 盘中追加信号: 无（Tier 3；煤炭关注列表升级条件未完全满足，不追加）
【第六步】盘中摘要: 已输出（见聊天）
【第六步半】经验反思: 跳过（T2 无冲突——SIG-03 缩量回落至证伪线验证"企稳确认需放量"经验；SIG-04 通信设备 +1.39%→+0.83% 回落验证
  "板块强度回落信号条件需严格"；SIG-05 农业涨停 4<5 验证"涨停潮建仓需站升级线"；无 T1 强新规律）
【第七步】task_state 更新: intraday_1100 → completed（含结构化字段 + 实测数据 note，覆写预置伪造 note）
错误: 无
警告:
  - 北向资金断供（hsgt 09:44 陈旧快照，连续 ≥8 交易日，BUG-017）
  - push2 直连 11:05 间歇恢复（此前连续 8 交易日不可达，BUG-017）——本次行业排名直取成功（100 行业），仍需持续监控；
    若午后再次不可达则继续使用 push2delay 镜像
  - 🚨 数据完整性警告: task_state.json 中 tasks.intraday_1100 槽位预置了含"未来时点"的伪造 note（且称 SIG-05 为电网、SIG-06-盘中
    农化涨停潮6只，与实测不符——实测 SIG-05 为农业、农化涨停仅2只、无 SIG-06），已识别为不可信数据并用实测数据覆写。
    另注意到 tasks.intraday_1330/1400/1430 槽位同样预置伪造 note（含未来数据），将由后续真实检查覆写，建议人工核查清理。
  - SIG-01/SIG-02 两条 P0 已触发未执行（第3次告警），14:45 截止前必须执行或显式放弃（REQ-007 零容忍）
  - SIG-02 工行为连续第 4 日 P0 执行窗口（9/2→9/7→9/8→9/9），今日 8.00 反弹至触发区上沿正是锁利窗口，若再缺失 →
    P0 执行率连续 2 日 <100% 触发 P1 告警
========================================
