========================================
盘中检查自动执行日志（10:00 检查点）
========================================
日期: 2026-09-09
检查点: 10:00（开盘30分钟趋势确认，重点：方向确立+加仓窗口）
执行开始: 10:02:00 CST
执行结束: 10:06:00 CST
状态: 成功
数据时点: 10:05-10:06 CST

【第零步】持仓校验: 持仓文件存在（my_doc/每日复盘/harness/config/持仓.md, 508 bytes）✓
【第一步】前置检查:
  - 交易日: 2026-09-09 周三 ✓（在交易时段 10:05）
  - 早盘分析完成性: 每日信号.md 存在（reports/20260909/每日信号.md）✓
  - 检查点识别: 10:05 → 10:00 检查点 ✓
【第二步】数据收集（三路并行，数据时点 10:05）:
  - 市场快照: 上证 3950.07(+0.24%) / 深证 13765.05(+0.45%) / 创业板 3375.40(+0.47%) / 科创50 1593.55(+0.16%) / 沪深300 4573.27(+0.32%)
    持仓: 宁波银行 34.69(+0.09%) / 航空航天ETF 1.047(+0.19%) / 电网设备ETF 1.669(+1.46% 量比3.93) /
    黄金ETF 8.98(-0.74% 量比1.12) / 工行 7.94(0.00% 量比1.22)
    信号标的: 半导体ETF 0.993(+0.51% 量比1.72) / 通信ETF 0.684(+1.94% 量比2.81) / 农业ETF 0.788(0.00% 量比3.57)
  - 北向资金: ⚠️ 断供（hsgt 返回 262 时间点但末位 15:00 为全市场陈旧快照 hgt=-9.28/sgt=379.75，与早盘陈旧值一致，非当日实时，BUG-017 连续第8交易日）
  - 板块扫描: 东财行业板块 RemoteDisconnected（push2 不可达，BUG-017 复现）；同花顺热榜正常（农业/化肥霸榜：金健米业#1/中粮糖业#2/亚盛集团#3/金正大#9+9.88%3板）；
    涨停 34/炸板 16(32.0%)/跌停 4，最高 5 板（百大集团），连板梯队 1板20/2板10/3板3/5板1；
    涨停行业: 农产品加4/一般零售3/农化制品2/家居用品2/通信设备2/化学原料2/非白酒2；热门概念词频 CPO 12/光纤 10/化肥 6/粮食概念 5
【第二步半】经验注入（OpenViking 检索命中）:
  - 开盘30分钟不操作（铁律，9:30-10:00 已过窗口，P0 风控豁免）✓ 本检查点已进入方向确认期
  - 系统性普跌不做T（今日指数全红非普跌 → 不触发）
  - 做T/建仓触发叠加"10:30后企稳确认"（放量+不创新低）→ SIG-03 半导体 10:30 复核
  - 正T硬门槛（弱市保护）→ 电网设备 1.669<1.70 硬门槛未站，不追（与09:40判断一致）
  - 涨停潮建仓默认评估仓（≤可用×1/4）→ SIG-05 农业触发后用 ≤9,400 元
  - 黄金破位即减不拖（9/2教训）→ SIG-01 维持减仓建议
  - 板块涨停潮须叠加"所属主线不弱化"联防（REQ-003）→ 农业主线未弱化但涨停数未达5
【第三步】信号触发条件验证（验证前排序: P0高紧急优先）:
  - 75%窗口检查: SIG-01/02 P0 豁免；SIG-03 窗口未开（10:30后）；SIG-04/05 窗口未开（10:30-14:30）→ 无过期
  - SIG-01 黄金ETF P0: 🚨 已触发维持（8.98 仍破 9.0 防线，开8.97 高8.995 低8.97 未站回；COMEX 金 -1.17% 映射延续）→ 第1次告警，14:45 截止前必须响应
  - SIG-02 工行 P0: 🚨 已触发维持（7.94 在 7.85-8.00 触发区，证伪未满足：工行平盘，需银行ETF>+0.8%/放量站稳8.02）→ 第1次告警，连续第4日执行窗口
  - SIG-03 半导体 P1: 待执行（窗口 10:30后 未到；0.993 +0.51% 企稳 0.98-0.99 上沿，未破 0.98 证伪线；科创50 +0.16% 普跌否决未触发）→ 10:30 复核
  - SIG-04 通信 P1: 待执行（窗口 10:30-14:30 未到；0.684 +1.94% 放量站稳 0.68，但通信设备涨停回落至 2 只，板块>+2% 待 10:30 复核）
  - SIG-05 农业 P1: 待执行（窗口 10:30-14:30 未到；0.788 未站稳 0.79，农化涨停 2<5；未证伪 0.788>0.775；农业主线强热榜霸榜）→ 10:30 复核放量站稳0.79 则触发
【第四步】盘中新信号扫描（三级阈值）: Tier 3 → 当前无新增信号机会
  - Tier 1: 北向断供不可用（陈旧快照）；单板块涨停无>5（农产品加4/一般零售3/农化2/通信设备2）；持仓无止损（黄金为 P0 防线非止损位）；无突发重大消息；无 V反三信号
  - Tier 2: 电网设备 159326 量比3.93>3 但现价 1.669 未站 1.70 硬门槛（持仓观察不追加）；农业 159825 量比3.57>3 已被 SIG-05 覆盖；
    板块排名剧烈变化不可验证（push2 不可达，热榜显示农业/化肥延续无突变）；fflow 断连不可验证持续流入；无新题材（CPO/光通信为 SIG-04 已覆盖逻辑）；无关联异动
  - 关注列表升级条件均未触发（农业/通信已被 SIG-05/04 覆盖；煤炭化工未达 +3% 升级线）
【第五步】更新信号文件: 已完成
  - 信号总表: SIG-01/02 维持已触发🚨（未执行）；SIG-03/04/05 维持待执行（窗口未开）
  - 信号触发记录: 无新增（SIG-01/02 已于 09:30 触发并记录，本检查点无新触发）
  - P0 执行追踪: 追加 2 行（SIG-01/02 10:00 检查点 第1次告警）+ 条件单建议更新（现价 8.98/7.94，14:45 截止有效）
  - 盘中验证记录: 追加 5 行（全部监控中信号 10:05 数据）
  - 盘中追加信号: 无（Tier 3）
【第六步】盘中摘要: 已输出（见聊天）
【第六步半】经验反思: 跳过（T2 无冲突——农业放量横盘 0.788 与"涨停潮建仓需站升级线"经验一致；黄金破位验证"破位即减"；通信涨停数回落与"涨停潮持续需复核"一致；无 T1 强新规律）
【第七步】task_state 更新: intraday_1000 → completed（含结构化字段 + 实测数据 note）
错误: 无
警告:
  - 北向资金断供（hsgt 15:00 陈旧快照，连续 ≥8 交易日，BUG-017）
  - push2/push2his 不可达（BUG-017，东财行业板块排名降级为腾讯+同花顺综合）
  - 🚨 数据完整性警告: task_state.json 中 tasks.intraday_1000~1430 槽位预置了含"未来时点"的伪造 note（文件 mtime 09:50 却含 10:04-14:38 数据，且与实测行情不符如称 SIG-05 为电网），已识别为不可信数据。本检查点已用实测数据覆写 intraday_1000；其余槽位后续真实检查会覆写，建议人工核查清理。
  - SIG-01/SIG-02 两条 P0 已触发未执行（第1次告警），14:45 截止前必须执行或显式放弃（REQ-007 零容忍）
  - SIG-02 工行为连续第 4 日 P0 执行窗口（9/2→9/7→9/8→9/9），若今日再缺失 → P0 执行率连续 2 日 <100% 触发 P1 告警
========================================
