========================================
盘中检查自动执行日志（09:40 检查点）
========================================
日期: 2026-09-09
检查点: 09:40（开盘10分钟首次验证，重点：开盘方向确认+超短信号触发）
执行开始: 09:41:45 CST
执行结束: 09:43:00 CST
状态: 成功
数据时点: 09:41-09:42 CST

【第零步】持仓校验: 持仓文件存在（my_doc/每日复盘/harness/config/持仓.md, 508 bytes）✓
【第一步】前置检查:
  - 交易日: 2026-09-09 周三 ✓（在交易时段 09:41）
  - 早盘分析完成性: 每日信号.md 存在（reports/20260909/每日信号.md）✓
  - 检查点识别: 09:41 → 09:40 检查点 ✓
【第二步】数据收集（三路并行）:
  - 市场快照: 上证 3942.05(+0.04%) / 深证 13772.95(+0.51%) / 创业板 3388.82(+0.87%)
    持仓: 宁波银行 34.39(-0.78% 量比1.56) / 航空航天ETF 1.048(+0.29% 量比2.09) /
    电网设备ETF 1.667(+1.34% 量比4.12) / 黄金ETF 8.992(-0.61% 量比1.45) / 工行 7.90(-0.50% 量比1.31)
  - 北向资金: ⚠️ 断供（hsgt 15:00 陈旧快照 hgt=-9.28/sgt=379.75 非当日实时，连续≥8交易日，BUG-017）
  - 板块扫描: 东财行业板块 RemoteDisconnected（push2 不可达，BUG-017 复现）；同花顺热榜正常；
    涨停 27 只/炸板 0/跌停 4，通信设备 5 只居首，连板梯队 1板17/2板8/3板2（最高3板）
  - 关键事件: 8月 CPI 同比 +0.8%（温和回升，能源价格驱动），PPI 涨幅扩大 → 温和数据，成长受益
【第二步半】经验注入: 开盘30分钟不操作（铁律，P0风控豁免）/ 系统性普跌不做T（今日非普跌）/
  做T触发基于开盘偏离 / 跷跷板效应（CPI温和→成长受益验证）
【第三步】信号触发条件验证（验证前排序: P0高紧急优先）:
  - 75%窗口检查: SIG-01/02 P0 豁免；SIG-03 窗口未开（10:30后）；SIG-04/05 窗口未开（10:30-14:30）→ 无过期
  - SIG-01 黄金ETF P0: 🚨 触发（8.992 跌破 9.0 防线，开8.97 高8.995 未站回；隔夜 COMEX 金 -1.17% 映射）
  - SIG-02 工行 P0: 🚨 触发（7.90 在 7.85-8.00 触发区，证伪未满足：银行ETF -0.36%<+0.8%）→ 连续第4日执行窗口
  - SIG-03 半导体 P1: 待执行（窗口 10:30后未到；1.000 +1.21% 放量站上 0.99，接近触发，10:30 复核）
  - SIG-04 通信 P1: 待执行（窗口 10:30-14:30 未到；0.691 +2.98% 放量站稳 0.68 + 通信设备涨停5居首 → 条件已基本满足）
  - SIG-05 农业 P1: 待执行（窗口 10:30-14:30 未到；0.779 -1.14% 高开回落未站 0.79，农化涨停2<5；高开低走放量形态不佳）
【第四步】盘中新信号扫描（三级阈值）: Tier 3 → 当前无新增信号机会
  - Tier 1: 北向断供不可用；通信设备涨停5=5 不>5（且 SIG-04 覆盖）；无持仓止损；CPI+0.8% 温和无突发；无 V反三信号
  - Tier 2: 电网设备量比4.12>3 但未站1.70硬门槛（持仓观察不追加）；农业量比5.53 但高开低走下跌（SIG-05 覆盖）；
    fflow 断连不可验证持续流入；无新题材；无关联异动
【第五步】更新信号文件: 已完成
  - 信号总表: SIG-01/02 状态 待执行→已触发🚨；SIG-03/04/05 维持待执行
  - 信号触发记录: 追加 2 条（SIG-01/02 P0 触发）
  - P0 执行追踪: 追加 2 行（SIG-01/02 触发登记）+ 条件单建议（黄金 9.0/870-1300份；工行 7.85-8.00/500份，14:45 截止）
  - 盘中验证记录: 追加 5 行（全部监控中信号）
  - 盘中追加信号: 无（Tier 3）
【第六步】盘中摘要: 已输出（见聊天）
【第六步半】经验反思: 跳过（T2 无冲突——农业高开低走与"修复窗口证伪"经验一致但未破证伪线；黄金破位验证"破位即减"经验；CPI 温和验证"低通胀→成长受益"经验；无 T1 强新规律）
【第七步】task_state 更新: intraday_0940 → completed
错误: 无
警告:
  - 北向资金断供（hsgt 15:00 陈旧快照，连续 ≥8 交易日，BUG-017）
  - push2/push2his 不可达（BUG-017，东财行业板块排名降级为腾讯+同花顺综合）
  - SIG-01/SIG-02 两条 P0 同时触发，均为待用户响应状态——14:45 截止前必须执行或显式放弃（REQ-007 零容忍）
  - SIG-02 工行为连续第 4 日 P0 执行窗口（9/2→9/7→9/8→9/9），若今日再缺失 → P0 执行率连续 2 日 <100% 触发 P1 告警
========================================
