========================================
盘中检查自动执行日志（10:30 检查点）
========================================
日期: 2026-09-09
检查点: 10:30（上午趋势验证，重点：企稳条件+正T触发）
执行开始: 10:31 CST
执行结束: 10:38 CST
状态: 成功
数据时点: 10:31-10:35 CST

【第零步】持仓校验: 持仓文件存在（my_doc/每日复盘/harness/config/持仓.md）✓
【第一步】前置检查:
  - 交易日: 2026-09-09 周三 ✓（在交易时段 10:31）
  - 早盘分析完成性: 每日信号.md 存在（reports/20260909/每日信号.md）✓
  - 检查点识别: 10:31 → 10:30 检查点 ✓
  - task_state 幂等: intraday_1030 槽位原为 not_yet（但含预置伪造 note，见警告），已用实测数据覆写
【第二步】数据收集（三路并行，数据时点 10:31-10:35）:
  - 市场快照: 上证 3950.35(+0.25%) / 深证 13746.08(+0.31%) / 创业板 3369.27(+0.28%) / 科创50 1590.64(-0.02%)
    持仓: 宁波银行 34.83(+0.49%) / 航空航天ETF 1.06(+1.44% 量比1.90) / 电网设备ETF 1.669(+1.46% 量比2.65) /
    黄金ETF 8.975(-0.80% 量比0.86) / 工行 7.96(+0.25% 量比0.94)
    信号标的: 半导体ETF 0.99(+0.20% 量比1.21) / 通信ETF 0.684(+1.94% 量比1.92) / 农业ETF 0.786(-0.25% 量比2.69)
  - 北向资金: ⚠️ 断供（hsgt 15:00 陈旧快照 hgt=-9.28/sgt=379.75，非当日实时，BUG-017 连续第8交易日）
  - 板块扫描: 东财 push2 clist RemoteDisconnected（BUG-017 复现）→ push2delay 镜像可达（通信设备 +1.39% 涨65跌24）；
    同花顺热榜正常（农业/粮食延续霸榜：金健米业#1(-3.5%)/中粮糖业#2(+7%)/亚盛集团#3(+7.6% 5天4板)/中京电子#4(CPO)/金正大#8(化肥 3板)/中百集团#10(免税 3板)）；
    涨停 41/炸板 19(31.7%)/跌停 4，最高 5 板（百大集团），连板梯队 1板27/2板10/3板3/5板1；
    涨停行业: 农产品加4/一般零售3/农化制品2/通信设备2/种植业2/化学原料2/非白酒2/航运港口2/电网设备2/通用设备2/元件2
【第二步半】经验注入（OpenViking 检索命中）:
  - 10:30 企稳确认（建仓/做T须叠加：放量+价格不再创新低，缺一不可）→ SIG-03 半导体 0.99 量比 1.21 缩量回落，放量条件未满足 → 未触发
  - 涨停潮建仓默认评估仓（≤可用×1/4）+ 建仓时点选回踩确认 + 所属主线不弱化联防（REQ-003）→ SIG-04/05 触发后用评估仓；农业主线联防（主线未弱化，可评估）
  - 震荡修复日三条件（量能≥1.0/广度涨>跌/炸板率回落）：指数全红但炸板率 31.7% 偏高，修复确认存疑，P1 建仓保持谨慎
  - 系统性普跌不做T（今日指数全红非普跌 → 不触发）
【第三步】信号触发条件验证（验证前排序: P0高紧急优先）:
  - 75%窗口检查: SIG-01/02 P0 豁免；SIG-03 窗口 10:30 刚开（~2%）；SIG-04/05 窗口 10:30-14:30 刚开（~2%）→ 无过期
  - SIG-01 黄金ETF P0: 🚨 已触发维持（8.975 量比0.86 缩量仍破 9.0 防线，开8.97 高8.995 低8.97 未站回）→ 第2次告警，14:45 截止前必须响应
  - SIG-02 工行 P0: 🚨 已触发维持（7.96 +0.25% 触发区上沿，证伪未满足：银行ETF 512800 +0.24%<+0.8% 未放量站稳8.02）→ 第2次告警，连续第4日执行窗口
  - SIG-03 半导体 P1: 待执行（窗口 10:30 已开；0.99 企稳区上沿但量比 1.21 较 10:00 的 1.72 回落 = 缩量企稳非放量站稳；未破 0.98 证伪线；科创50 平盘普跌否决未触发）→ 未触发（放量不足），午后复核
  - SIG-04 通信 P1: 待执行（窗口 10:30 已开；0.684 +1.94% 放量站稳 0.68 ✓，但通信设备板块 +1.39%(push2delay)<+2% ✗）→ 未触发（板块未达+2%），13:30 复核
  - SIG-05 农业 P1: 待执行（窗口 10:30 已开；0.786 -0.25% 未站稳 0.79 ✗，农化2+种植业2=4<5 ✗；未证伪 0.786>0.775；农业主线强热榜霸榜）→ 未触发，13:30 复核放量站稳0.79 则触发
【第四步】盘中新信号扫描（三级阈值）: Tier 3 → 当前无新增信号机会
  - Tier 1: 北向断供不可用（陈旧快照）；单板块涨停无>5（农产品加4/一般零售3/农化2/通信设备2/种植业2）；持仓无止损（黄金为 P0 防线非止损位）；无突发重大消息；无 V反三信号
  - Tier 2: 电网设备 159326 量比2.65<3 回落（较 10:00 的 3.93）且现价 1.669 未站 1.70 硬门槛（持仓观察不追加）；农业 159825 量比2.69<3 已被 SIG-05 覆盖；
    板块排名剧烈变化不可精确验证（push2 不可达，push2delay 通信设备+1.39% 未达 >50 位跃升，热榜农业延续无突变）；fflow 断连不可验证持续流入；
    无新题材（农业/化肥/CPO 延续，CPO 为 SIG-04 已覆盖的光博会逻辑）；无关联异动
  - 关注列表升级条件均未触发：光通信/CPO（放量站稳0.68 ✓ 但通信设备+1.39%<+2% ✗，SIG-04 覆盖继续观察）；
    种植业/农业（0.786 未站稳0.79 ✗ 且 农化+种植业涨停4<5 ✗，SIG-05 覆盖继续观察）；煤炭/化工（未达 +3% 升级线）
【第五步】更新信号文件: 已完成
  - 信号总表: SIG-01/02 维持已触发🚨（未执行）；SIG-03/04/05 维持待执行（窗口已开但未触发）
  - 信号触发记录: 无新增（SIG-01/02 已于 09:30 触发并记录，本检查点无新触发）
  - P0 执行追踪: 追加 2 行（SIG-01/02 10:30 检查点 第2次告警）+ 条件单建议更新（现价 8.975/7.96，14:45 截止有效）
  - 盘中验证记录: 追加 5 行（SIG-01/02/03/04/05 10:35 数据）
  - 盘中追加信号: 无（Tier 3）
【第六步】盘中摘要: 已输出（见聊天）
【第六步半】经验反思: 跳过（T2 无冲突——SIG-03 缩量企稳 0.99 验证"10:30企稳确认需放量"经验；SIG-04 通信设备+1.39%<+2% 验证"涨停潮持续需复核"；SIG-05 农业涨停4<5 验证"涨停潮建仓需站升级线"；无 T1 强新规律）
【第七步】task_state 更新: intraday_1030 → completed（含结构化字段 + 实测数据 note，覆写预置伪造 note）
错误: 无
警告:
  - 北向资金断供（hsgt 15:00 陈旧快照，连续 ≥8 交易日，BUG-017）
  - push2/push2his 不可达（BUG-017，东财行业板块排名降级为 push2delay 镜像 + 腾讯 + 同花顺综合）
  - 🚨 数据完整性警告: task_state.json 中 tasks.intraday_1030 槽位预置了含"未来时点"的伪造 note（且称 SIG-05 为电网，与实测农业不符），已识别为不可信数据并用实测数据覆写。intraday_1100/1330/1400/1430 槽位仍含预置伪造 note，后续真实检查会覆写，建议人工核查清理。
  - SIG-01/SIG-02 两条 P0 已触发未执行（第2次告警），14:45 截止前必须执行或显式放弃（REQ-007 零容忍）
  - SIG-02 工行为连续第 4 日 P0 执行窗口（9/2→9/7→9/8→9/9），若今日再缺失 → P0 执行率连续 2 日 <100% 触发 P1 告警
========================================
