========================================
盘中检查自动执行日志（14:30 检查点 — 最后盘中检查点）
========================================
日期: 2026-09-09
检查点: 14:30（收盘前检查，重点：隔夜风险评估+止损触发强制执行+14:45 P0 截止最终复核）
执行开始: 14:31 CST
执行结束: 14:33 CST
状态: 成功
数据时点: 14:31 CST

【第零步】持仓校验: 持仓文件存在（my_doc/每日复盘/harness/config/持仓.md）✓
  持仓: 宁波002142 400份(33.563) / 航空159227 1400份(2.731) / 电网159326 7900份(1.973) / 黄金518880 2600份(9.056) / 工行601398 1500份(7.783); 可用 37629元
【第一步】前置检查:
  - 交易日: 2026-09-09 周三 ✓（在交易时段 14:30）
  - 早盘分析完成性: 每日信号.md 存在（reports/20260909/每日信号.md）✓
  - 检查点识别: 14:31 → 14:30 检查点（14:25-14:40 窗口，**最后盘中检查点**）✓
  - task_state 幂等: intraday_1430 槽位原为 not_yet（含预置伪造 note 占位，已在 14:00 检查清理），本次用实测数据覆写为 completed
【第二步】数据收集（三路并行，数据时点 14:31）:
  - 市场快照: 上证 3956.06(+0.39%) / 深证 13737.31(+0.25%) / 创业板 3361.53(+0.05%) / 科创50 1583.61(-0.46%)
    形态: 三大指数全红/平——上证较14:00的+0.22%走强至+0.39%，深证从+0.04%走强至+0.25%，创业板从-0.17%转正至+0.05%，科创50从-0.64%收窄至-0.46%——午后修复延续、尾盘平稳，无系统性普跌
    持仓: 宁波银行 34.67(+0.03% 量比0.65) / 航空航天ETF 1.062(+1.63% 量比1.40) / 电网设备ETF 1.675(+1.82% 量比1.41) /
    黄金ETF 9.042(-0.06% 量比0.72 缩量 站回9.0上方) / 工行 8.01(+0.88% 量比0.68 突破8.00触发区上沿)
    信号标的: 半导体ETF 0.985(-0.30% SIG-03已取消) / 通信ETF 0.678(+1.04% SIG-04已过期) /
    农业ETF 0.784(-0.51% SIG-05已过期) / 银行ETF 512800 0.842(+0.36% SIG-02证伪参考) / 有色ETF 512400 1.853(+1.76% XD)
  - 北向资金: ⚠️ 断供（hsgt 15:00 陈旧快照 hgt=-9.28/sgt空，非当日实时，BUG-017 连续第8交易日）
  - 板块扫描: ⚠️ push2 直连不可达，改用 push2delay 镜像成功（100 行业直取）
    （按涨跌幅排序 TOP: 煤炭 +3.32% 涨31跌3（从14:00的+3.16%延续走强，维持+3%升级线上方）/ 航运港口 +2.78% 涨36跌1 /
    元件 +2.16% 涨50跌17 / 贵金属 +2.09% 涨11跌2（现货金站上4400带动延续）/ 国防军工 +1.24% 涨101跌38 /
    有色金属 +1.11% / 小金属 +1.04% / 电力 +1.03% / 橡胶 +0.93% / 公用事业 +0.83%；
    通信设备（SIG-04 全天未达+2%，ETF 0.678<0.68）；农化制品（农化2+种植业2=4<5）；电网设备 +1.03% 涨88跌19；
    BOTTOM: 数字媒体 -2.90% / 传媒 -3.13% / 电视广播Ⅱ -3.22% / 游戏Ⅱ -3.28% / 出版 -4.30% 传媒板块持续大幅走弱）；
    同花顺热榜正常（农业/粮食霸榜延续 + CPO/光纤多股上榜：金健米业#1(-2.50%)/亚盛集团#2(+9.85% 5天4板)/中粮糖业#3(+7.60%)/
    金牛化工#4(煤化工)/亨通光电#5(CPO +5.61%)/远东股份#6(光纤 涨停)/长飞光纤#7(CPO +6.77%)/中百集团#8(3天3板 涨停)/
    杭电股份#9(光纤)/国芳集团#10(-2.54%)/华工科技#11(CPO +8.86%)/百大集团#12(5天5板 +9.97%)/中京电子#13(CPO)/金正大#14(化肥 7天4板 +9.88%)/
    敦煌种业#15(粮食 +3.34%)/通鼎互联#16(光纤)/赤天化#17(化肥)/中天科技#18(CPO +5.01%)/永鼎股份#19(CPO +6.26%)/中际旭创#20(CPO +0.97%)）；
    涨停 46（与14:00持平）/ 炸板 29（炸板率38.7%，较14:00的37.8%微升）/ 跌停 7，最高 5 板（百大集团 5天5板），
    连板梯队 1板30/2板11/3板4/5板1；
    涨停行业: 农产品加4/航运港口3/电网设备3/一般零售3/化学制品2/橡胶2/元件2/煤炭开采2/通用设备2/农化制品2/种植业2/通信设备2/汽车零部2/家居用品2/电力2
  - 突发消息（东财全球资讯 14:30 前后）: 🟢**现货黄金 14:16 确认站上 4400 美元/盎司 + 伦铜刷新历史纪录 + 有色板块全线爆发**
    ——与 SIG-01 黄金 P0 强相关，为持仓 P0 评估提供持续外部催化（非新增信号载体）; 光伏首超煤电+电网投资万亿落地 14:18
    ——关注列表电力/电网观察; 染料价格加速上涨 14:09（活性艳蓝+50000元/吨/分散黑月初提价10%）——新题材但无板块异动确认，尾盘不追加;
    日韩股市收盘涨跌互现 14:31; 无持仓直接重大突发
  - 主力资金(fflow): ⚠️ 全断连（黄金/工行 RemoteDisconnected，电网 no klines），数值不可得，判定不可验证（BUG-017 持续监控）
【第二步半】经验注入（OpenViking 检索命中）:
  - 做T经验「P0 减仓优先于做T」「正T硬门槛/缩量放弃」：14:30 收盘前窗口，P0 风控减仓（工行/黄金）为纪律执行，优先级最高；
    SIG-03/04/05 已终止不适用新规则
  - P0 执行纪律（REQ-007）：触发即显性化 + 持续追踪 + 14:45 截止问责；SIG-01 第6次告警 / SIG-02 第6次告警（最后盘中检查点），
    条件单辅助话术持续输出，14:45 截止最终复核——若未执行且未显式放弃 → 收盘复盘标记错过
  - 做T经验「高浮盈筹码松动锁利/主动锁利合法」：工行 8.01 突破 8.00 触发区上沿，正是主动锁利（减1/3，500份）的合法执行位，
    主动锁利与条件触发执行同等认可
  - 系统性普跌/超跌反弹经验：今日指数全红/平 + 涨跌互现，非普跌也非超跌反弹场景，不适用
  - 现货金大涨 vs 「黄金破位即减不拖」经验：SIG-01 触发时（09:30）为破位状态，现（14:30）现货金持续走强（4400 站上）+ ETF 收复 9.0 防线
    → 减仓紧迫性显著下降，用户可评估"显式放弃"，但破位瞬间纪律仍正确（补充场景，非冲突）
【第三步】信号触发条件验证（验证前排序: P0高紧急优先）:
  - 75%窗口检查: 无"待执行"信号需检查（SIG-01/02 P0 豁免；SIG-03/04/05 已于 13:30 终止）→ 无新过期
  - SIG-01 黄金ETF P0: 🚨 已触发维持（9.042 -0.06% 量比0.72 缩量，站回 9.0 防线上方：开8.97 高9.052 低8.97；
    **现货黄金 14:16 确认站上 4400 美元/盎司 + 伦铜刷新纪录 + 有色全线爆发（贵金属 +2.09%）** → 金价企稳获连续外部催化，
    但 ETF 9.042 < 9.10 证伪线（高 9.052<9.10）未达"放量站回 9.10"）→ 第6次告警（最后盘中检查点），14:45 截止仅剩 ~15 分钟，
    减仓评估（1/3-1/2，870-1300份）维持已触发，**紧迫性显著下降：用户可评估"显式放弃"**（金价企稳+ETF 收复防线），必须显式声明，
    否则收盘复盘标记错过（REQ-007 零容忍）
  - SIG-02 工行 P0: 🚨 已触发维持（8.01 +0.88% 量比0.68 缩量，**已突破 8.00 触发区上沿**：开7.91 高8.02 低7.88，
    证伪未满足：银行ETF 512800 +0.36%<+0.8% 高 8.02 曾触未放量站稳）→ 第6次告警（最后盘中检查点），**8.01 已站上 8.00
    正是执行减 1/3（500份）锁利的更优位置**，连续第4日窗口（9/2→9/7→9/8→9/9）不拖，14:45 截止仅剩 ~15 分钟必须执行或显式放弃，
    否则收盘复盘标记错过（REQ-007 零容忍）
  - SIG-03 半导体 P1: 已取消（13:30 证伪破位 0.98）— 不触碰
  - SIG-04 通信 P1: 已过期（13:30 75%窗口过期）— 不触碰
  - SIG-05 农业 P1: 已过期（13:30 75%窗口过期）— 不触碰
【第四步】盘中新信号扫描（三级阈值）: Tier 3 → 当前无新增信号机会（最后盘中检查点）
  - Tier 1: 北向断供不可用（hsgt 15:00 陈旧快照，非当日实时）；单板块涨停无>5（农产品加4 居首，农化+种植业合计4<5）；
    持仓无止损（黄金 9.042 站回 9.0 上方为 P0 防线逻辑非止损位，工行 8.01 突破触发区上沿非止损）；
    突发消息——现货黄金站上 4400 + 伦铜刷新纪录 + 有色全线爆发（与 SIG-01 强相关，为持仓 P0 评估提供外部催化，非新增信号载体）、
    光伏首超煤电（关注列表电力/电网观察）、染料提价（新题材无确认），均无持仓直接新机会；无 V反三信号（创业板 +0.05% 平稳）
  - Tier 2: 板块排名剧烈变化（煤炭 +3.32% 延续 +3% 升级线上方；贵金属 +2.09% 延续前列；元件 +2.16%；出版 -4.30%/
    游戏 -3.28%/传媒 -3.13% 大幅走弱——见下关注列表评估）；量比异常（持仓均<3：航空航天1.40/电网1.41/黄金0.72/工行0.68，无 >3 或 <0.3）；
    持续资金流入（fflow 全断连不可验证）；新题材标签（**染料价格加速上涨**——活性艳蓝+50000元/吨/分散黑月初提价10%，新题材但无板块异动确认，
    尾盘不追加；无其他新题材——粮食/化肥/CPO/光纤/煤化工延续）；关联品种异动（**伦铜刷新纪录 + 现货金 4400 + 有色全线爆发**——商品/贵金属联动强化，
    有色ETF 512400 +1.76%（XD）较 14:00 +1.59% 走强，见下关注列表评估）
  - 关注列表升级评估：煤炭/化工（板块 +3.32% > +3% 升级线延续达标 ✓，且商品共振边际改善——伦铜刷新纪录 + 有色ETF +1.76% 走强 + 现货金 4400，
    较 11:00/13:30/14:00 的"煤炭独涨无商品共振"结论转强 → 但 **14:30 尾盘（最后检查点）新建仓意义低 + 隔夜风险高 + 煤炭化工非持仓主线** →
    **仍不追加**，明日早盘按"商品共振确认"升级条件重新评估）；贵金属（现货金站上 4400 + 贵金属 +2.09% 延续，但黄金持仓已在 SIG-01 P0 减仓评估逻辑内，
    尾盘不新建仓，不追加）；光通信/CPO（SIG-04 已过期，通信 ETF 0.678<0.68 未站稳，个股强（亚盛集团#2 9.85%/亨通光电#5 5.61%/远东股份#6 涨停/
    长飞光纤#7 6.77%/华工科技#11 8.86%/中际旭创#20）但 ETF 未站 0.68，观察不追加）；种植业/农业（SIG-05 已过期，0.784 未站稳 0.79 +
    涨停 4<5，个股强（金健米业#1/亚盛集团#2 9.85%/中粮糖业#3 7.60%/敦煌种业#15）但 ETF 代理弱，明日可再评估，不追加）；
    染料（新——价格催化但无板块异动确认，尾盘不追加，明日观察）
  - 盘中结论（最后盘中检查点）：仅存 SIG-01/02 两条 P0（第6次告警，14:45 截止仅剩 ~15 分钟）；现货金持续走强 + 工行突破 8.00 上沿 →
    两条 P0 均已到"执行锁利/显式放弃"的最后决策窗口；三条 P1 全部终止无新增机会；商品共振边际转强但尾盘不新建仓
【第五步】更新信号文件: 已完成
  - 信号总表: SIG-01/02 维持已触发🚨（未执行）；SIG-03 已取消；SIG-04/05 已过期（无状态变化）
  - 信号触发记录: 无新增（SIG-01/02 已于 09:30 触发并记录，本检查点无新触发）
  - P0 执行追踪: 追加 2 行（SIG-01/02 14:30 检查点 第6次告警，最后盘中检查点）+ 条件单建议更新（SIG-01 黄金 9.042 站回 9.0 上方 +
    现货金持续走强 → 可评估显式放弃；SIG-02 工行 8.01 突破 8.00 上沿 → 更优锁利位置）+ 14:45 截止最终复核文档化
    （若 14:45 前未执行且未显式放弃 → 收盘复盘标记"已过期（14:45截止未响应）/ 错过 / 未执行（错过）"，零容忍问责）
  - 盘中验证记录: 追加 2 行（SIG-01/02 14:31 数据）
  - 盘中追加信号: 无（Tier 3；关注列表均不追加——煤炭+3.32%达标但尾盘新建仓意义低，贵金属被 SIG-01 覆盖，染料无板块确认；
    现货金大涨属既有 P0 逻辑非新信号）
【第六步】盘中摘要: 已输出（见聊天）
【第六步半】经验反思: 跳过（T2 无冲突——现货金持续走强 vs 「破位即减不拖」为补充场景非冲突：破位瞬间纪律仍正确，
  现为金价企稳+ETF 收复防线的评估窗口；SIG-01/02 第6次告警验证 REQ-007 P0 追踪机制；工行 8.01 突破 8.00 触发区上沿验证
  "主动锁利合法"经验；煤炭重回 +3% 但尾盘不建仓验证"尾盘新建仓意义低"纪律；无 T1 强新规律）
【第七步】task_state 更新: intraday_1430 → completed（含结构化字段 + 实测数据 note，覆写预置伪造 note 占位）；
  最后盘中检查点完成，全部盘中任务（0940/1000/1030/1100/1330/1400/1430）已 completed
错误: 无
警告:
  - 北向资金断供（hsgt 15:00 陈旧快照，非当日实时，连续 ≥8 交易日，BUG-017）
  - push2 直连不可达（RemoteDisconnected），已用 push2delay 镜像（100 行业直取），BUG-017 持续监控
  - fflow 全断连（黄金/工行 RemoteDisconnected，电网 no klines），数值不可得，判定不可验证
  - 🚨 数据完整性警告: task_state.json 中 tasks.intraday_1430 槽位预置了含"未来时点"的伪造 note（已在 14:00 检查清理为占位），
    本次已用实测数据覆写为 completed
  - 🚨 SIG-01/SIG-02 两条 P0 已触发未执行（第6次告警，最后盘中检查点），14:45 截止仅剩 ~15 分钟必须执行或显式放弃（REQ-007 零容忍）——
    SIG-02 工行 8.01 已突破 8.00 触发区上沿，正是执行减1/3（500份）锁利的更优位置，连续第 4 日 P0 执行窗口（9/2→9/7→9/8→9/9），
    若 14:45 前再缺失 → P0 执行率连续 2 日 <100% 触发 P1 告警 + 收盘复盘零容忍问责；
    SIG-01 黄金因现货金持续走强（站上 4400 + 伦铜刷新纪录）+ ETF 收复 9.0 防线，减仓紧迫性显著下降，用户可评估"显式放弃"但必须显式声明；
    **若 14:45 前两条 P0 均未执行且未显式放弃 → 收盘复盘标记"已过期（14:45截止未响应）/ 错过 / 未执行（错过）"**
  - SIG-03/04/05 三条 P1 全部终止（证伪 1 + 过期 2），P1 建仓评估今日全部落空——科技走弱 + 板块条件全天未达
  - 商品共振边际转强（伦铜刷新纪录 + 有色走强）但尾盘不新建仓——明日早盘按"商品共振确认"升级条件重新评估煤炭/化工
========================================
