========================================
早盘分析自动执行日志
========================================
日期: 2026-09-09
执行开始: 09:10:00 CST
执行结束: 09:25:00 CST
状态: 成功
Staging文件: 存在（2026-09-09 执行日，1.3d action=use）
数据获取:
  - 海外市场: 成功（WebSearch 金十数据/东财快讯 + 腾讯 usDJI/usIXIC/usINX 交叉验证；美股道-1.18%/标普-0.58%/纳-0.32%，光通信大涨 Lumentum+11%，COMEX金-1.17%，美油+1.67%/布油+2.46%，CNH 6.7068 走强，A50 +0.15%）
  - A股催化剂: 成功（同花顺热点题材 + 涨停池 push2ex 9/8 数据 + 热榜；push2 不可达降级腾讯批量行情+同花顺热点综合）
  - 资金面与情绪: 成功（涨停73/炸板37(33.6%)/跌停0/晋级率20.4%；两融 datacenter 正常 工行23.20亿/宁波21.35亿/黄金61.92亿；北向断供 hsgt 陈旧快照）
  - 事件日历: 成功（9:30 国家统计局公布 8月 CPI/PPI；财政部续发 50年超长期特别国债 350亿；光博会 9/9-11 开幕；美联储 9/16-17 议息临近）
信号生成: 5 条 (P0: 2 P1: 3)
报告产出: 早盘报告.md, 每日信号.md
错误: 无
警告:
  - 数据源探测 partial（5/7）：push2/push2his 连续第 8 交易日不可达（BUG-017 复现，板块排名/资金流走腾讯+同花顺+mootdx 估算）
  - 北向资金断供（hsgt 9/8 09:44 陈旧快照，非当日实时，连续 ≥8 交易日，BUG-017）
  - 1.3c staging 持仓校验 FAIL（BUG-020 解析器误报，真实持仓表与 config 一致；持仓按 config/持仓.md 权威来源覆写）
  - 工行 SIG-02 P0 减仓连续 3 日缺失（9/2→9/7→9/8），今日必须补执行（REQ-007 零容忍）
  - 黄金 ETF 盘前集合竞价 9.00（-0.52%）触及 9.0 P0 防线（隔夜 COMEX 金 -1.17% 映射）
========================================
