========================================
盘中检查(14:30)自动执行日志
========================================
日期: 2026-08-31
执行开始: 14:30:26 CST
执行结束: 14:33:00 CST
状态: 成功
检查点: 14:30（14:25-14:40 窗口，收盘前检查点：隔夜风险评估+止损触发强制执行）
早盘信号文件: 存在（每日信号.md，6条）
数据获取:
  - 市场快照: 成功（腾讯财经：三大指数+科创50+6持仓+信号标的+关注列表，14:32数据时点）
  - 北向资金: 不可用（hsgtApi 解析失败 list index out of range，陈旧快照 09:44 hgt+2.25/sgt379.75，降级盘面监控）
  - 板块扫描: 部分成功（push2ex 涨停池88/炸板29/跌停11/最高6板+昨涨停晋级率23.5% + 同花顺热榜40只题材；东财行业排名 push2 clist 断连 RemoteDisconnected → 用涨停池行业统计+热榜概念频次替代）
  - 资金面: 部分成功（push2 fflow 黄金/软件/电网/工行断连 RemoteDisconnected；航空+3,063万/宁波+4,769万/化工-533万/农业-937万 为单点快照；有色/银行/红利无数据）
  - 突发消息: 无新增检测（np-weblist 全球资讯返回空；热榜题材均早盘/13:30已识别方向）
信号验证: 6条（无待执行信号；已触发3条复验 + 已过期1条 + 已取消2条不重复验证）
  - SIG-01 黄金: 已触发维持（9.119(-3.76%) 量比1.40 开9.16 高9.171 低9.05 → 放量破9.20持续，低9.05**未破9.0极端防线** → 减仓1/3(1,300份)维持；⚠️ **14:50窗口即将到期，若破9.0须强制执行减至1/2(1,950份)，不跨日**；现价距9.0约1.3%）
  - SIG-02 软件: 已触发维持（0.725(+1.26%) 高0.726 现价站上收复线0.723但量比1.23<1.5无量 → 收复无效力，维持全仓止损判断；⚠️ **14:45前未执行须强制执行**（P0纪律），尾盘无量反抽不追）
  - SIG-03 普跌否决: 已触发维持（窗口09:30-10:00已结束，上午普跌判定生效；午后四指数全红回暖不追溯、不解除上午决定）
  - SIG-06 农业: 已过期（14:00已标记75%窗口过期，不恢复；低0.748未破0.74证伪线）
  - SIG-04/05: 已取消（普跌否决/证伪），不重复验证
盘中新信号: 无（Tier1：通用设备6/汽车零部6涨停延续（较14:00无新增，装修装饰5只系地产链延伸——我爱我家5天3板/金螳螂涨停，为早盘已识别地产链涨停潮非新催化）/无新增止损触发（黄金-3.76%为SIG-01既有通道）/北向不可用/无V反三信号齐备；Tier2：量比无异常（最高有色1.63/工行1.35均<3）/fflow断连无法验证持续流入（航空+3,063万/宁波+4,769万单点快照）/热榜概念（煤化工/粮食/PET铜箔/PCB/CPO/地产链）均早盘已识别方向无新题材标签/有色白银链异动（白银有色跌停/湖南白银-6.95%）属黄金暴跌传导至持仓外观察标的/昨涨停晋级率23.5%（81→19）赚钱效应中性 → 无3/5条件满足 → Tier3 默认输出"当前无新增信号机会"）
信号状态汇总: 待执行0 / 已触发3（SIG-01/02/03）/ 已过期1（SIG-06）/ 已取消2（SIG-04/05）
75%窗口过期检查: SIG-01/02/03为P0豁免；SIG-04/05已取消；SIG-06已过期（14:00标记）→ 本次无新增过期
触发/过期/取消/升级: 0 / 0 / 0 / 0
隔夜风险评估（14:30特殊职责）:
  - 黄金 9.119(-3.76%) 浮盈+0.7%（成本9.056）：已减仓1/3后剩2,600份，隔夜暴露风险仍存（现货黄金-3%暴跌后补跌风险，沃什鹰派/9月加息概率破六成）；14:50前破9.0须再减至1/2（1,950份）
  - 软件 0.725(+1.26%) 成本0.723浮亏-0.3%（止损触发）：隔夜暴露取决于执行——若已止损无暴露，若未执行尾盘无量反抽不追、14:45前按P0纪律执行
  - 电网 1.671(-0.42%) 成本1.973浮亏-15.3%：T已取消，底仓不动
  - 航空 1.016(+1.30%) 成本2.731浮亏-62.8%：持有（主力+3,063万回流，军工/低空题材观察）
  - 工行 8.03(+2.16%) 浮盈+3.2%：防御走强放量（量比1.35），持有
  - 宁波 34.05(+0.56%) 浮盈+1.5%：持有（主力+4,769万）
  - 14:30后不新开T纪律生效；隔夜暴露合计：黄金2,600份+电网7,900份+航空1,400份+工行1,500份+宁波400份+软件（取决于止损执行）
错误: 无
警告:
  - push2 clist 行业排名断连(RemoteDisconnected)，板块排名降级为涨停池行业统计+热榜概念频次（连续第3次检查点）
  - push2 fflow 主力资金流部分断连（黄金/软件/电网/工行），资金面验证受限
  - 北向资金仅陈旧快照（09:44），降级盘面监控
  - np-weblist 全球资讯返回空，突发消息检测受限
  - 黄金ETF 14:50 窗口即将到期，若尾盘破9.0须强制执行减至1/2（1,950份），不跨日
  - SIG-02 软件止损 14:45 前未执行须强制执行（P0纪律）
========================================
