========================================
盘中检查(13:30)自动执行日志
========================================
日期: 2026-08-31
执行开始: 13:30:28 CST
执行结束: 13:35:00 CST
状态: 成功
检查点: 13:30（13:25-13:40 窗口）
早盘信号文件: 存在（每日信号.md，6条）
数据获取:
  - 市场快照: 成功（腾讯财经：三大指数+科创50+6持仓+信号标的+关注列表，13:32数据时点）
  - 北向资金: 不可用（hsgtApi 陈旧快照 09:44 hgt+2.25/sgt379.75，降级盘面监控）
  - 板块扫描: 部分成功（push2ex 涨停池76/炸板28/跌停9/最高6板 + 同花顺热榜100条；东财行业排名 push2 clist 断连 RemoteDisconnected → 用涨停池行业统计+热榜概念频次替代）
  - 资金面: 口径异常（push2 fflow 黄金/软件断连，其余返回但数值不可信——工行累计主力+110亿>成交额23亿，判断为口径/缩放异常，仅参考方向不作资金面依据）
  - 突发消息: WebSearch 检测（美股光通信 Lumentum/Coherent 盘后超预期→A股 CPO/光纤/PCB/存储题材热度回升为外围跟进；房地产涨停潮为情绪修复；MSCI调整收盘后生效+美伊局势升级为已知事件 → 均非新催化，未改变信号判断）
信号验证: 6条（监控中1条待执行 + 已触发3条复验 + 已取消2条不重复验证）
  - SIG-01 黄金: 已触发维持（9.12(-3.75%)量比1.55放量破9.20持续，低9.05距9.0极端防线仅0.55% → 减仓1/3维持，破9.0须减至1/2(1,950份)，14:50前盯防）
  - SIG-02 软件: 已触发维持（0.723(+0.98%)现价触及收复线0.723但量比1.29<1.5无量 → 收复无效力，维持全仓止损判断；若已止损执行正确，无量反抽不追）
  - SIG-03 普跌否决: 已触发维持（窗口09:30-10:00已结束，上午普跌判定生效；午后上证+0.34%翻红回暖不追溯、不解除上午决定）
  - SIG-06 农业: 待执行（13:30复验：量比1.41<1.5✗+高0.76恰好触及未突破（现价回落0.753）✗+种植业涨停3只✓万向德农10天7板/新赛股份3天3板/敦煌种业2天2板 → 未触发；低0.748未破0.74证伪线；窗口进度67%未过期）
盘中新信号: 无（Tier1：北向不可用/通用设备涨停5只未>5/无新增止损/无新突发重大消息/无ETF级V反；Tier2：软件开发观察升级条件不满足（收复0.723✓量比1.29✗涨停0家✗）/量比无异常/fflow口径异常无法验证资金流入/科技题材热度回升无板块级确认/有色-2.12%跌破1.98升级线不介入 → Tier3 默认输出"当前无新增信号机会"）
信号状态汇总: 待执行1（SIG-06）/ 已触发3（SIG-01/02/03）/ 已取消2（SIG-04/05）
75%窗口过期检查: SIG-01/02/03为P0豁免；SIG-04/05已取消；SIG-06窗口进度67%（10:30-15:00，已过3h/4.5h）<75% → 无新过期
触发/过期/取消/升级: 0 / 0 / 0 / 0
错误: 无
警告:
  - push2 clist 行业排名断连(RemoteDisconnected)，板块排名降级为涨停池行业统计+热榜概念频次
  - push2 fflow 主力资金流口径异常（工行累计+110亿>成交额23亿，黄金/软件断连），仅参考方向不作资金面依据
  - 北向资金仅陈旧快照（09:44），降级盘面监控
  - 软件开发观察升级条件距满足差量能（量比1.29 vs 1.5）与涨停家数（0 vs 5），午后科技反弹为外围跟进需次日确认持续性
========================================
