========================================
盘中检查(14:00)自动执行日志
========================================
日期: 2026-08-31
执行开始: 14:00:38 CST
执行结束: 14:03:00 CST
状态: 成功
检查点: 14:00（13:55-14:10 窗口，尾盘前验证）
早盘信号文件: 存在（每日信号.md，6条）
数据获取:
  - 市场快照: 成功（腾讯财经：三大指数+科创50+6持仓+信号标的+关注列表，14:01数据时点）
  - 北向资金: 不可用（hsgtApi 陈旧快照 09:44 hgt+2.25/sgt379.75，降级盘面监控）
  - 板块扫描: 部分成功（push2ex 涨停池80/炸板30/跌停10/最高6板+昨涨停晋级率21.0% + 同花顺热榜题材频次；东财行业排名 push2 clist 断连 RemoteDisconnected → 用涨停池行业统计+热榜概念频次替代）
  - 资金面: 不可用（push2 fflow 全部标的断连 RemoteDisconnected，与早盘/13:30一致；北向陈旧）
  - 突发消息: 无新增检测（13:30已确认外围光通信/地产链/美伊局势均非新催化，盘面无异动迹象）
信号验证: 6条（监控中1条待执行→已过期 + 已触发3条复验 + 已取消2条不重复验证）
  - SIG-01 黄金: 已触发维持（9.129(-3.65%)量比1.44放量破9.20持续，低9.05未破9.0极端防线 → 减仓1/3维持；⚠️ 14:50窗口即将到期，破9.0须减至1/2(1,950份)，尾盘前盯防）
  - SIG-02 软件: 已触发维持（0.721(+0.70%)高0.723触及收复线但量比1.22<1.5无量 → 收复无效力，维持全仓止损判断；尾盘无量反抽不追）
  - SIG-03 普跌否决: 已触发维持（窗口09:30-10:00已结束，上午普跌判定生效；午后上证+0.43%翻红回暖不追溯、不解除上午决定）
  - SIG-06 农业: 待执行→**已过期**（**75%窗口过期**：窗口进度77.8%(10:30-15:00，已过3.5h/4.5h)>75% 且未触发——量比1.22<1.5✗+高0.76恰好触及未突破（现价回落0.751）✗+种植业涨停2只<3✗（万向德农10天7板仍封板，新赛/敦煌已开板）→ 标记已过期，释放关注度）
盘中新信号: 无（Tier1：通用设备6只/汽车零部6只涨停为涨停池行业TOP但板块ETF涨幅>5%无法验证（clist断连）未达涨停潮确认标准/北向不可用/无新增止损/无V反三信号齐备；Tier2：量比无异常（最高有色1.78/工行1.46均<3）/fflow全断连无法验证持续流入/题材TOP（半年报增长8/AI应用7/中报增长6/建筑装饰4/机器人4）均早盘已识别无新标签/昨涨停晋级率21.0%赚钱效应中性偏弱 → 无3/5条件满足 → Tier3 默认输出"当前无新增信号机会"）
信号状态汇总: 待执行0 / 已触发3（SIG-01/02/03）/ 已过期1（SIG-06）/ 已取消2（SIG-04/05）
75%窗口过期检查: SIG-01/02/03为P0豁免；SIG-04/05已取消；SIG-06窗口进度77.8%>75%且未触发 → **已过期（75%窗口过期）**
触发/过期/取消/升级: 0 / 1 / 0 / 0
错误: 无
警告:
  - push2 clist 行业排名断连(RemoteDisconnected)，板块排名降级为涨停池行业统计+热榜概念频次
  - push2 fflow 主力资金流全标的断连，资金面无法验证（连续第3次检查点）
  - 北向资金仅陈旧快照（09:44），降级盘面监控
  - 通用设备/汽车零部件各6只涨停，但行业板块ETF涨幅>5%无法验证，板块级涨停潮判定受限
  - 黄金ETF 14:50 窗口即将到期，若尾盘破9.0须执行减至1/2（1,950份），不跨日
========================================
