========================================
盘中检查(10:30)自动执行日志
========================================
日期: 2026-08-31
执行开始: 10:30:14 CST
执行结束: 10:32:00 CST
状态: 成功
检查点: 10:30（10:25-10:40 窗口）
早盘信号文件: 存在（每日信号.md，6条）
数据获取:
  - 市场快照: 成功（腾讯财经：三大指数+科创50+6持仓+信号标的+关注列表）
  - 北向资金: 不可用（hsgtApi 陈旧快照 hgt-9.28/sgt379.75，降级盘面监控）
  - 板块扫描: 部分成功（push2ex 涨停池51/炸板28/跌停9 + 同花顺热榜100条；东财行业排名 push2 clist 断连 → 用涨停池行业统计+热榜替代）
  - 资金面: 不可用（push2 fflow 东财风控全断连，8标的全部失败；全球资讯 np-weblist 返回空，突发消息检测走 WebSearch）
  - 突发消息: WebSearch 检测（房地产板块大爆发我爱我家一字涨停封单25亿 + MSCI中国指数调整今日收盘后生效 + 美伊局势升级 → 均为早盘已识别逻辑，未改变盘面方向）
信号验证: 6条（监控中1条待执行 + 已触发3条复验 + 已取消2条不重复验证）
  - SIG-01 黄金: 已触发维持（9.101(-3.95%)量比2.28放量破9.20持续，低9.095距9.0极端防线仅0.1% → 破9.0须减至1/2）
  - SIG-02 软件: 已触发维持（0.709(-0.98%)低0.701仍破0.708，现价微回0.708上方但收复线0.723未达 → 维持全仓止损）
  - SIG-03 普跌否决: 已触发维持（上证-0.27%/深证-1.00%/创业板-1.23%/科创50-1.97%指数跌多涨少 → 取消全部T维持）
  - SIG-06 农业: 待执行（10:30窗口已开：量比2.55>1.5✓+种植业涨停3只✓万向德农10天7板/新赛股份3天3板/敦煌种业2天2板，但ETF 0.753未突破0.76+方向未确认+普跌环境 → 未触发，破0.74证伪放弃）
盘中新信号: 无（Tier1 无触发：北向不可用/无单板块>5涨停/地产链涨停潮为已识别逻辑不追加/无V反三信号；Tier2 量比异常均落既有信号通道+fflow断连无法验证资金流入+有色512400跌破1.98升级线 → 不追加）
信号状态汇总: 待执行1（SIG-06）/ 已触发3（SIG-01/02/03）/ 已取消2（SIG-04/05）
75%窗口过期检查: SIG-01/02/03为P0豁免；SIG-04/05已取消；SIG-06窗口刚开进度~0% → 无新过期
触发/过期/取消/升级: 0 / 0 / 0 / 0
错误: 无
警告:
  - push2 clist 行业排名断连(RemoteDisconnected×3)，板块排名降级为涨停池行业统计+同花顺热榜
  - push2 fflow 主力资金流东财风控全断连（8标的全部失败）
  - 北向资金仅陈旧快照，降级盘面监控
  - 东财全球资讯 np-weblist 返回空（totle_hits=0），突发消息检测走 WebSearch
========================================
