========================================
早盘分析自动执行日志
========================================
日期: 2026-08-31
执行开始: 09:07:00 CST
执行结束: 09:15:00 CST
状态: 成功
Staging文件: 存在（1.3d 校验 action=use，执行日 2026-08-31）
数据获取:
  - 海外市场: 成功（WebSearch fallback：沃什鹰派讲话+美股8/28收跌+日韩8/31早盘大跌+黄金暴跌+PMI 49.7）
  - A股催化剂: 成功（同花顺热点81只+涨停池8/28基准；东财行业排名断连走替代数据）
  - 资金面与情绪: 部分成功（主力资金流7只/两融2只/涨停池8/28；北向数据缺失）
  - 事件日历: 成功（PMI 09:30发布+半年报收官+沃什讲话落地）
信号生成: 6 条 (P0: 3 P1: 3)
报告产出: 早盘报告.md, 每日信号.md
错误: 无
警告:
  - push2 clist 行业排名断连(RemoteDisconnected)，板块排名走替代数据(涨停行业分布+ETF行情+题材频次)
  - 北向数据缺失(hsgt解析失败)，降级盘面监控
  - 海外指数腾讯字段不足被过滤，海外数据走 WebSearch fallback
  - 黄金ETF/有色/银行/红利资金流数据缺失(push2his间歇断连)
  - 1.3c 校验 FAIL(解析器误将6.2做T表当持仓表)，持仓以config/持仓.md为权威来源
========================================
