[2026-08-28T09:17:26+0800] BUG_FIX 开始
[2026-08-28T09:17:28+0800] 扫描: 0 OPEN, 0 IN_PROGRESS, 3 MANUAL_REVIEW（BUG-007/008/009，均 auto_fix_eligible=false；BUG_INDEX 统计表 OPEN=0/IN_PROGRESS=0/MANUAL_REVIEW=3）
[2026-08-28T09:17:30+0800] MANUAL_REVIEW BUG 需人工处理: BUG-007 (P1) — B4 报 STALE — staging mtime 早于 evening_review 完成时间（需人工判定流程违规 or 检查误报）; BUG-008 (P2) — C1 早盘报告检查关键词漂移「前次预测回顾/海外市场传导」vs「上期预判回顾/事件验证」（需人工判断报告结构演进 or 检查未同步）; BUG-009 (P2) — C3 复盘报告检查关键词漂移「次日核心关注」vs「次日核心变量」（需人工确认统一命名）
[2026-08-28T09:17:32+0800] 选择: 无待修复 BUG，跳过（符合 0.2 规则：无 OPEN BUG → 输出"无待修复 BUG，跳过"并退出；3 个 MANUAL_REVIEW BUG 仅报告不处理）
[2026-08-28T09:17:33+0800] BUG_FIX 结束
[2026-08-28T10:17:34+0800] BUG_FIX 开始
[2026-08-28T10:17:35+0800] 扫描: 0 OPEN, 0 IN_PROGRESS, 3 MANUAL_REVIEW（BUG-007/008/009，均 auto_fix_eligible=false；BUG_INDEX 统计表 OPEN=0/IN_PROGRESS=0/MANUAL_REVIEW=3）
[2026-08-28T10:17:36+0800] MANUAL_REVIEW BUG 需人工处理: BUG-007 (P1) — B4 报 STALE — staging mtime 早于 evening_review 完成时间（需人工判定流程违规 or 检查误报）; BUG-008 (P2) — C1 早盘报告检查关键词漂移「前次预测回顾/海外市场传导」vs「上期预判回顾/事件验证」（需人工判断报告结构演进 or 检查未同步）; BUG-009 (P2) — C3 复盘报告检查关键词漂移「次日核心关注」vs「次日核心变量」（需人工确认统一命名）
[2026-08-28T10:17:37+0800] 选择: 无待修复 BUG，跳过（符合 0.2 规则：无 OPEN BUG → 输出"无待修复 BUG，跳过"并退出；3 个 MANUAL_REVIEW BUG 仅报告不处理）
[2026-08-28T10:17:38+0800] BUG_FIX 结束
[2026-08-28T11:17:20+0800] BUG_FIX 开始
[2026-08-28T11:17:21+0800] 扫描: 0 OPEN, 0 IN_PROGRESS, 3 MANUAL_REVIEW（BUG-007/008/009，均 auto_fix_eligible=false；BUG_INDEX 统计表 OPEN=0/IN_PROGRESS=0/MANUAL_REVIEW=3）
[2026-08-28T11:17:22+0800] MANUAL_REVIEW BUG 需人工处理: BUG-007 (P1) — B4 报 STALE — staging mtime 早于 evening_review 完成时间（需人工判定流程违规 or 检查误报）; BUG-008 (P2) — C1 早盘报告检查关键词漂移「前次预测回顾/海外市场传导」vs「上期预判回顾/事件验证」（需人工判断报告结构演进 or 检查未同步）; BUG-009 (P2) — C3 复盘报告检查关键词漂移「次日核心关注」vs「次日核心变量」（需人工确认统一命名）
[2026-08-28T11:17:23+0800] 选择: 无待修复 BUG，跳过（符合 0.2 规则：无 OPEN BUG → 输出"无待修复 BUG，跳过"并退出；3 个 MANUAL_REVIEW BUG 仅报告不处理）
[2026-08-28T11:17:24+0800] BUG_FIX 结束
[2026-08-28T12:17:41+0800] BUG_FIX 开始
[2026-08-28T12:17:43+0800] 扫描: 0 OPEN, 0 IN_PROGRESS, 3 MANUAL_REVIEW（BUG-007/008/009，均 auto_fix_eligible=false；BUG_INDEX 统计表 OPEN=0/IN_PROGRESS=0/MANUAL_REVIEW=3）
[2026-08-28T12:17:45+0800] MANUAL_REVIEW BUG 需人工处理: BUG-007 (P1) — B4 报 STALE — staging mtime 早于 evening_review 完成时间（需人工判定流程违规 or 检查误报）; BUG-008 (P2) — C1 早盘报告检查关键词漂移「前次预测回顾/海外市场传导」vs「上期预判回顾/事件验证」（需人工判断报告结构演进 or 检查未同步）; BUG-009 (P2) — C3 复盘报告检查关键词漂移「次日核心关注」vs「次日核心变量」（需人工确认统一命名）
[2026-08-28T12:17:46+0800] 选择: 无待修复 BUG，跳过（符合 0.2 规则：无 OPEN BUG → 输出"无待修复 BUG，跳过"并退出；3 个 MANUAL_REVIEW BUG 仅报告不处理）
[2026-08-28T12:17:47+0800] BUG_FIX 结束
[2026-08-28T13:17:40+0800] BUG_FIX 开始
[2026-08-28T13:17:41+0800] 扫描: 0 OPEN, 0 IN_PROGRESS, 3 MANUAL_REVIEW（BUG-007/008/009，均 auto_fix_eligible=false；BUG_INDEX 统计表 OPEN=0/IN_PROGRESS=0/MANUAL_REVIEW=3）
[2026-08-28T13:17:42+0800] MANUAL_REVIEW BUG 需人工处理: BUG-007 (P1) — B4 报 STALE — staging mtime 早于 evening_review 完成时间（需人工判定流程违规 or 检查误报）; BUG-008 (P2) — C1 早盘报告检查关键词漂移「前次预测回顾/海外市场传导」vs「上期预判回顾/事件验证」（需人工判断报告结构演进 or 检查未同步）; BUG-009 (P2) — C3 复盘报告检查关键词漂移「次日核心关注」vs「次日核心变量」（需人工确认统一命名）
[2026-08-28T13:17:43+0800] 选择: 无待修复 BUG，跳过（符合 0.2 规则：无 OPEN BUG → 输出"无待修复 BUG，跳过"并退出；3 个 MANUAL_REVIEW BUG 仅报告不处理）
[2026-08-28T13:17:44+0800] BUG_FIX 结束
[2026-08-28T14:17:28+0800] BUG_FIX 开始
[2026-08-28T14:17:30+0800] 扫描: 0 OPEN, 0 IN_PROGRESS, 3 MANUAL_REVIEW（BUG-007/008/009，均 auto_fix_eligible=false；BUG_INDEX 统计表 OPEN=0/IN_PROGRESS=0/MANUAL_REVIEW=3）
[2026-08-28T14:17:32+0800] MANUAL_REVIEW BUG 需人工处理: BUG-007 (P1) — B4 报 STALE — staging mtime 早于 evening_review 完成时间（需人工判定流程违规 or 检查误报）; BUG-008 (P2) — C1 早盘报告检查关键词漂移「前次预测回顾/海外市场传导」vs「上期预判回顾/事件验证」（需人工判断报告结构演进 or 检查未同步）; BUG-009 (P2) — C3 复盘报告检查关键词漂移「次日核心关注」vs「次日核心变量」（需人工确认统一命名）
[2026-08-28T14:17:34+0800] 选择: 无待修复 BUG，跳过（符合 0.2 规则：无 OPEN BUG → 输出"无待修复 BUG，跳过"并退出；3 个 MANUAL_REVIEW BUG 仅报告不处理）
[2026-08-28T14:17:35+0800] BUG_FIX 结束
[2026-08-28T15:17:40+0800] BUG_FIX 开始
[2026-08-28T15:17:41+0800] 扫描: 0 OPEN, 0 IN_PROGRESS, 3 MANUAL_REVIEW（BUG-007/008/009，均 auto_fix_eligible=false；BUG_INDEX 统计表 OPEN=0/IN_PROGRESS=0/MANUAL_REVIEW=3）
[2026-08-28T15:17:42+0800] MANUAL_REVIEW BUG 需人工处理: BUG-007 (P1) — B4 报 STALE — staging mtime 早于 evening_review 完成时间（需人工判定流程违规 or 检查误报）; BUG-008 (P2) — C1 早盘报告检查关键词漂移「前次预测回顾/海外市场传导」vs「上期预判回顾/事件验证」（需人工判断报告结构演进 or 检查未同步）; BUG-009 (P2) — C3 复盘报告检查关键词漂移「次日核心关注」vs「次日核心变量」（需人工确认统一命名）
[2026-08-28T15:17:43+0800] 选择: 无待修复 BUG，跳过（符合 0.2 规则：无 OPEN BUG → 输出"无待修复 BUG，跳过"并退出；3 个 MANUAL_REVIEW BUG 仅报告不处理）
[2026-08-28T15:17:44+0800] BUG_FIX 结束
