[2026-08-10T13:19:11+0800] BUG_FIX 开始
[2026-08-10T13:19:11+0800] 扫描: 0 OPEN, 0 MANUAL_REVIEW
[2026-08-10T13:19:11+0800] 选择: 无 OPEN BUG，跳过
[2026-08-10T13:19:11+0800] BUG_FIX 结束
[2026-08-10T14:21:45+0800] BUG_FIX 开始
[2026-08-10T14:21:45+0800] 扫描: 0 OPEN, 0 MANUAL_REVIEW
[2026-08-10T14:21:45+0800] 无待修复 BUG，跳过
[2026-08-10T14:21:45+0800] BUG_FIX 结束
[2026-08-10T15:20:29+0800] BUG_FIX 开始
[2026-08-10T15:20:29+0800] 扫描: 0 OPEN, 0 MANUAL_REVIEW
[2026-08-10T15:20:29+0800] 无待修复 BUG，跳过
[2026-08-10T15:20:29+0800] BUG_FIX 结束
[2026-08-10T16:23:56+0800] BUG_FIX 开始
[2026-08-10T16:23:56+0800] 扫描: 0 OPEN, 0 MANUAL_REVIEW
[2026-08-10T16:23:56+0800] 无待修复 BUG，跳过
[2026-08-10T16:23:56+0800] BUG_FIX 结束
[2026-08-10T17:22:17+08:00] BUG_FIX 开始
[2026-08-10T17:22:17+08:00] 扫描: 0 OPEN, 0 MANUAL_REVIEW
[2026-08-10T17:22:17+08:00] 选择: 无待修复 BUG，跳过
[2026-08-10T17:22:17+08:00] BUG_FIX 结束
