[2026-08-28 13:35] 盘中检查 13:30 检查点执行完成
  状态: completed | 检查点: 13:30 (13:25-13:40 窗口)
  数据时点: 2026-08-28 13:32-13:34 CST (腾讯财经/东财push2ex/push2 clist/push2 fflow/同花顺热点/hsgtApi; 北向不可用降级)

  市场快照:
    上证 3959.99 (+0.09%, 11:00的+0.12%基本持平, 日内高3970.31) | 深证 13997.03 (-0.37%, 转绿) | 创业板 3444.70 (-0.82%, 自日内高3521.47=+1.65%大幅回落约2.5pct) | 科创50 1673.47 (-1.18% 科技走弱)
    北向: 不可用(hsgtApi仅返回8/27 15:00陈旧快照 hgt-9.28/sgt379.75), 降级盘面监控
    领涨行业: 房地产服务+2.49% 农林牧渔+2.07% 饰品+2.05% 化学原料+2.05% 石油石化+1.95% 农化制品+1.87%
    领跌行业: 医疗服务-2.33% 生物制品-1.93% 半导体-0.97% 化学制药-0.95% 医药生物-0.85% 电子化学品-0.78%
    主力资金(分钟累计): 电网159326 +51.58亿(流入) | 半导体512480 -51.78亿(大幅流出) | 黄金518880 -10.74亿
    打板: 涨停70 炸板16(炸板率18.6%) 跌停2(豪尔赛/美湖股份) 最高5连板(海鸥住工) 连板梯队{1:55,2:10,3:2,4:2,5:1}
    涨停行业分布: 软件开发6 化学制品5 专用设备4 家居用品3 种植业3 中药Ⅱ3 IT服务Ⅱ3 电网设备3 通信设备2 化学原料2
    高位板: 海鸥住工5天5板(家居用品) 万向德农9天6板(种植业) 捷荣技术4天4板(消费电子) 锦龙股份3天3板(证券Ⅱ) 千金药业3天3板(中药)
    题材热度(同花顺71只): 中报增长9 半年报增长9 业绩增长4 AI应用4 网络安全3 算力租赁2 算力2 创新药2 中药2 (业绩+AI双主线延续)

  持仓ETF:
    航空航天159227: 1.005(+0.60%) 量比1.17 高1.011低0.995 | 电网159326: 1.685(-0.53%) 量比1.30 高1.699低1.675 日内均价≈1.6863
    软件159899: 0.721(+1.55%) 量比2.06 高0.734低0.715 日内均价≈0.7263 | 黄金518880: 9.417(-0.31%) 量比0.55缩量 高9.437低9.400
    工商银行601398: 7.88(+0.77%) 量比0.98 | 宁波银行002142: 33.88(+0.39%) 量比1.02
    半导体512480(信号): 1.047(-1.51%) 量比1.04 高1.072低1.045 日内均价≈1.0588 成本1.044浮盈+0.29%
  关注列表: 有色512400 1.981(+0.71%)量比0.82(早盘破1.95证伪后反弹,已过期不介入) | 农业159825 0.752(+0.80%)量比1.48 突破0.745✓+种植业涨停3家✓但量比1.48<1.5(差0.02)未达升级 | 通信515880 0.674(-0.59%)量比1.13 光纤/AI光联方向未放量未达升级 | 券商: 锦龙股份3板但板块未涨停潮不达升级

  信号验证 (7条):
    已过期 3 条 (10:00/09:50定案, 不触碰): SIG-02普跌否决 / SIG-03半导体高开否决 / SIG-06有色跌破1.95证伪
    已取消 1 条:
      SIG-07-盘中(P1软件建仓评估): 现价0.721(+1.55%) **跌破日内均价0.7263** → 证伪条件"软件ETF跌破日内均价→放弃"触发; 软件开发涨停6家虽未退潮但价格走弱+科创50 -1.18%科技主线退潮联防 → 状态 已触发→**已取消(证伪)**, 放弃建仓评估
    已触发 1 条:
      SIG-04(P1半导体止盈): 1.047(-1.51%) 自触发点1.072回落-2.3%, 浮盈从+2.3%收窄至+0.29%(成本1.044); 主力净流出-51.78亿+半导体行业-0.97%领跌+科创50 -1.18%; 窗口(10:00-14:30)进度78% → 已触发保持, 若未执行强烈建议立即止盈保护(或保本离场), 1.02止损线未破
    待执行 2 条:
      SIG-01(P0黄金减仓): 9.417(-0.31%)量比0.55缩量未破9.20(距2.3%)+主力流出-10.74亿但缩量 → 减仓条件不成立(需放量量比>1.5), P0全天窗口(09:30-14:50)进度75%豁免过期, 保持待执行
      SIG-05(P1电网正T): 午后路径(13:30-14:30窗口刚开)三条件: ①站稳日内均价 1.685<1.6863 差0.08% ✗ ②量比1.30>0.8放量 ✓ ③未破1.675低点 ✓ → 缺①保持待执行, 14:00复查; 主力净流入+51.58亿偏强, 高1.699未触及

  新信号扫描: Tier 1 无触发(北向不可用; 无新板块涨停潮>5且ETF>5%【软件开发6家已被SIG-07覆盖/化学制品5家无ETF>5%】; 无持仓止损触发【黄金9.20未破/电网1.63未破/半导体1.02未破】; 无V型反转; 无突发重大催化); Tier 2 农业ETF突破0.745+种植业涨停3家但量比1.48<1.5(差0.02)升级条件未全满足不追加 + 网络安全新题材3只(单条件不足3/5) + 半导体/科创50/创业板下跌联动为风险提示非机会 + 电网主力流入属SIG-05通道不重复追加 → 当前无新增信号机会
  75%窗口过期检查: SIG-01为P0全天豁免; SIG-05午后窗口刚开进度0%; SIG-04已触发不适用 → 无新过期
  触发/过期/取消/升级: 0 / 0 / 1 / 0

  🚨 需执行操作:
    - SIG-20260828-04: 半导体ETF(512480) 止盈3,050份 现价1.047(浮盈+0.29%, 触发点1.072) — 科技午后全面退潮+主力净流出51.78亿, 若尚未执行强烈建议立即止盈锁定(或至少保本离场), 防浮盈归零

  ⚠️ 提示: ① 科技午后全面退潮——半导体-0.97%领跌+主力净流出51.78亿, 科创50 -1.18%, 创业板自日内高+1.65%回落至-0.82%, SIG-04浮盈收窄至+0.29%必须尽快止盈, SIG-07软件证伪取消(跌破日内均价0.7263); ② SIG-05电网午后路径仅差"站稳日内均价"0.08%(1.685 vs 1.6863), 主力净流入51.58亿偏强, 14:00复查, 若站上均价+放量+未破1.675可执行正T 1,975份当日了结; ③ 风格切换信号: 农林牧渔+2.07%/房地产服务+2.49%/食品饮料+1.17%等防御消费周期接力, 农业ETF突破0.745但量比差0.02未达升级, 若午后放量达标14:00可评估盘中追加; ④ SIG-01黄金缩量守9.20(P0), 量比0.55大幅缩量, 破位概率低但仍须盯防极端放量破位; ⑤ 涨停70/炸板率18.6%情绪健康, 连板梯队完好(最高5连板), 万向德农9天6板种植业独立走强; ⑥ 北向接口仍不可用(陈旧快照), 行业排名(push2 clist)+主力资金流(push2 fflow)本次已恢复可用

[2026-08-28 14:05] 盘中检查 14:00 检查点执行完成
  状态: completed | 检查点: 14:00 (13:55-14:10 窗口)
  数据时点: 2026-08-28 14:01-14:03 CST (腾讯财经/东财push2ex/push2 clist/push2 fflow部分断连/同花顺热点/hsgtApi; 北向不可用降级)

  市场快照:
    上证 3959.59 (+0.08%, 13:30的+0.09%基本持平) | 深证 13986.23 (-0.45%, 走弱) | 创业板 3438.49 (-1.00%, 自日内高3521.47=+1.39%大幅回落约2.4pct) | 科创50 1669.33 (-1.43% 科技全面退潮)
    北向: 不可用(hsgtApi仅8/27 15:00陈旧快照 hgt-9.28/sgt null), 降级盘面监控
    领涨行业: 农林牧渔+2.50% 纺织服饰+1.44% 房地产开发+1.40% 航运港口+1.39% 物流+1.37% 食品饮料+1.29% 煤炭+1.29% 水泥+1.19%
    领跌行业: 医药生物-0.89% 通信设备-0.60% (半导体ETF-1.88%个股领跌, 科创50-1.43%)
    主力资金(分钟累计, 部分可用): 黄金518880 -23.07亿(流出扩大, 13:30 -10.74亿) | 有色512400 +10.49亿 | 软件159899 +1.79亿 | 农业159825 +1.26亿 (电网159326/半导体512480接口断连, 13:30参考: 电网+51.58亿/半导体-51.78亿)
    打板: 涨停77 炸板15(炸板率16.3%) 跌停2(豪尔赛/湘油泵) 最高5连板(海鸥住工) 万向德农9天6板(种植业) 锦龙股份3天3板(证券Ⅱ)
    涨停行业分布: 软件开发6 化学制品5 专用设备4 家居用品3 种植业3 中药Ⅱ3 IT服务Ⅱ3 电网设备3
    题材热度(同花顺75只): 中报增长10 半年报增长8 业绩增长5 AI应用4 半年报扭亏3 网络安全3 (业绩+AI双主线延续, 科技退潮下热度未散)

  持仓ETF:
    航空航天159227: 1.008(+0.90%) 量比1.06 高1.011低0.995 | 电网159326: 1.683(-0.65%) 量比1.16 高1.699低1.675 均价≈1.686 | 软件159899: 0.722(+1.69%) 量比1.80 高0.734低0.715 均价≈0.726
    黄金518880: 9.404(-0.44%) 量比0.56缩量 高9.437低9.398 均价9.414 | 工商银行601398: 7.88(+0.77%) 量比0.88 | 宁波银行002142: 33.86(+0.33%) 量比0.94
    半导体512480(信号): 1.043(-1.88%) 量比0.97 高1.072低1.042 均价≈1.057 成本1.044浮盈-0.10%(已回吐归零)
  关注列表: 农业159825 0.754(+1.07%)量比1.35 突破0.745✓+种植业涨停3家✓但量比1.35<1.5(13:30 1.48)未达升级 | 通信515880 0.671(-1.03%)量比1.04 光纤/AI光联方向走弱未达升级 | 有色512400 1.976(+0.46%)量比0.72主力+10.49亿(早盘破1.95已证伪过期不介入) | 券商: 涨停仅锦龙股份1家<3家不达升级

  信号验证 (7条):
    已过期 3 条 (定案不触碰): SIG-02普跌否决 / SIG-03半导体高开否决 / SIG-06有色跌破1.95证伪
    已取消 1 条:
      SIG-07-盘中(P1软件建仓评估): 现价0.722(+1.69%)仍低于日内均价0.726(13:33证伪后保持), 软件开发涨停6家未退潮但科创50 -1.43%科技全面退潮 → 状态 已取消(证伪) 保持, 不复活
    已触发 1 条:
      SIG-04(P1半导体止盈): 现价1.043(-1.88%) 均价1.057 自触发点1.072持续回落, 现价跌破成本1.044浮盈-0.10%全部回吐; 止损1.02未破(低1.042); 窗口(10:00-14:30)进度~89% → 已触发保持, 若未执行**必须立即保本/止损离场**, 14:30窗口到期
    待执行 2 条:
      SIG-01(P0黄金减仓): 9.404(-0.44%)量比0.56缩量未破9.20(距2.2%)+主力净流出-23.07亿(13:30 -10.74亿扩大)但缩量 → 减仓条件不成立(需放量量比>1.5), P0全天窗口(09:30-14:50)进度~84%豁免过期, 保持待执行; 缩量下破位概率低但主力流出扩大须盯14:30定案
      SIG-05(P1电网正T): 午后路径(13:30-14:30)进度50%三条件: ①站稳日内均价 1.683<1.686 ✗(差0.18%) ②量比1.16>0.8 ✓ ③未破1.675 低点1.675**恰好触及**⚠️ → 缺①+支撑触及风险上升, 保持待执行14:30复查; 13:30主力净流入+51.58亿偏强但价格走弱(背离)

  新信号扫描: Tier 1 无触发(北向不可用; 软件开发6家涨停潮已被SIG-07覆盖且科技退潮不重发; 化学制品5家未>5; 无持仓止损触发【黄金9.20未破/电网1.675恰好触及未破/半导体1.02未破】; 无V型反转; 无突发重大催化); Tier 2 无新增(农业量比1.35<1.5升级条件缺量能/券商涨停仅1家<3/通信515880-1.03%方向走弱/防御未放量领涨/有色+10.49亿属SIG-06已证伪通道不介入/黄金-23.07亿流出为风险提示非机会) → 当前无新增信号机会
  75%窗口过期检查: SIG-01为P0全天豁免; SIG-05午后窗口进度50%<75%; SIG-04已触发不适用(窗口89%将于14:30到期) → 无新过期
  触发/过期/取消/升级: 0 / 0 / 0 / 0

  🚨 需执行操作:
    - SIG-20260828-04: 半导体ETF(512480) 止盈3,050份 现价1.043(浮盈-0.10%已回吐归零, 触发点1.072) — 科技全面退潮+窗口14:30到期, 若尚未执行必须立即保本/止损离场, 防亏损扩大; 1.02止损线距现价2.2%

  ⚠️ 提示: ① SIG-04半导体浮盈已全部回吐(1.043跌破成本1.044), 窗口10:00-14:30进度89%, 14:30到期后止盈路径失效——未执行者务必尾盘前处理; ② SIG-05电网午后路径仍缺"站稳均价1.686"(现价1.683差0.18%), 且低点1.675支撑位恰好触及, 若跌破1.675即证伪放弃, 14:30复查; ③ 风格切换确立: 农林牧渔+2.50%/食品饮料+1.29%/房地产开发+1.40%/煤炭+1.29%防御消费周期接力, 科技(半导体-1.88%/通信设备-0.60%/医药生物-0.89%)退潮, 创业板自日内高回落2.4pct; ④ SIG-01黄金缩量守9.20(P0), 主力流出-23.07亿扩大但量比0.56缩量, 尾盘破位概率低仍须盯防; ⑤ 涨停77/炸板率16.3%/跌停2情绪健康, 万向德农9天6板种植业独立走强; ⑥ 北向仍不可用, push2 fflow部分断连(电网/半导体资金流缺失, 用13:30参考), 行业排名(push2 clist)本次恢复可用
