
=== 盘中检查 13:30 — 2026-08-10 13:34 CST ===
市场快照: 上证3944.86(+0.12%) 深证14157.93(-1.07%) 创业板3487.53(-2.12%) 涨停76家
ETF: 银行0.805(+0.88%) 电网1.684(-0.82%) 纳指2.269(+0.13%) 航空1.019(+0.30%) 医药0.402(+1.52%)
北向: 数据陈旧(-9.28历史快照) 无法确认实时方向
信号验证:
  SIG-01(银行锁利P0) 已过期 - 窗口10:00-11:00已过, 且银行强+创业板弱方向相反
  SIG-02(电网正T P1) 已过期 - 窗口10:00-10:30已过
  SIG-03(纳指做T P1) 已过期 - 窗口10:00-10:30已过
  SIG-04(银行反T P1) 已过期 - 窗口10:00-10:30已过
  SIG-05(航空观察P2) 待执行 - 破1.017但量比1.09<1.5, 创业板-2.12%跌>1%不满足
  SIG-06(医药观察P2) 已升级 - 量比1.82>1.5+收阳+板块走强 → 升级为SIG-06-UP建仓
新增信号: 观察升级SIG-20260810-06-UP(医药建仓, 半仓试探); 新扫描Tier1/2无
状态: 已过期4 / 已升级1 / 待执行1(含新增)

=== 盘中检查 14:00 — 2026-08-10 14:00 CST ===
市场快照: 上证3949.46(+0.24%) 深证14209.19(-0.71%) 创业板3503.53(-1.67%) 涨停84家
ETF: 银行0.803(+0.63%) 电网1.69(-0.47%) 纳指2.271(+0.22%) 航空1.028(+1.18%) 医药0.402(+1.52%)
北向: 沪股通-9.28亿/深股通+379.75亿(数据可能陈旧) 无法确认实时方向
信号验证:
  SIG-05(航空观察P2) 已过期 - 75%窗口过期(全天82%), 量比1.08<1.5+创业板-1.67%跌>1%, 升级条件今日无法满足
  SIG-06-UP(医药建仓P2) 已触发 - 量比1.62>1.5+现价0.402收阳+板块走强确认, 待用户执行半仓试探
新增信号: 新扫描Tier1/2无 (Tier3)
状态: 已触发1 / 已过期5 / 已升级1
