[2026-08-31 09:45] 盘中检查 09:40 检查点执行完成
  状态: completed | 检查点: 09:40 (09:35-09:50 窗口) | 交易日: 2026-08-31 周一
  数据时点: 2026-08-31 09:42-09:44 CST (腾讯财经/东财push2ex/push2 clist/push2 fflow部分断连/同花顺热点/hsgtApi; 北向不可用降级)

  市场快照:
    上证 3943.46 (-0.22%, 开盘3926.53低开-0.65%后修复) | 深证 13854.22 (-0.71%, 开13764.41) | 创业板 3395.74 (-0.84%, 开3367.04) | 科创50 1639.23 (-1.38% 科技承压)
    北向: 不可用(hsgtApi仅8/27 15:00陈旧快照 hgt-9.28/sgt379.75), 降级盘面监控
    🔑 8月官方制造业PMI 49.8% (09:30公布, 比上月+0.6pp, >预期49.7, 回暖确认); 综合PMI 49.5% (+0.2pp); 非制造业 49.0% (持平)
    全市场: 约5,905只; 行业汇总上涨3,144/下跌6,432 (口径含重复计数, 保守折算下跌约4,000只>3,000)
    领涨行业: 数字媒体+3.67% 影视院线+2.22% 元件+2.09% 房地产开发+1.64% 家居用品+1.12% (短剧/地产链/PCB)
    领跌行业: 贵金属-6.03% 综合-1.56% 医药生物-1.86% 电力设备-0.81% 航空机场-1.08% (黄金/医药/科技杀跌)
    打板: 涨停36 炸板12(炸板率25.0%) 跌停8 最高6连板(海鸥住工) 连板梯队{1:21,2:9,3:4,5:1,6:1}
    涨停行业分布: 房地产开发5 通用设备4 房地产服务3 家居用品3 种植业3 装修装饰2 农化制品2 影视院线2
    题材热度(同花顺100只): 房地产/物业(我爱我家2板/香江控股3板/深物业A2板) 粮食(万向德农5板/新赛股份3板/敦煌种业2板) 煤化工/化肥(金牛化工/赤天化/潞化科技) PCB/CPO 短剧(芒果超媒) 液冷服务器(同飞+10%)
    主力资金(可用3只): 电网159326 -0.84亿 | 化工159870 -0.06亿 | 农业159825 -0.09亿 (黄金/软件/有色/银行/工行/宁波断连)

  持仓ETF (09:42):
    黄金518880: 9.169(-3.23%) 量比3.49 开9.16 高9.17 低9.134 成交11.95亿 — 放量破9.20
    软件159899: 0.706(-1.40%) 量比4.33 开0.703 高0.713 低0.701 — 开盘即破0.708
    电网159326: 1.661(-1.01%) 量比1.77 开1.657 高1.664 低1.653 — 未站1.70, 主力-0.84亿
    航空159227: 1.01(+0.70%) 量比3.65 高1.014 低0.996 | 工行601398: 7.92(+0.76%) 量比2.87 | 宁波002142: 34.12(+0.77%) 量比2.85
  信号标的: 化工159870 0.826(-1.08%) 低0.823(距证伪线0.82仅0.4%) | 农业159825 0.757(0.00%) 高0.76恰好触及 | 有色512400 1.928(-2.72%)
  关注列表: 银行512800 0.821(+0.49%) | 红利510880 3.458(-0.09%) | 创新药159992 0.85(-1.39%) | 有色512400 1.928(-2.72% 跌破1.98升级线, 不介入)

  信号验证 (6条, 09:43-09:44):
    已触发 3 条:
      SIG-01(P0黄金减仓): 9.169(-3.23%) 放量(量比3.49+成交11.95亿)跌破9.20(距-0.34%), 低9.134未破9.0 → 已触发, 建议减仓1/3(1,300份)锁定浮盈, 极端9.0下方再减至1/2; 隔夜现货黄金-3%暴跌+沃什鹰派传导兑现
      SIG-02(P0软件止损): 0.706(-1.40%) 开盘0.703即破0.708止损线(低0.701), 收复线0.723远未达 → 已触发, 全仓止损离场2,000份(机械执行)
      SIG-03(P0普跌否决): 开盘30分钟窗口内下跌约6,400只(行业汇总口径)>3,000阈值(跌停8家<100但下跌家数远超) → 已触发, 取消全部T操作
    已取消 1 条:
      SIG-04(P1电网正T): SIG-03普跌否决触发→取消全部T; 叠加现价1.661未站1.70硬门槛(距-2.3%)+电网设备行业-0.41%(40涨/101跌)+主力-0.84亿流出 → 已取消(普跌否决), 1.63支撑未破
    待执行 2 条:
      SIG-05(P1化工建仓): PMI 49.8%>49.7回暖确认✓, 但现价0.826(-1.08%)低0.823逼近证伪线0.82+方向未确认+窗口10:30后未开+普跌否决环境 → 保持待执行, 跌破0.82即证伪放弃
      SIG-06(P1农业建仓): 种植业涨停3只✓(万向德农5板/新赛股份3板/敦煌种业2板)+早盘放量, 但ETF高0.76恰好触及未突破+方向未确认+窗口10:30后未开+普跌否决环境 → 保持待执行, 10:30后复查

  新信号扫描: Tier 1 无触发(北向不可用; 房地产开发5家未>5阈值【地产链整体8家涨停潮但普跌否决日不追加】; 持仓止损=SIG-01/02既有信号; PMI为预期内事件; 无V型反转); Tier 2 房地产/物业(板块跃升+新催化+联动✓但资金流缺口+无ETF标的)、短剧/数字媒体(+3.67%领涨)、液冷服务器(同飞+10%)、粮食概念(万向德农5板) → 均因普跌否决生效+数据缺口记为观察不追加 → 当前无新增信号机会(Tier 3)
  75%窗口过期检查: SIG-03为P0窗口内已触发; SIG-01/02为P0全天豁免; SIG-04已取消; SIG-05/06窗口未开进度0% → 无新过期
  触发/过期/取消/升级: 3 / 0 / 1 / 0

  🚨 需执行操作 (3条P0, 全部触发待确认执行):
    - SIG-20260831-01: 黄金ETF(518880) 减仓1/3(1,300份) 现价9.169(-3.23%, 成本9.056浮盈+1.25%) — 放量破9.20, P0减仓纪律触发, 请确认执行; 极端9.0(低9.134)下方再减至1/2(1,950份)
    - SIG-20260831-02: 软件ETF招商(159899) 全仓止损(2,000份) 现价0.706(-1.40%, 成本0.723浮亏-2.35%) — 开盘破0.708止损线, SIG-07证伪持仓机械止损, 请确认执行
    - SIG-20260831-03: 全市场 普跌否决 — 取消全部T操作(已联动取消SIG-04电网正T), 今日不再开T/建仓

  ⚠️ 提示: ① 普跌否决日(SIG-03触发): 开盘30分钟下跌约6,400只>3,000阈值, 三大指数低开后小幅修复(上证-0.65%→-0.22%)不改普跌事实, 今日取消全部T操作, SIG-04正T已取消; ② SIG-01黄金放量破9.20(隔夜现货黄金-3%+鹰派传导兑现), P0减仓1/3纪律必须执行, 未破9.0不触发减半; ③ SIG-02软件开盘即破0.708(0.706), 机械止损2,000份, 不等收复; ④ SIG-05化工PMI 49.8%超预期回暖但价格走弱(低0.823距0.82证伪线仅0.4%), 普跌环境放弃建仓评估倾向, 跌破0.82证伪; ⑤ SIG-06农业种植业涨停3只但ETF未突破0.76, 普跌环境放弃倾向; ⑥ 房地产(地产链8家涨停)/短剧/液冷/粮食为今日新主线观察, 普跌否决解除后再评估; ⑦ 涨停36/炸板率25%/跌停8情绪中性偏弱, 医药生物-1.86%(433只下跌)承压; ⑧ 北向仍不可用, push2 fflow资金流多数断连(仅电网/化工/农业可用), 行业排名push2 clist本次恢复

[2026-08-31 10:03] 盘中检查 10:00 检查点执行完成
  状态: completed | 检查点: 10:00 (09:55-10:10 窗口) | 交易日: 2026-08-31 周一
  数据时点: 2026-08-31 10:01-10:03 CST (腾讯财经/东财push2ex/push2 clist恢复/push2 fflow全部断连/同花顺热点/hsgtApi; 北向不可用降级)

  市场快照:
    上证 3934.00 (-0.46%, 开3926.53低开-0.65%后修复再走弱) | 深证 13791.66 (-1.16%) | 创业板 3372.24 (-1.52%) | 科创50 1622.01 (-2.41% 科技加速承压)
    北向: 不可用(hsgtApi仅09:44陈旧快照 hgt+2.25/sgt379.75), 降级盘面监控
    🔑 8月官方制造业PMI 49.8% (09:30公布, >预期49.7, 回暖确认); 但普跌否决覆盖PMI利好
    全市场: 100行业汇总 上涨3,494/下跌6,087 (含重复计数, 普跌持续)
    领涨行业: 数字媒体+3.75% 房地产服务+2.81% 影视院线+2.50% 装修装饰+2.24% 元件+1.30% 家居用品+1.17% 银行+0.95% 煤炭+0.85%
    领跌行业: 贵金属-7.54% 饰品-5.36% 光伏设备-2.67% 医疗服务-2.67% 生物制品-2.48% 有色-2.39% 化学制药-2.39% 中药-2.28% 医药商业-2.22% 医药生物-2.02%
    打板: 涨停41 炸板21(炸板率33.9%) 跌停14 最高6连板(海鸥住工6天6板) 连板梯队{1:27,2:9,3:3,5:1,6:1} — 较09:40(36/12/8)炸板率25.0%→33.9%情绪转弱
    涨停行业分布: 通用设备5 房地产开发4 家居用品3 种植业3 装修装饰3 房地产服务2 农化制品2 影视院线2
    题材热度(同花顺41只): 半年报增长5 中报增长4 业绩增长3 液冷散热2 人形机器人2 AI应用2 房地产2 液冷机柜1 (中报主线+液冷+机器人新题材)
    主力资金(0只可用): push2 fflow 全部断连(RemoteDisconnected, 含电网/化工/农业/黄金/软件/有色/工行/宁波)

  持仓ETF (10:01):
    黄金518880: 9.122(-3.73%) 量比2.5 开9.16 高9.171 低9.121 — 放量破9.20持续, 逼近9.0防线
    软件159899: 0.704(-1.68%) 量比3.3 开0.703 低0.701 — 破0.708未收复
    电网159326: 1.655(-1.37%) 量比1.49 开1.657 高1.667 低1.652 — 未站1.70, 1.63支撑未破
    航空159227: 1.003(0.00%) 量比3.12 高1.014 低0.996 | 工行601398: 7.96(+1.27%) 量比2.27 | 宁波002142: 34.22(+1.06%) 量比1.84 (银行防御回流)
  信号标的: 化工159870 0.825(-1.20%) 低0.819 **跌破0.82证伪线** | 农业159825 0.759(+0.26%) 量比3.49 高0.76恰好触及未突破
  关注列表: 银行512800 0.825(+0.98%) 红利510880 3.472(+0.32%) 有色512400 1.915(-3.38% 跌破1.98升级线不介入) 创新药159992 0.842(-2.32%)

  信号验证 (6条, 10:01-10:03):
    已触发 3 条 (维持09:40触发):
      SIG-01(P0黄金减仓): 9.122(-3.73%) 量比2.5 放量破9.20持续, 低9.121逼近9.0未破 → 维持减仓1/3(1,300份), 破9.0减至1/2(1,950份)
      SIG-02(P0软件止损): 0.704(-1.68%) 破0.708未收复(低0.701), 收复线0.723远未达 → 维持全仓止损2,000份
      SIG-03(P0普跌否决): 窗口(09:30-10:00)已结束, 行业汇总跌6,087>3,000普跌持续, 指数跌幅扩大 → 维持取消全部T
    已取消 2 条:
      SIG-04(P1电网正T): 普跌否决取消维持; 1.655未站1.70硬门槛(距-2.6%)+电网设备行业-0.59%(43涨/97跌) → 已取消, 1.63支撑未破
      SIG-05(P1化工建仓): **低点0.819跌破0.82证伪线** → 证伪取消; PMI 49.8>49.7确认但价格走弱, 普跌环境放弃建仓
    待执行 1 条:
      SIG-06(P1农业建仓): 0.759(+0.26%) 量比3.49放量但高0.76恰好触及未突破+方向未确认+窗口10:30后未开+普跌环境 → 保持待执行, 10:30后复查(种植业涨停3只: 万向德农10天7板/新赛股份3天3板)

  新信号扫描: Tier 1 无触发(北向不可用; 单板块涨停数最高通用设备5未>5阈值, 地产链整体12家但普跌否决日不追加; 持仓止损=SIG-01/02既有信号; PMI为预期内事件; 无V型反转); Tier 2 液冷散热/人形机器人新题材标签(同花顺)但无ETF联动+资金流断连无法验证、地产链涨停潮延续但普跌否决日、量比异常(软件3.3/农业3.49/航空3.12)均落在既有信号或观察范围 → 均不追加 → 当前无新增信号机会(Tier 3)
  75%窗口过期检查: SIG-01/02/03为P0豁免; SIG-04/05已取消; SIG-06窗口未开进度0% → 无新过期
  触发/过期/取消/升级: 3 / 0 / 2 / 0

  🚨 需执行操作 (3条P0, 全部触发待确认执行):
    - SIG-20260831-01: 黄金ETF(518880) 减仓1/3(1,300份) 现价9.122(-3.73%, 成本9.056浮盈+0.73%) — 放量破9.20持续, P0减仓纪律, 请确认执行; 破9.0(低9.121逼近)减至1/2(1,950份)
    - SIG-20260831-02: 软件ETF招商(159899) 全仓止损(2,000份) 现价0.704(-1.68%, 成本0.723浮亏-2.63%) — 破0.708未收复, SIG-07证伪持仓机械止损, 请确认执行
    - SIG-20260831-03: 全市场 普跌否决 — 取消全部T操作(已联动取消SIG-04电网正T), 今日不再开T/建仓

  ⚠️ 提示: ① 普跌否决持续生效(SIG-03): 全行业汇总跌6,087只, 三大指数跌幅扩大(科创50-2.41%), 今日全部T/建仓操作取消; ② SIG-01黄金9.122逼近9.0防线(低9.121), 若跌破9.0须减至1/2, 请优先确认减仓1/3执行; ③ SIG-02软件0.704持续破位, 全仓止损2,000份机械执行; ④ SIG-05化工已证伪取消(低0.819<0.82), 化工建仓逻辑今日终结; ⑤ SIG-06农业唯一存续建仓信号(0.759, 量比3.49, 种植业涨停3只), 但未突破0.76+普跌环境, 10:30后窗口复查, 需ETF放量突破0.76才升级; ⑥ 情绪转弱: 涨停41(较09:40+5)/炸板21(炸板率33.9%↑)/跌停14(较09:40+6), 最高6连板海鸥住工(家居); ⑦ 防御回流: 银行+0.95%/工行+1.27%/宁波+1.06%/银行ETF+0.98%, 红利+0.32%; ⑧ 北向不可用, push2 fflow资金流全部断连, 行业排名push2 clist本次恢复(领涨数字媒体+3.75%/房地产服务+2.81%, 领跌贵金属-7.54%)

[2026-08-31 10:32] 盘中检查 10:30 检查点执行完成
  状态: completed | 检查点: 10:30 (10:25-10:40 窗口) | 交易日: 2026-08-31 周一
  数据时点: 2026-08-31 10:31-10:32 CST (腾讯财经/东财push2ex/同花顺热榜/hsgtApi; push2 clist行业排名+fflow资金流全断连; 北向不可用降级; 全球资讯np-weblist空→WebSearch)

  市场快照:
    上证 3941.59 (-0.27%, 开3926.53低开-0.65%后修复至-0.27%) | 深证 13813.89 (-1.00%) | 创业板 3382.12 (-1.23%) | 科创50 1629.38 (-1.97% 科技承压延续)
    北向: 不可用(hsgtApi陈旧快照 hgt-9.28/sgt379.75), 降级盘面监控
    全市场: 行业汇总排名断连(clist不可达), 指数口径跌多涨少普跌持续
    领涨方向(涨停池行业分布+ETF): 地产链(房地产开发2+房地产服务1+装修装饰3+家居用品3=9只涨停) 银行+1.22%/工行+1.91%/宁波+1.24%/红利+0.81%(防御回流) 种植业3只涨停
    领跌方向: 贵金属/有色(有色ETF-3.78%) 创新药-2.44% 科技(科创50-1.97%)
    打板: 涨停51 炸板28(炸板率35.4%) 跌停9 最高6连板(海鸥住工6天6板) 连板梯队{1:35,2:10,3:3,5:2,6:1}
    涨停行业分布: 通用设备5 汽车零部4 家居用品3 种植业3 装修装饰3 房地产开发2 消费电子2 农化制品2 影视院线2 数字媒体2 元件2
    题材热度(同花顺100只): 租售同权/物业管理(我爱我家2天2板/香江控股3天2板) 煤化工/国企改革(金牛化工) 玉米/转基因/粮食(万向德农5天5板/金健米业/敦煌种业) 环氧丙烷(红宝丽) 装配式建筑(金螳螂首板) 深中华A8天7板 神奇制药13天7板
    突发消息(WebSearch): 房地产板块大爆发(我爱我家一字涨停封单25亿) + MSCI中国指数调整今日收盘后生效 + 美伊局势再升级 → 均为早盘已识别逻辑, 未改变盘面方向
    主力资金: 不可用(push2 fflow 8标的全断连)

  持仓ETF (10:31):
    黄金518880: 9.101(-3.95%) 量比2.28 开9.16 高9.171 低9.095 — 放量破9.20持续, 低距9.0极端防线仅0.1%
    软件159899: 0.709(-0.98%) 量比2.23 开0.703 高0.713 低0.701 — 低仍破0.708, 现价微回0.708上方但收复线0.723未达
    电网159326: 1.654(-1.43%) 量比1.11 开1.657 高1.667 低1.652 — 未站1.70, 1.63支撑未破
    航空159227: 1.002(-0.10%) 量比2.06 高1.014 低0.996 | 工行601398: 8.01(+1.91%) 量比1.99 | 宁波002142: 34.28(+1.24%) 量比1.27 (银行防御回流)
  信号标的: 化工159870 0.824(-1.32%) 低0.819仍破0.82证伪线(现价微回0.82上方未确认) | 农业159825 0.753(-0.53%) 量比2.55 高0.76触及未突破
  关注列表: 有色512400 1.907(-3.78% 跌破1.98升级线不介入) | 银行512800 0.827(+1.22%) | 红利510880 3.489(+0.81%) | 创新药159992 0.841(-2.44%)

  信号验证 (6条, 10:31):
    已触发 3 条 (维持09:40/10:00触发):
      SIG-01(P0黄金减仓): 9.101(-3.95%) 量比2.28 放量破9.20持续, 低9.095距9.0极端防线仅0.1% → 维持减仓1/3(1,300份), 破9.0须减至1/2(1,950份)
      SIG-02(P0软件止损): 0.709(-0.98%) 低0.701仍破0.708(现价微回0.708上方但收复线0.723未达) → 维持全仓止损2,000份, 不因微幅反抽动摇
      SIG-03(P0普跌否决): 上证-0.27%/深证-1.00%/创业板-1.23%/科创50-1.97% 指数跌多涨少 → 普跌持续, 取消全部T/建仓维持
    已取消 2 条 (不重复验证):
      SIG-04(P1电网正T): 普跌否决取消维持; 1.654未站1.70硬门槛(距-2.6%); 1.63支撑未破
      SIG-05(P1化工建仓): 证伪取消维持; 低0.819<0.82(现价0.824微回0.82上方但方向未确认, 不恢复建仓逻辑)
    待执行 1 条:
      SIG-06(P1农业建仓): 10:30窗口已开 — 量比2.55>1.5✓ + 种植业涨停3只✓(万向德农10天7板/新赛股份3天3板/敦煌种业2天2板), 但ETF 0.753未突破0.76(高0.76触及未破)+方向未确认+普跌环境 → 未触发保持待执行, 破0.74证伪放弃

  新信号扫描: Tier 1 无触发(北向不可用; 单板块最高通用设备5未>5阈值; 地产链9只涨停为10:00已识别逻辑+普跌否决日不追加; MSCI调整/美伊升级为外部事件未改变盘面; 无V反三信号); Tier 2 量比异常(农业2.55/有色2.55/黄金2.28)均落在既有信号通道、fflow断连无法验证持续资金流入、有色512400跌破1.98升级线不介入、地产链新题材标签(租售同权/物业管理)为已识别 → 均不追加 → 当前无新增信号机会(Tier 3)
  75%窗口过期检查: SIG-01/02/03为P0豁免; SIG-04/05已取消; SIG-06窗口刚开进度~0% → 无新过期
  触发/过期/取消/升级: 0 / 0 / 0 / 0

  🚨 需执行操作 (3条P0, 全部触发待确认执行):
    - SIG-20260831-01: 黄金ETF(518880) 减仓1/3(1,300份) 现价9.101(-3.95%, 成本9.056浮盈+0.50%) — 放量破9.20持续, P0减仓纪律, 请确认执行; ⚠️ 低9.095距9.0极端防线仅0.1%, 破9.0须减至1/2(1,950份)
    - SIG-20260831-02: 软件ETF招商(159899) 全仓止损(2,000份) 现价0.709(-0.98%, 成本0.723浮亏-1.94%) — 低0.701仍破0.708, 现价微回0.708上方但未收复0.723, 维持全仓止损机械执行
    - SIG-20260831-03: 全市场 普跌否决 — 取消全部T操作(已联动取消SIG-04电网正T), 今日不再开T/建仓

  ⚠️ 提示: ① 普跌否决日持续(SIG-03): 指数跌多涨少(深证-1.00%/创业板-1.23%/科创50-1.97%), 今日全部T/建仓取消; ② SIG-01黄金低9.095距9.0极端防线仅0.1%, 若破9.0须执行减至1/2(1,950份), 请优先确认减仓1/3执行; ③ SIG-02软件现价0.709微回0.708上方但收复线0.723远未达, 低0.701仍破位, 全仓止损机械执行不因微幅反抽动摇; ④ SIG-06农业10:30窗口已开: 量比2.55+种植业涨停3只(万向德农10天7板)条件满足但ETF未突破0.76(0.753)+方向未确认+普跌环境→保持待执行, 需放量突破0.76才升级, 破0.74证伪; ⑤ 情绪中性偏弱: 涨停51/炸板率35.4%(较10:00 33.9%↑)/跌停9, 最高6连板海鸥住工(家居); ⑥ 地产链涨停潮延续(我爱我家一字封单25亿/深物业A 2天2板/海鸥住工6天6板, 整体9只)但普跌否决日不追加; ⑦ 防御回流确认: 工行+1.91%/宁波+1.24%/银行ETF+1.22%/红利+0.81%; ⑧ 有色512400 -3.78%跌破1.98升级线不介入; ⑨ 北向不可用, push2 clist行业排名+fflow资金流全断连, 全球资讯np-weblist空→WebSearch检测(MSCI调整/美伊升级为外部事件未改变盘面)
