[2026-08-14 09:46] 盘中检查 09:40 检查点执行完成
  状态: completed | 检查点: 09:40 (09:35-09:50 窗口)
  数据时点: 2026-08-14 09:43-09:44 CST (腾讯财经/东财push2/push2ex/同花顺hsgtApi)

  市场快照:
    上证 3926.18 (-0.02%) | 深证 14350.12 (+0.42%) | 创业板 3617.20 (+0.87%)
    北向: 沪股通 +2.25亿(实时) / 深股通 379.75亿(历史快照,陈旧)
    领涨行业: 电子化学品Ⅱ+3.83% 元件+1.82% 小金属+1.73% 半导体+1.61% 电力+1.38%
    领跌行业: 煤炭-2.55% 影视院线-2.43% 银行-2.25% 一般零售-1.71% 机场-1.68%
    打板: 涨停26 炸板10(炸板率27.8%) 跌停8 最高3连板(4只)

  持仓ETF:
    银行512800: 0.799(-0.50%) 量比1.76 | 电网159326: 1.690(-0.12%) 量比1.62
    航空航天159227: 1.021(+0.39%) 量比1.78 | 纳指513100: 2.226 无成交(疑似停牌)
    半导体512480(观察): 1.077(+0.84%) 高开+1.31% 量比2.41

  信号验证 (6条, 全部保持待执行):
    SIG-01(P0银行锁利): 窗口未到; 创业板强+银行弱跷跷板成立但银行未冲0.81 → 待10:00
    SIG-02(P1纳指正T): 窗口未到; 纳指无成交数据无法验证
    SIG-03(P1纳指反T): 窗口9:45已进入但无成交数据无法验证
    SIG-04(P1电网正T): 窗口未到; 开盘平开+量比1.62达标, 预验证通过
    SIG-05(P2航空观察): 窗口未到; 量比1.78+站上1.02 条件当前已满足, 待10:00确认
    SIG-06(P2半导体观察): 窗口未到; 高开+1.31%方向确认, 30分钟不创新低待验证

  新信号扫描: 无 Tier1/Tier2 触发, 当前无新增信号机会
  75%窗口过期检查: 无信号进入过期(所有窗口尚未开始/刚进入)
  触发/过期/升级: 0 / 0 / 0

  ⚠️ 提示: 纳指ETF(513100)连续两日无成交数据(疑似停牌/QDII额度), SIG-02/03无法验证;
      SIG-05航空观察条件已满足, 10:00 检查点需优先确认是否正式触发

[2026-08-14 10:12] 盘中检查 10:00 检查点执行完成
  状态: completed | 检查点: 10:00 (09:55-10:10 窗口)
  数据时点: 2026-08-14 10:06-10:12 CST (腾讯财经/东财push2ex/同花顺hsgtApi/同花顺热点)

  市场快照:
    上证 3926.70 (-0.01%) | 深证 14307.89 (+0.13%) | 创业板 3599.30 (+0.37%, 09:44曾+0.87%)
    北向: 沪股通 +2.25亿(09:44快照,陈旧) / 深股通 379.75亿(历史快照)
    题材热度(同花顺): 创新药(4) 军工(3) 算力(3) 机器人(3) 化学制药(2) 液冷服务器(2)
    打板: 涨停32 炸板13(炸板率28.9%) 跌停6 最高3连板(4只) 连板梯队{1:22,2:6,3:4}
    涨停行业分布: 化学纤维/汽车零部/医疗服务/化学制药/软件开发/通信设备/元件/专用设备 各2

  持仓ETF:
    银行512800: 0.801(-0.25%) 量比1.19 未冲0.81 | 电网159326: 1.687(-0.06%) 量比1.15 低1.684@09:33
    航空航天159227: 1.031(+1.38%) 量比1.82 站上1.02 | 纳指513100: 2.226 无成交(疑似停牌)
    半导体512480(观察): 1.073(+0.47%) 高开+1.31% 量比1.82 低1.070@09:55

  信号验证 (6条):
    触发 3 条:
      SIG-04(P1电网正T): 主路径触发 — 开盘1.692=昨收✓+量比1.15>0.7✓+30分钟不创新低✓(1.684@09:33未破)
      SIG-05(P2航空观察): 触发 — 量比1.82>1.2✓+价1.031站上1.02✓; 升级未达(方向12/30min,价回落1.027<1.03)
      SIG-06(P2半导体观察): 触发 — 高开+1.31%>1%✓+30分钟不创新低✓(1.070@09:55未破); 高1.088回落-1.4%过山车初现; 升级评估中
    未触发 3 条 (待执行):
      SIG-01(P0银行锁利): 创业板+0.37%<0.5%+银行0.801未冲0.81, 双条件不满足
      SIG-02(P1纳指正T): 无成交数据无法验证
      SIG-03(P1纳指反T): 无成交数据无法验证

  新信号扫描: 无 Tier1/Tier2 触发, 当前无新增信号机会
  75%窗口过期检查: 无信号进入过期 (SIG-01为P0豁免; 其余窗口刚进入5-10%)
  触发/过期/升级: 3 / 0 / 0

  ⚠️ 提示: ① SIG-04电网正T已触发, 建议半仓(7,900份)@1.69附近执行; ② 纳指ETF连续两日无成交(SIG-02/03无法验证, 建议核查QDII额度/停牌状态); ③ SIG-05/06观察升级方向确认均仅12/30min, 10:30检查点复查; ④ 创业板盘中降温至+0.37%, 成长主线强度衰减

=== 盘中检查 10:30 检查点 ===
  状态: completed | 检查点: 10:30 (10:25-10:40 窗口)
  数据时点: 2026-08-14 10:35 CST (腾讯财经/东财push2ex/同花顺hsgtApi/同花顺热点)

  市场快照:
    上证 3923.56 (-0.09%) | 深证 14350.12 (n/a) | 创业板 3623.47 (+1.04%, 10:10曾+0.37%回升)
    北向: 陈旧不可用(昨日15:00快照 hgt-9.28/sgt379.75)
    题材热度(同花顺): 创新药(4) CPO(3) 算力(3) 机器人(3) 低空经济(2) 化学制药(2) 商业航天(2) 液冷服务器(2) 军工(2)
    打板: 涨停38 炸板16(炸板率29.6%) 跌停6 最高5连板(1只) 连板梯队{1:27,2:5,3:5,5:1}
    涨停行业分布: 汽车零部/通信设备 各3, 化学纤维/医疗服务/化学制药/软件开发/元件/专用设备/医药商业/装修装饰 各2

  持仓ETF:
    银行512800: 0.799(-0.50%) 量比0.85 未冲0.81 | 电网159326: 1.698(+0.35%) 量比1.17 高1.699低1.683
    航空航天159227: 1.03(+1.28%) 量比1.45 高1.033低1.011 | 纳指513100: 2.252(+1.17%) 高开+1.39% 量比0.53 [数据恢复!]
    半导体512480(观察): 1.074(+0.56%) 量比1.28 高1.088低1.069

  信号验证 (6条):
    已触发 3 条 (维持):
      SIG-04(P1电网正T): 已触发确认 — 现1.698较触发价1.687浮盈+0.65%, 用户操作待确认
      SIG-05(P2航空观察): 已触发 — 升级评估: 方向35/30min✓ 量比1.45<1.5✗ 价1.03未>1.03✗ → 不升级
      SIG-06(P2半导体观察): 已触发 — 升级评估: 数值三条件满足(方向35/30min✓ 量比1.28>1.2✓ 涨幅0.56%<3%✓) 但价1.088→1.074(-1.3%)过山车特征持续+量比持续回落 → 不升级
    待执行 3 条:
      SIG-01(P0银行锁利): 创业板+1.04%>0.5%✓ 但银行0.799未冲0.81✗ → 双条件缺一, 保持待执行 (窗口10:00-11:00剩25min)
      SIG-02(P1纳指正T): 高开+1.39%非低开 → 正T主/备路径均不成立, 保持待执行
      SIG-03(P1纳指反T): 高开+1.39%>0.5%✓ 但高点2.258回落-0.27%<0.3%✗ → 主路径未触发, 备路径临界, 保持待执行

  新信号扫描: 无 Tier1/Tier2 触发 (无板块涨停>5, 无量比>3, 北向不可用), 当前无新增信号机会
  75%窗口过期检查: 无信号进入过期 (SIG-01为P0豁免; SIG-04已触发)
  触发/过期/升级: 0 / 0 / 0

  ⚠️ 提示: ① SIG-01(P0)窗口10:00-11:00仅剩25min, 银行未冲0.81锁利条件未达成, 若到11:00仍未触发→P0保留转晚盘复核; ② SIG-04电网正T已触发, 用户操作仍未填写, 建议尽快确认执行; ③ 纳指ETF数据恢复(+1.17%高开+1.39%), SIG-03反T备路径(高开+5分钟未创新高)接近临界, 11:00检查点重点复查; ④ SIG-06半导体升级数值达标但过山车特征未消, 维持观察不追

=== 盘中检查 11:00 检查点 ===
  状态: completed | 检查点: 11:00 (午前最后一次 10:55-11:10 窗口)
  数据时点: 2026-08-14 11:04 CST (腾讯财经/东财push2ex/同花顺hsgtApi/同花顺热点)
  数据缺口: 东财push2行业板块排名不可达(间歇风控, 连续3次RemoteDisconnected), 用涨停行业分布+同花顺题材归因替代

  市场快照:
    上证 3908.18 (-0.48%) | 深证 14247.83 (-0.29%) | 创业板 3597.63 (+0.32%) | 沪深300 4646.58 (-0.37%)
    北向: 陈旧不可用(昨日15:00快照 hgt-9.28/sgt379.75), 北向一票否决无法验证
    题材热度(同花顺): CPO(3) 创新药(3) 算力(3) 低空经济(2) 化学制药(2) 商业航天(2) 液冷服务器(2) 医药商业(2) 机器人(2)
    打板: 涨停36 炸板22(炸板率37.9%) 跌停7 最高5连板(1只) 连板梯队{1:25,2:5,3:5,5:1}
    涨停行业分布: 汽车零部/通信设备 各3, 化学纤维/医疗服务/化学制药/软件开发/元件/专用设备 各2
    存储映射降温: 早盘最强🟢4.3半导体今日高开低走, 半导体切割题材仅1家

  持仓ETF:
    银行512800: 0.801(-0.25%) 量比0.73 高0.802 未冲0.81 | 电网159326: 1.687(-0.30%) 量比1.05 高1.7低1.683
    航空航天159227: 1.019(+0.20%) 量比1.2 高1.033低1.011 | 纳指513100: 2.252(+1.17%) 高开+1.39% 量比0.79
    半导体512480(观察): 1.065(-0.28%) 量比1.09 高1.088低1.063 [跌破昨收转绿]

  信号验证 (6条):
    已废弃 1 条:
      SIG-06(P2半导体观察): 证伪废弃 — 高开+1.31%→现1.065跌破昨收1.068转绿, 自高点回落-2.1%过山车完全兑现; 量比1.09<1.2✗+价格转跌方向确认失败✗; 早盘最强🟢4.3存储映射高开低走未兑现
    已触发 2 条 (维持):
      SIG-04(P1电网正T): 已触发确认 — 现1.687回落至触发价, 10:35浮盈+0.65%已回吐, 用户操作待确认
      SIG-05(P2航空观察): 已触发 — 升级评估: 方向✓ 量比1.2<1.5✗ 价1.019<1.03✗ 三条件缺二, 动能衰减(涨幅+1.38%→+0.20%), 午后若跌破1.02→废弃
    待执行 3 条:
      SIG-01(P0银行锁利): 窗口10:00-11:00已到; 创业板+0.32%<0.5%✗(从+1.04%回落)+银行0.801未冲0.81✗ → 双条件均不满足; P0豁免保留转午后13:30复核, 上午锁利条件彻底未达成
      SIG-02(P1纳指正T): 高开+1.39%非低开 → 主/备路径均不成立, 高开格局下正T概率低
      SIG-03(P1纳指反T): 高开+1.39%>0.5%✓ 但高点2.258回落-0.27%<0.3%✗ 主路径未触发; 备路径临界, 午后13:30重点复查

  新信号扫描: 无 Tier1/Tier2 触发 (北向不可用, 无板块涨停>5, 无量比>3, 涨停行业分散无持续性主线), 当前无新增信号机会
  75%窗口过期检查: SIG-01(P0豁免保留); 其余信号窗口未超75%
  触发/过期/升级: 0 / 0 / 0 (SIG-06废弃1)

  ⚠️ 提示: ① SIG-01(P0)上午窗口10:00-11:00已结束, 创业板+0.32%<0.5%+银行未冲0.81双条件均未达成, 转午后13:30复核是否保留; ② SIG-06半导体观察证伪废弃——今日高开低走, 早盘最强映射未兑现, 复盘需总结"外盘强映射≠A股兑现"; ③ SIG-04电网正T已触发现价回落至成本区, 用户操作仍未确认; ④ SIG-03纳指反T备路径临界(回落-0.27%逼近0.3%), 午后13:30重点复查; ⑤ 周五效应: 14:00后不新开T, 午后量能萎缩预期, 高开低走后反弹乏力概率大

=== 盘中检查 14:00 检查点 ===
  状态: completed | 检查点: 14:00 (尾盘前验证 13:55-14:10 窗口)
  数据时点: 2026-08-14 14:05 CST (腾讯财经/东财push2ex+push2-http/同花顺hsgtApi/同花顺热点)
  数据缺口: 北向hsgtApi仅返回09:44数据(陈旧不可用); push2-https被间歇风控改用http协议成功

  市场快照:
    上证 3922.12 (-0.12%) | 深证 14310.58 (+0.15%) | 创业板 3611.12 (+0.70%)
    北向: 不可用(hsgtApi仅返回09:44陈旧数据), 北向一票否决无法验证
    题材热度(同花顺): CPO(4) 创新药(4) 算力(3) 机器人(3) 中报预增(2) 算力租赁(2) 上海国资(2) 存储芯片(2) AI算力(2) 国企改革(2) 化学制药(2)
    打板: 涨停51 炸板22(炸板率30.1%) 跌停6 最高5连板 连板梯队{1:40,2:5,3:5,5:1}
    行业板块(东财push2-http): 通信设备+1.99% 半导体+1.4% 电池+0.56% 国防军工+0.32% | 电力-2.6% 公用事业-2.26% 证券-1.11% 电网设备-1.02% 银行Ⅱ-0.17% 航空机场-0.71%
    存储题材回暖: 存储芯片(2)重回同花顺题材榜, 半导体行业+1.4%领涨, 但半导体ETF(512480)已废弃不追

  持仓ETF:
    银行512800: 0.801(-0.25%) 量比0.76 高0.804 未冲0.81 | 电网159326: 1.703(+0.65%) 量比0.93 高1.713低1.683
    航空航天159227: 1.022(+0.49%) 量比0.89 高1.033低1.011 | 纳指513100: 2.256(+1.35%) 高开+1.39% 量比0.79

  信号验证 (6条):
    已过期 4 条:
      SIG-01(P0银行锁利): 窗口10:00-11:00已彻底关闭; 银行全天最高0.804未冲0.81✗(11:04曾0.801/10:35曾0.799), 创业板+0.70%>0.5%✓方向前提成立但冲高条件全天未达成 → 判定已过期; P0浮盈+24%尾盘可主动锁利(用户自主)
      SIG-02(P1纳指正T): 窗口10:00-14:00已到; 全天高开+1.39%非低开, 主/备路径均不成立 → 已过期; 纳指高开高走正T落空
      SIG-03(P1纳指反T): 窗口9:45-14:00已到; 高开+1.39%>0.5%✓但高点2.258回落仅-0.09%<0.3%✗(11:04曾-0.27%午后收窄) → 反T主路径始终未触发 → 已过期
      SIG-05(P2航空观察): 观察窗口10:00-14:00到期; 现1.022仍站上1.02未废弃(11:04预警线), 但升级条件量比0.89<1.5✗+价1.022<1.03✗均不满足 → 观察到期不升级 → 已过期; 持仓2000份成本2.222浮亏但观察建仓信号作废不追加
    已触发 1 条 (维持):
      SIG-04(P1电网正T): 已触发确认(尾盘前) — 现1.703较10:00触发价1.687浮盈+0.95%, 用户操作待确认; ⚠️电网设备行业-1.02%与ETF+0.65%背离, 提示尾盘确认是否持仓过夜
    已废弃 1 条:
      SIG-06(P2半导体观察): 维持废弃(高开低走过山车证伪)

  新信号扫描: 无 Tier1/Tier2 触发 (北向不可用, 无板块涨停>5, 持仓ETF无量比>3, 存储题材回暖但半导体ETF已废弃不追), 当前无新增信号机会
  75%窗口过期检查: 4条待执行信号(SIG-01/02/03/05)全部窗口关闭判定过期; SIG-04已触发不适用
  触发/过期/升级: 0 / 4 / 0

  ⚠️ 提示: ① 14:00尾盘前检查——SIG-04电网正T已触发现价1.703浮盈+0.95%, 用户操作仍未填写确认, 建议收盘前确认是否持仓过夜; ② 14:30后不新开T纪律: 今日已无待执行新开仓信号, 无需执行; ③ SIG-01银行锁利触发条件全天未达成(银行未冲0.81), 但P0浮盈+24%, 尾盘若想主动锁利由用户自主决策(非信号触发); ④ 周五效应: 创业板+0.70%相对强但电力-2.6%/公用事业-2.26%大幅走弱, 权重拖累上证, 存储题材午后回暖(半导体+1.4%)但半导体ETF已废弃不追; ⑤ 北向数据全天不可用(hsgtApi仅09:44数据), 复盘需人工核对北向终值

=== 14:30 收盘前检查 (14:32 CST) ===
  检查点: 14:30收盘前 — 隔夜风险评估 + 止损强制执行 + 14:30后不新开T纪律

  市场快照:
    上证 3926.19 (-0.02%) | 深证 14335.46 (+0.32%) | 创业板 3618.85 (+0.91%)
    北向: 不可用(hsgtApi仅返回09:44陈旧数据)
    打板: 涨停59 炸板21(炸板率26.2%) 跌停8 最高5连板 连板梯队{1:48,2:5,3:5,5:1}
    行业(东财push2): 通信设备+2.03% 半导体+1.44% 国防军工+0.44% | 电力-2.6% 电网设备-0.95% 航空机场-0.69% 银行Ⅱ-0.2%
    ⚠️ 电网设备行业-0.95% vs 电网ETF+0.89% 持续背离(14:00已提示)

  持仓ETF:
    银行512800: 0.80(-0.37%) 量比0.70 未冲0.81 | 电网159326: 1.707(+0.89%) 量比0.91 高1.713
    航空航天159227: 1.024(+0.69%) 量比0.83 | 纳指513100: 2.261(+1.57%) 量比0.84

  信号验证 (6条全部定案):
    已过期 4 条维持: SIG-01(P0银行锁利)/SIG-02(纳指正T)/SIG-03(纳指反T)/SIG-05(航空观察)
    已废弃 1 条维持: SIG-06(半导体观察-过山车证伪)
    已触发 1 条维持: SIG-04(电网正T) — 现1.707较触发价1.687浮盈+1.0%, 用户操作仍待确认
    无新触发/新过期/新废弃/新升级

  止损强制执行检查:
    🚨 今日无 P0 止损信号(唯一P0为SIG-01减仓锁利, 已过期未达成) → 无强制止损执行

  隔夜风险评估 (周五 2026-08-14):
    纳指513100(底仓13,000份@2.261, 现2.261持平): +1.57%强于大盘, 成本附近; 周五持仓过夜暴露美股周五夜盘+周末跳空, 但为既有底仓非信号操作, 不构成强制减仓
    电网159326(底仓15,800份@1.845, 现1.707 -7.5%浮亏): 核心底仓不动; 🚨 T仓(+7,900份@1.69)若已执行, 尾盘必须T+0卖回, 严禁周五持仓过夜(行业-0.95%背离+周五双风险)
    银行512800(4,400份@0.648, +23.5%浮盈): SIG-01锁利信号全天未达成(银行未冲0.81, 高仅0.804); 周五主动锁利为用户自主决策(非信号触发)
    航空航天159227(2,000份@2.222, 现1.024 -54%): 遗留深亏仓位, 非今日信号; 建议复盘核对成本(疑似份额调整/成本录入异常, 2.222约为现价2倍)
    14:30后不新开T纪律: 已生效 — 当前无待执行新开仓信号, 不再开任何新T单

  新信号扫描: 无 Tier1/Tier2 (北向不可用; 半导体+1.44%存储回暖但512480已废弃不追)
  触发/过期/升级/废弃: 0 / 0 / 0 / 0

  ⚠️ 提示: ① 唯一待办=SIG-04 T仓尾盘平仓确认(若已执行, 卖回1.707附近兑现+1.0%); ② 周五隔夜: 纳指底仓暴露美股夜盘, 银行浮盈+23.5%是否锁利用户自主; ③ 航空航天持仓成本2.222疑似异常, 复盘人工核对; ④ 北向终值复盘需人工补
