[2026-08-27 10:02] 盘中检查 10:00 检查点执行完成
  状态: completed | 检查点: 10:00 (09:55-10:10 窗口)
  数据时点: 2026-08-27 10:01-10:02 CST (腾讯财经/东财push2ex/push2/同花顺热点/hsgtApi)

  市场快照:
    上证 3915.45 (+0.07%, 09:40曾-0.05%转涨) | 深证 13890.20 (+0.35%) | 创业板 3435.60 (+0.61%, 09:40曾-0.07%明显走强)
    沪深300 4595.22 (+0.10%)
    北向: 不可用(hsgtApi仅返回昨日15:00陈旧快照 hgt-9.28/sgt379.75), 降级盘面监控
    领涨行业: 贵金属+3.89% 元件+2.41% 通信设备+2.34% 电子化学品Ⅱ+2.33% 半导体+1.82%
    领跌行业: 生物制品-1.92% 光伏设备-1.79% 出版-1.61% 电池-1.54% 航空机场-1.29%
    打板: 涨停40 炸板8(炸板率16.7%) 跌停2 最高6连板(1只) 连板梯队{1:27,2:5,3:5,4:1,5:1,6:1}
    涨停行业分布: 化学制药4 种植业3 通信设备3 计算机设2 饰品2 塑料2 电网设备2 证券Ⅱ1 家居用品1 贵金属1
    题材热度(同花顺): 光纤光缆/AI光联主线(汇源通信/长飞光纤/杭电股份/法尔胜/日丰股份) 黄金珠宝(深中华A 6天6板/莱绅通灵/湖南黄金复牌) 创新药(誉衡药业/罗欣药业/千金药业) 可控核聚变(立航科技) 液冷/算力(康盛股份/昊华科技/锦龙股份)

  持仓ETF:
    航空航天159227: 0.984(+0.10%) 量比1.44 | 电网159326: 1.676(-0.42%) 量比5.42⚠️ 低1.658未破1.63
    黄金518880: 9.537(+0.21%) 量比1.30 高9.538低9.46 | 工商银行601398: 7.85(-0.88%) 量比2.12
    宁波银行002142: 33.97(-0.21%) 量比1.52 | 半导体512480(观察): 1.036(+1.87%) 量比2.39 开1.025(高开+0.79%)

  信号验证 (6条):
    已过期 2 条:
      SIG-02(P0普跌否决): 窗口09:30-10:00已过; 三大指数全线翻红+跌停仅2家(远<100), 普跌否决从未成立 → 已过期
      SIG-03(P0半导体高开否决): 窗口09:30-10:00已过; 高开仅+0.79%(开1.025)<2%从未达标, 现+1.87%未翻绿 → 否决条件从未成立 → 已过期(风险解除, SIG-05继续有效)
    待执行 4 条:
      SIG-01(P0黄金减仓): 9.537(+0.21%)反弹守9.20(低9.46未破)+量比1.30<1.5未放量 → 未触发, 全天窗口保持
      SIG-04(P1电网正T): 1.676(-0.42%)量比5.42异常放量下跌, 远未站1.70; ⚠️电网设备行业-0.89%主力净流出6.59亿+思源电气跌停, 板块环境恶化正T概率大降; 1.63支撑风险提示维持; 窗口10:30后未到
      SIG-05(P1半导体建仓): 1.036(+1.87%)量比2.39(>1.5✓)涨幅+1.87%(<2%✗差0.13pct临界); 半导体行业+1.82%主力净流入34.61亿 → 升级条件已满足其一, 10:30检查点重点复查
      SIG-06(P1黄金反T): 高点9.538触及9.55下沿但量比1.30未缩量 → 未触发; 窗口13:00-14:30未到

  新信号扫描: Tier 1 无触发(北向不可用; 无单板块涨停>5; 无持仓止损触发; 无V型反转); Tier 2 电网量比5.42>3异常(放量下跌方向不利不追加P1仅风险提示) + 光纤光缆新题材(观察类不追加) → 当前无新增信号机会
  75%窗口过期检查: SIG-02/03自然窗口结束判定过期(P0豁免不适用, 窗口型检查); SIG-01为P0豁免; 其余窗口未开始
  触发/过期/升级: 0 / 2 / 0

  ⚠️ 提示: ① SIG-04电网正T环境恶化——思源电气(电网设备龙头)跌停+行业主力流出6.59亿+量比5.42放量下跌, 1.70硬门槛远未站上, 正T概率大幅下降, 若午后跌破1.63评估减仓; ② SIG-05半导体涨幅+1.87%逼近2%阈值+量比2.39+行业主力+34.6亿, 10:30检查点重点复查是否升级建仓评估; ③ 创业板+0.61%明显走强, 成长修复主线(半导体/通信设备/元件领涨, 主力净流入电子+81.6亿), 与早盘"科技反抽"预判一致但需防午后获利回吐; ④ 光纤光缆/AI光联为今日新主线(涨停潮+楚天龙5板), 观察不追; ⑤ 银行Ⅱ-1.18%主力流出7.09亿, 银行股(工行-0.88%/宁行-0.21%)走弱符合科技-银行跷跷板

[2026-08-27 11:01] 盘中检查 11:00 检查点执行完成
  状态: completed | 检查点: 11:00 (10:55-11:10 窗口)
  数据时点: 2026-08-27 11:00-11:01 CST (腾讯财经/东财push2ex/push2clist/同花顺热点/hsgtApi)

  市场快照:
    上证 3928.34 (+0.40%, 10:00的+0.07%续强) | 深证 13955.64 (+0.83%) | 创业板 3449.14 (+1.00%, 10:00的+0.61%续强, 日内高3464.47)
    沪深300 4601.94 (+0.24%)
    北向: 不可用(仅昨日15:00陈旧快照 hgt-9.28/sgt379.75), 降级盘面监控
    领涨行业: 元件+4.76% 电子化学品Ⅱ+4.65% 半导体+4.08% 贵金属+4.04% 通信设备+3.13%
    领跌行业: 生物制品-1.82% 电池-1.67% 出版-1.43% 酒店餐饮-1.36% 航空机场-1.14%
    主力资金: 半导体+104.87亿 元件+86.39亿 通信设备+84.89亿 (电子链全面净流入) | 医药生物-24.2亿 公用事业-17.05亿 电力-16.27亿
    打板: 涨停58 炸板14(炸板率19.4%) 跌停2(思源电气/安正时尚) 最高6连板(深中华A) 连板梯队{1:43,2:7,3:5,4:1,5:1,6:1}
    涨停行业分布: 种植业4 元件4 通信设备3 塑料3 电网设备3 电子化学3 半导体2 贵金属2
    题材热度(同花顺59只): 半年报预增6 业绩增长4 存储芯片2 PCB2 可控核聚变2 人形机器人2 黄金珠宝2 低空经济2

  持仓ETF:
    航空航天159227: 0.995(+1.22%) 量比1.38 高0.998低0.977 较10:00的+0.10%明显走强
    电网159326: 1.678(-0.24%) 量比3.16⚠️ 高1.683低1.658未破1.63 较10:30的-0.83%收敛企稳
    黄金518880: 9.508(-0.09%) 量比0.83(缩量) 高9.54低9.46未破9.20
    工商银行601398: 7.80(-1.52%) 量比1.65 走弱加深 | 宁波银行002142: 33.71(-0.97%) 量比1.09
    半导体512480(观察): 1.052(+3.44%) 量比1.70 高1.056 续走强逼近目标1.058

  信号验证 (6条):
    已过期 2 条 (10:00定案): SIG-02普跌否决 / SIG-03半导体高开否决
    已执行 1 条:
      SIG-05(P1半导体建仓): 成交1.044/6,100份, 现1.052(+3.44%)浮盈+0.77%; 半导体行业+4.08%主力净流入+104.87亿, 英伟达财报催化(科创芯片ETF涨超3%), 逼近目标+4%=1.058, 止损-2%=0.997保护
    待执行 3 条:
      SIG-01(P0黄金减仓): 9.508(-0.09%)量比0.83缩量未破9.20 → 未触发, P0全天窗口保持
      SIG-04(P1电网正T): 1.678(-0.24%)量比3.16, 10:30-11:30窗口进度~50%, 远未站1.70; 思源电气仍跌停但杭电2板/日丰/华盛昌涨停板块内部分化; 1.63支撑未破, 午后13:30路径待验证
      SIG-06(P1黄金反T): 9.508未到9.55区间, 量比0.83已缩量, 午后13:00-14:30窗口若反弹至区间且维持缩量→触发

  新信号扫描: Tier 1 无触发(北向不可用; 无单板块涨停>5【最高种植业4/元件4】; 无持仓止损触发【黄金9.20/电网1.63均未破】; 无V型反转; 英伟达财报催化属SIG-05已触发通道延续不构成新P1); Tier 2 电网量比3.16>3维持异常但价格-0.24%收敛企稳迹象方向仍偏弱不追加P1仅风险提示 + 存储芯片/PCB/可控核聚变新题材(观察类不追加); 关注列表复核: 有色512400 1.967(+1.18%)量比0.99未回踩1.90不达升级, 农业159825 0.738(+0.41%)量比1.22未放量突破0.74不达升级(种植业涨停4家仅满足一半) → 当前无新增信号机会
  75%窗口过期检查: SIG-04窗口10:30-11:30进度~50%未到75%; SIG-01为P0全天豁免; SIG-06午后窗口未开始 → 无新过期
  触发/过期/升级: 0 / 0 / 0 (SIG-05已于10:30升级触发并执行)

  ⚠️ 提示: ① SIG-05浮盈+0.77%逼近目标+4%(1.058), 科技主线(英伟达财报催化)延续但需防午后获利回吐, 严格执行止损-2%(0.997); ② SIG-04电网正T上午窗口大概率落空(未站1.70), 午后13:30路径仍可验证, 但思源电气跌停压制板块情绪, 若跌破1.63评估减仓; ③ 银行继续走弱(工行-1.52%/宁行-0.97%), 科技-银行跷跷板延续, 成长主线明确; ④ 半导体/元件/通信设备主力合计净流入超270亿, 电子链全面走强与早盘"科技反抽"预判高度一致

[2026-08-27 13:33] 盘中检查 13:30 检查点执行完成
  状态: completed | 检查点: 13:30 (13:25-13:40 窗口)
  数据时点: 2026-08-27 13:32-13:33 CST (腾讯财经/东财push2ex/同花顺热点/hsgtApi; push2 clist+fflow 东财风控不可用)

  市场快照:
    上证 3942.05 (+0.75%, 11:00的+0.40%续强) | 深证 13951.61 (+0.80%) | 创业板 3440.51 (+0.75%, 日内高3471.38=+1.65%回落)
    沪深300 4609.57 (+0.41%)
    北向: 不可用(hsgtApi仅返回09:44陈旧快照 hgt+2.25/sgt379.75), 降级盘面监控
    行业排名: 不可用(push2 clist 东财风控 RemoteDisconnected), 以涨停行业分布+题材热度替代
    打板: 涨停68 炸板18(炸板率20.9%) 跌停2 最高6连板(深中华A) 连板梯队{1:52,2:8,3:5,4:1,5:1,6:1}
    涨停行业分布: 种植业4 塑料4 元件4 通信设备3 电网设备3 电子化学3 半导体3 专用设备3 证券Ⅱ2 化学制药2
    题材热度(同花顺100只): 光纤/AI光联(亨通光电+8.0%/长飞光纤涨停/杭电股份2板/中天科技+5.6%/烽火通信+6.0%) CPO(中际旭创/工业富联+4.7%/生益科技+7.2%/胜宏科技+4.0%) 存储芯片(大普微+20%涨停/太极实业/兆易创新+3.2%) 液冷(飞龙股份涨停/英维克+4.1%/康盛股份3板) 医药(百花医药/神奇制药涨停/冀衡医药3板) 农业种业(金健米业/万向德农3板涨停) 黄金珠宝(深中华A 6板/湖南黄金涨停) 数字货币(楚天龙5板)

  持仓ETF:
    航空航天159227: 0.993(+1.02%) 量比1.01 高0.998低0.977 | 电网159326: 1.684(+0.06%) 量比2.37 高1.687(突破上午高点1.683)低1.658未破1.63 日内均价≈1.672
    黄金518880: 9.476(-0.43%) 量比0.77缩量 高9.54低9.46未破9.20 | 工商银行601398: 7.84(-1.01%) 量比1.29
    宁波银行002142: 33.96(-0.24%) 量比0.89 | 半导体512480(已建仓): 1.047(+2.95%) 量比1.34 高1.061(超目标1.058)低1.02

  信号验证 (6条):
    已过期 2 条 (10:00定案): SIG-02普跌否决 / SIG-03半导体高开否决
    已触发 1 条:
      SIG-04(P1电网正T): 午后路径三条件齐备(现价1.684站上日内均价1.672✓+量比2.37放量✓+未破上午高点1.683且创新高1.687✓) → 已触发, 正T 1,975份当日了结
    已执行 1 条:
      SIG-05(P1半导体建仓): 1.047(+2.95%) 曾触高1.061(+1.63%超目标1.058)未止盈回落, 现浮盈+0.29%; 量比1.34缩量; 止损0.997未破
    待执行 2 条:
      SIG-01(P0黄金减仓): 9.476(-0.43%)量比0.77缩量未破9.20 → 未触发, P0全天窗口保持(极端防线9.0)
      SIG-06(P1黄金反T): 9.476未到9.55-9.60区间, 量比0.77已缩量, 窗口13:00-14:30进度33% → 未触发

  新信号扫描: Tier 1 无触发(北向不可用; 无单板块涨停>5【最高种植业/塑料/元件各4家】; 无持仓止损触发【黄金9.20未破/电网1.63未破】; 无V型反转; 突发异动阳光电源-12.8%光伏大跌非持仓仅观察提示); Tier 2 电网量比2.37仍>1.5但已从7.78/5.42/3.16持续回落且价格转涨属SIG-04触发通道不重复追加 + 光纤/AI光联/CPO/存储芯片/PCB/液冷为上午题材延续非新标签 + 北向/主力资金流接口不可用"持续资金流入"无法验证 → 当前无新增信号机会
  75%窗口过期检查: SIG-06窗口进度33%<75%; SIG-01为P0全天豁免; SIG-04已触发 → 无新过期
  触发/过期/升级: 1 / 0 / 0

  🚨 需执行操作:
    - SIG-20260827-04: 电网设备ETF(159326) 正T 1,975份 @~1.684 (午后路径触发), 当日了结(T+0), 目标+2%(1.717)/止损-1%(1.683)

  ⚠️ 提示: ① SIG-04电网正T午后路径触发——站上日内均价+放量+突破上午高点, 电网设备涨停3家(杭电2板/日丰/华盛昌)板块回暖, 思源电气跌停压制弱化; 若执行必须当日T+0了结不隔夜; ② SIG-05半导体曾触高1.061超目标1.058未止盈回落至1.047, 若再冲1.058建议止盈落袋, 止损0.997保护; ③ 创业板从日内高+1.65%回落至+0.75%, 半导体/元件高位获利回吐迹象, 上证+0.75%权重补涨, 风格短暂切换; ④ 黄金午后走弱至9.476(-0.43%)缩量, 若放量跌破9.46前低关注9.20防线(SIG-01), SIG-06反T需反弹至9.55-9.60才触发, 两者互斥; ⑤ 阳光电源-12.8%光伏大跌, 若扩散可能拖累成长板块情绪; ⑥ 北向/主力资金流/行业排名接口仍不可用(东财间歇风控), 已降级量价验证

[2026-08-27 14:33] 盘中检查 14:30 收盘前检查点执行完成
  状态: completed | 检查点: 14:30 (14:25-14:40 窗口)
  数据时点: 2026-08-27 14:31-14:33 CST (腾讯财经/东财push2ex/push2 clist/同花顺热点/hsgtApi; push2 fflow 东财风控不可用)

  市场快照:
    上证 3951.39 (+0.99%, 14:00的+0.84%续强, 尾盘冲高) | 深证 14030.34 (+1.37%) | 创业板 3469.92 (+1.61%, 日内高3471.38=+1.65%)
    沪深300 4613.03 (+0.43%)
    北向: 不可用(hsgtApi仅返回15:00陈旧快照 hgt-9.28/sgt null), 降级盘面监控
    领涨行业: 电子化学品Ⅱ+5.04% 元件+5.01% 半导体+4.65% 非金属材料Ⅱ+4.49% 电子+3.69%
    领跌行业: 出版-1.39% 银行Ⅱ-1.05% 影视院线-0.87% 航空机场-0.81% 电视广播Ⅱ-0.75%
    打板: 涨停73 炸板18(炸板率19.8%) 跌停3 最高6连板 连板梯队{1:57,2:8,3:5,4:1,5:1,6:1}
    涨停行业分布: 半导体5 种植业4 塑料4 元件4 通信设备3 电网设备3 电子化学3 汽车零部3
    跌停: 思源电气(-10.0% 电网设备 封单5.07亿) 安正时尚(-9.99%) 地铁设计(-9.97%)
    题材热度(同花顺): 半导体石英(石英股份) 液冷水泵+机器人执行器(美湖股份) 存储芯片+先进封装(联瑞新材/天通股份) CPO/光通信芯片(金字火腿) 半导体材料/设备(先导基电/东方钽业) 中报增长(桐昆股份/东材科技)

  持仓ETF:
    航空航天159227: 0.998(+1.53%) 量比0.87 高0.998低0.977 | 电网159326: 1.690(+0.42%) 量比1.86 高1.692低1.658 日内均价≈1.680
    黄金518880: 9.469(-0.50%) 量比0.76缩量 高9.54低9.45未破9.20 | 工商银行601398: 7.84(-1.01%) 量比1.17
    宁波银行002142: 33.76(-0.82%) 量比0.85 | 半导体512480(已建仓): 1.058(+4.03%) 量比1.07 高1.061低1.02 现价已达目标+4%(1.058)
  关注列表: 有色512400 1.969(+1.29%)量比0.67 未回踩1.90 | 农业159825 0.745(+1.36%)量比1.10 突破0.74但放量不足

  信号验证 (6条):
    已过期 3 条: SIG-02普跌否决(10:00定案) / SIG-03半导体高开否决(10:00定案) / SIG-06黄金反T(14:30新增)
      SIG-06(P1黄金反T): 窗口13:00-14:30已过; 黄金全天未反弹至9.55-9.60区间(日内高仅9.54), 反T触发条件从未满足 → 75%窗口+自然窗口双重过期
    已触发 1 条:
      SIG-04(P1电网正T): 1.690(+0.42%)量比1.86, T仓1,900份@1.684浮盈+0.36%; 目标1.717全天未达(高1.692), ⚠️14:30收盘前纪律T仓必须T+0当日了结不隔夜, 尾盘建议平仓落袋
    已执行 1 条:
      SIG-05(P1半导体建仓): 1.058(+4.03%)量比1.07, **现价已达目标+4%(1.058)**(日内高1.061), 成交1.044浮盈+1.34%; 建议尾盘止盈落袋锁定利润
    待执行 1 条:
      SIG-01(P0黄金减仓): 9.469(-0.50%)量比0.76缩量未破9.20 → 未触发, P0全天窗口保持(极端防线9.0), 距收盘~30分钟破9.20概率低但须盯

  新信号扫描: Tier 1 无触发(北向不可用; 无单板块涨停>5【最高半导体5家/种植业4/塑料4/元件4】; 无持仓止损触发【黄金9.20未破/电网1.63未破】; 无V型反转; 无新突发重大消息——英伟达续催化属SIG-05已执行通道延续); Tier 2 无量比异常(电网1.86/黄金0.76/半导体1.07/航空0.87均正常) + 行业排名本次可用(领涨电子化学品Ⅱ+5.04%/元件+5.01%/半导体+4.65%科技主线延续, 无>50位剧烈变化证据) + 主力资金流仍不可用"持续资金流入"无法验证 + 同花顺热点为既有题材延续非新标签; 关注列表复核: 有色未回踩1.90不升级, 农业突破0.74但量比1.10放量不足+尾盘时间窗过晚维持观察 → 当前无新增信号机会
  75%窗口过期检查: SIG-06窗口13:00-14:30已过且未触发 → 判定已过期; SIG-01为P0全天豁免(不强制); SIG-04/05已触发执行
  触发/过期/升级: 0 / 1 / 0

  🚨 需执行操作 (14:30 收盘前特殊职责):
    - SIG-20260827-04: 电网设备ETF(159326) T仓1,900份@1.684 现价1.690(浮盈+0.36%) — 当日了结纪律, 尾盘必须T+0平仓不隔夜
    - SIG-20260827-05: 半导体ETF(512480) 6,100份@1.044 现价1.058已达目标+4% — 建议尾盘止盈落袋锁定+1.34%利润

  ⚠️ 提示: ① SIG-05半导体目标达成(1.058), 尾盘止盈落袋锁定利润, 防止隔夜回吐(14:30后不新开T但止盈不受限); ② SIG-04电网T仓必须T+0了结——目标1.717未达但已浮盈+0.36%, 平仓落袋不隔夜; ③ SIG-01(P0黄金减仓)全天未触发, 尾盘缩量(量比0.76)破9.20概率低, 收盘后黄金底仓3,900份@9.056持有过夜, 风险可控; ④ 银行继续领跌(银行Ⅱ-1.05%, 工行-1.01%/宁行-0.82%), 科技-银行跷跷板延续, 底仓不动; ⑤ 涨停73/炸板率19.8%情绪健康, 思源电气续跌停为电网个股利空未扩散; ⑥ 北向/主力资金流接口仍不可用(东财间歇风控), 已降级量价验证


