[2026-08-27T17:12:03] LOGIC_INSPECT 开始 | 交易日=是
[2026-08-27T17:12:33] LOGIC_INSPECT 开始 | 交易日=是

[2026-08-27T17:23:00] === 巡检结果汇总 ===
A1:PASS archive/20260827/早盘分析-staging.md 存在（15,707 bytes）
A2:PASS archive/20260827/复盘分析-staging.md 存在（6,000 bytes）
B1:PASS 早盘 staging 8 章节完整
B2:PASS 复盘 staging 5 章节完整，教训>=2 变量>=3
B3:PASS 代码-名称交叉校验通过
B4:FAIL staging mtime(15:42) < evening_review完成(15:45:44) → STALE（内容已含8/28，疑似检查时序误报，BUG-007）
C1:FAIL 早盘报告缺「日历核实/事件验证」「vs实际/上期预判回顾」关键词（报告实际用「前次预测回顾/海外市场传导」，命名漂移，BUG-008）
C2:PASS 每日信号章节完整
C3:FAIL 复盘报告缺「次日预案/次日核心变量」关键词（报告实际用「次日核心关注」，命名漂移，BUG-009）
C4:PASS task_state 与报告一致（WARN: staging_generated 字段为空）
D1:PASS config/持仓.md 与 每日调仓.md 一致（6 个持仓）
D2:PASS task_state date=20260827, trading_day=True
D3:PASS 无孤立信号（2 条追踪中）
D4:PASS 信号模型一致性
E1:PASS 经验文件无内容矛盾（普跌日不做T vs risk-off银行正T 已有双向例外条款约束）
E2:PASS BUG_INDEX 统计与实际一致（OPEN=0, FIXED=5, WONT_FIX=1, MANUAL_REVIEW=3）
---
总计: 12 PASS, 3 FAIL, 1 WARN（FAIL 全部转 BUG，均 MANUAL_REVIEW）
新增 BUG: BUG-007/008/009 共 3 个（MANUAL_REVIEW=3）
PENDING_CONFIRMATION: 3 项（BUG-007/BUG-008/BUG-009）
[2026-08-27T17:23:00] LOGIC_INSPECT 结束

[2026-08-27T17:18:59] === 巡检结果汇总 ===
A1:PASS archive/20260827/早盘分析-staging.md (15707 bytes)
A2:PASS archive/20260827/复盘分析-staging.md (6000 bytes)
B1:PASS 早盘 staging 8 章节完整
B2:PASS 复盘 staging 5 章节完整，教训>=2 变量>=3
B3:PASS 代码-名称交叉校验通过
B4:FAIL STALE — staging mtime(15:42) < evening_review完成(15:45:44)；但内容新鲜指向8/28，判定为检查基线缺陷（mtime 应比 executed_at），非复盘违规 → BUG-007(MANUAL_REVIEW)
C1:FAIL 早盘报告缺「事件验证」「上期预判回顾」关键词 — 报告实际用「海外市场传导」「前次预测回顾」，内容实质完整，检查关键词漂移 → BUG-008(MANUAL_REVIEW)
C2:PASS 每日信号章节完整
C3:FAIL 复盘报告缺「次日核心变量」 — 报告用「次日核心关注」，命名漂移 → BUG-009(MANUAL_REVIEW)
C4:PASS task_state 与报告一致（WARN: staging_generated 字段为空）
D1:PASS config/持仓.md 与 每日调仓.md 一致 (6 持仓)
D2:PASS task_state date=20260827, trading_day=True
D3:PASS 无孤立信号（2 条追踪中）
D4:PASS 信号模型一致
E1:PASS 经验文件无内容矛盾（8/26 矛盾已由双向交叉引用+例外条款解决）
E2:PASS BUG_INDEX 统计与实际一致 (OPEN=1, FIXED=5, WONT_FIX=1)
---
总计: 13 PASS, 3 FAIL, 1 WARN（FAIL 全部转 BUG）
新增 BUG: BUG-007(B4 误报判定) BUG-008(C1 漂移) BUG-009(C3 漂移) BUG-010(检查脚本缺陷: C1-C3 引号语法 + C4/D2 编码) 共 4 个（并发巡检进程创建 007/008/009，本进程补记 010）
PENDING_CONFIRMATION: 3 项（#4 BUG-007 / #5 BUG-008 / #6 BUG-009）
[2026-08-27T17:18:59] LOGIC_INSPECT 结束
