[2026-08-31T17:11:17] LOGIC_INSPECT 开始 | 交易日=是
[2026-08-31T17:11:17] A1: PASS — archive/20260831/早盘分析-staging.md 存在 (20605 bytes)
[2026-08-31T17:11:17] A2: PASS — archive/20260831/复盘分析-staging.md 存在 (7500 bytes)
[2026-08-31T17:11:17] B1: PASS — staging/今日-早盘分析.md 8 章节完整
[2026-08-31T17:11:17] B2: FAIL — 核心变量误报(仅2个,实际5个) → BUG-011 更新(8/31 复现, 🔑 前缀漏计)
[2026-08-31T17:11:17] B3: PASS — staging 代码-名称与 config/持仓.md 一致
[2026-08-31T17:11:17] B4: PASS — staging 新鲜指向 9/1（B4 误报本次未复现）
[2026-08-31T17:11:17] C1: FAIL — 2 MISSING(事件验证/上期预判回顾) → BUG-008 更新(8/31 第三次复现, 报告用前次预测回顾/海外市场传导)
[2026-08-31T17:11:17] C2: PASS — reports/20260831/每日信号.md 7 章节完整
[2026-08-31T17:11:17] C3: FAIL — 3 MISSING(早盘预判复盘/做T预判复盘/次日核心变量) → BUG-009 更新(8/31 第三次复现扩大到 3 处)
[2026-08-31T17:11:17] C4: WARN — evening_review=completed 但 staging_generated 字段为空 (与 BUG-007 关联, 第三次 WARN, 不创建 BUG)
[2026-08-31T17:11:17] D1: PASS — config/持仓.md 与 每日调仓.md 一致 (5 持仓, 可用金额一致)
[2026-08-31T17:11:17] D2: PASS — task_state date=20260831, trading_day=True
[2026-08-31T17:11:17] D3: PASS — 无孤立信号 (6 条追踪中)
[2026-08-31T17:11:17] D4: PASS — 信号模型一致性 (7 处标记齐全)
[2026-08-31T17:11:17] E1: PASS — 经验文件无内容矛盾 (投资/短线/审阅 三文件交叉引用+场景限定完整)
[2026-08-31T17:11:17] E2: PASS — BUG_INDEX 统计与实际一致 (OPEN=0 FIXED=7 WONT_FIX=1)
[2026-08-31T17:11:17] BUG 处理: 无新建（B2→BUG-011 / C1→BUG-008 / C3→BUG-009 / C4→BUG-007 均为既有 MANUAL_REVIEW 复现, 更新复现记录）
[2026-08-31T17:11:17] PENDING_CONFIRMATION: 4 项待确认 (BUG-007/008/009/011) 已追加 8/31 复现标注
[2026-08-31T17:11:17] LOGIC_INSPECT 结束 | 总计: 13 PASS, 3 FAIL(B2/C1/C3 均为检查器缺陷/漂移, 内容实际合格), 1 WARN(C4)
