========================================
收盘复盘自动执行日志
========================================
日期: 2026-09-03
执行开始: 15:52:00 CST
执行结束: 16:45:00 CST
状态: 成功

== 执行摘要 ==
- 第零步(云端持仓同步): PULLED 成功 (holdings/每日调仓.md + holdings/持仓.md)
- 第一步(前置检查): 早盘报告 EXISTS / 每日信号 EXISTS / 复盘 staging EXISTS; 幂等检查 → 强制执行
- 第二步(task_state): evening_review → in_progress
- 第二步半(数据源探测): all_ok (7/7, push2 直连 clist 间歇被拒已用 push2delay 镜像)
- 第三步(数据收集): 指数/持仓/关注ETF (腾讯) + 行业100/概念504 板块 OHLC (push2delay clist) + 涨停44/炸板33(42.9%)/跌停16/晋级率17.3% (push2ex)
- 第四步(盘面回顾): 震荡修复日 (上证+0.02%/深证+0.10%/创业板+0.01%/科创50-0.40%), 缩量(量比0.92), 广度跌多涨少, 炸板率42.9%高位
- 第五步(异动扫描): 行业/题材版 10 板块 (上涨5: 培育钻石/保险/液冷/航运/元件; 下跌5: 影视院线/数字媒体/AI语料/传媒/广告营销)
- 第六步(持仓复盘): 5 持仓逐只 + 做T建议复盘 (无T执行, 少动纪律)
- 第七步(预测回顾): 全对3/7 + 半对3/7 (回避项/证伪转守精准; 大盘幅度高估 + 保险/航运遗漏)
- 第八步(信号复盘): 5条评价 + 统计回填 + 8.7 写入验证 [PASS]; parse 0 条新入库; 结算 SIG-20260901-06-盘中 农业 miss @0.748 (-231.8 模拟口径, 用户未执行)
- 第九步(经验沉淀): 投资经验.md +3 条 (震荡修复日判别/银行高位护盘轮动/信号样本区分+少动纪律)
- 第十步(持仓同步): config/持仓.md 已更新 + 验证 [PASS] (5 持仓, 0 调仓, 可用金额 37,629)
- 第十一步(Staging): 11.0 归档 archive/20260903/ (早盘+复盘 staging); 生成 9/4 staging; 11.3 交叉校验 [PASS]; 11.5 生成验证 [PASS]
- 第十二步(复盘报告): reports/20260903/复盘报告.md 已输出
- 第十三步(报告审阅): 3 轮自检 (数据核验 32/32 + 逻辑一致性 + 交叉引用修正); 运行提示 + 工单
- 第十四步(REQ 验证): REQ-003 测试 19/19 PASS, 保持 IMPLEMENTED (观察至 9/7, 追加 9/3 验证); REQ-006 新建 (信号质量样本区分); BUG-021 新建 (159227 成本未复权)
- 第十五步(task_state): evening_review → completed, staging_generated=true
- 第十六步(最终产出验证): 待执行
- 第十七步(调度器): --complete + --clear-running

== 产出文件 ==
- my_doc/每日复盘/reports/20260903/复盘报告.md
- my_doc/每日复盘/reports/20260903/每日信号.md (已回填评价/统计/收益追踪)
- my_doc/每日复盘/harness/staging/今日-早盘分析.md (9/4 早盘)
- my_doc/每日复盘/harness/staging/今日-复盘分析.md (9/4 复盘)
- my_doc/每日复盘/harness/archive/20260903/早盘分析-staging.md + 复盘分析-staging.md
- my_doc/每日复盘/harness/experience/投资经验.md (+3 条)

== 警告 ==
- BUG-017 复现 (push2 直连 clist 间歇被拒; push2delay 镜像可用未降级; 北向断供 ≥4 交易日)
- BUG-021 新建 (159227 成本未复权, MANUAL_REVIEW)
- REQ-006 新建 (信号质量统计样本口径)
- 北向不可用 (hsgt 陈旧快照)
