[2026-09-03 10:34] 盘中检查 10:30 检查点执行完成
  状态: completed | 检查点: 10:30 (10:25-10:40 窗口) | 交易日: 2026-09-03 周四
  数据时点: 2026-09-03 10:32-10:34 CST (腾讯财经/东财push2ex/push2 clist行业/同花顺热榜/hsgtApi/东财全球资讯; push2 fflow仅159326/159227/601398/002142/159611可用, 518880/512480断连且数值口径存疑[总额>成交额, 判方向为主]; 北向不可用降级; clist间歇风控二次查询失败用单次快照)
  持仓同步: PULLED (云端持仓/调仓已同步至本地: 宁波400/航空1400/电网7900/黄金2600/工行1500)

  市场快照:
    上证 3958.46 (+0.43%) | 深证 13643.19 (+0.23%) | 创业板 3320.00 (+0.23%) | 科创50 1613.55 (-0.25%)
    形态: 高开低走兑现——深(开13711→13643)/创(开3342→3320)/科(开1635→1614)全部跌破开盘价, 科创50 转负-0.25%; 上证 高开(3952.79)后现价+0.43% 权重护盘未破开盘
    北向: 不可用(hsgt 15:00陈旧快照 hgt-9.28/sgt+379.75为历史缓存, 非当日实时), 降级盘面监控
    行业汇总: 跌5,850>涨3,645 (10:34, 较10:02-10:04临界震荡[跌5059>涨4318→涨4711>跌4659]转为单向跌多涨少, 广度恶化)
    领涨行业(10:34已知): 航运港口+2.66%(涨35跌0全线飘红) 影视院线+2.56% 煤炭+1.22% 铁路公路+0.93% 航空机场+0.72% 出版+0.70%
    领跌行业(10:34已知): 塑料-1.48% 农林牧渔-1.30% 综合-0.81% 广告营销-0.81% 纺织制造-0.72% 纺织服饰-0.70% 通信-0.64%
    打板: 涨停32(10:00 27↑) 炸板20(炸板率38.5%, 10:00 35.7%↑三连升恶化) 跌停8(10:00 6↑) | 最高5连板(国芳集团5天5板; 集泰股份/欢瑞世纪/龙版传媒4天4板)
    晋级率: 19.2% (10/52) 与10:00持平 <30% → 9/2涨停潮题材延续性仍弱(传媒链降温中)
    题材热度(同花顺TOP15): PET铜箔/光纤(远东股份+6.46%#1) 中俄贸易/军民融合(内蒙一机+3.88%) IP经济(国芳集团涨停) 粮食(金健米业-2.10%分歧) 数字货币(楚天龙10天6板) 抽水蓄能/核聚变(雪人集团+4.14%) F5G/AI PC(春秋电子) — 无全新题材; 高位人气股杀跌: 哈药-7.4%/一鸣-10%/爱丽-10%/长城军工-5.5%/金牛化工-5.1%
    全球资讯: 无持仓直接突发重大消息(美国8月小非农不及预期→金价震荡回升[黄金受益已反映+2.06%]; 港股券商拉升; 铠侠CXL内存样品[半导体A股映射弱]; 液冷服务器/煤炭概念震荡反弹)
    主力资金(fflow 10:34, 口径存疑判方向): 159326 +2.39亿(09:40 +4,493万→10:00 +1.18亿→连续第3检查点净流入逐级扩大) | 159227 +1.95亿(航空,主力流入价格微跌) | 159611 +9.96亿(电力) | 601398 -24.55亿(较10:04 -7.46亿扩大3.3x,银行高位流出升级) | 002142 +13.48亿(宁波创新高) | 518880/512480断连

  持仓ETF (10:32):
    黄金518880: 9.085(+2.06%) 量比1.18(10:00 1.55收缩) 高9.089 低9.045 — 站回9.0上方维持守线, 小非农不及预期金价支撑
    电网159326: 1.643(-0.06%) 量比1.16 高1.66 低1.641 — 主力+2.39亿连续流入但价格滞涨(修复初期), 1.70硬门槛未站
    航空159227: 1.031(-0.29%) 量比1.73(10:00 2.79继续回落) 高1.035 低1.026 — 低空大会放量回调持续, 但主力+1.95亿流入资金承接
    工行601398: 8.22(0.00%) 量比1.03 高8.27 低8.15 — fflow -24.55亿高位流出升级(数值存疑判方向), MA5 8.02防线未破
    宁波002142: 34.95(+1.90%) 量比2.02 高34.99(创新高) 低34.08 — 放量突破34.5后延续看新高, 持有不加
  信号标的: 半导体512480 1.005(-0.50%) 量比1.37 高1.023 低1.001 — 续弱, 高1.023全天未达1.026, 低1.001逼近1.0关口
  关注列表: 军工512660 1.137(-0.44%) | 汽车零部516110 1.112(+0.27%) 量比1.5 | 电力159611 1.053(+0.77%) 量比2.08 主力+9.96亿 | 银行512800 0.852(+0.95%) 量比1.59

  信号验证 (5条, 10:32-10:34):
    已触发 0 条 | 已过期 0 条(新增) | 已取消维持 1 条 | 待执行维持 3 条
      SIG-01(P0黄金减仓,已取消): 9.085(+2.06%)量比1.18站回9.0守线 + 小非农不及预期金价回升 → 证伪取消维持(转守9.0); 午后放量破9.0需人工决策
      SIG-02(P0普跌否决,已过期): 窗口已关(10:00末复核非系统性普跌→过期)不回溯触发; 高开低走兑现(深/创/科破开盘价)+广度单向恶化(跌5850>涨3645)+炸板率38.5%三连升+高位股杀跌→偏弱情景兑现中, 非系统性普跌但做T环境趋弱
      SIG-03(P0打新抽血,待执行纪律生效): 512480 1.005(-0.50%)续弱, 高1.023全天未放量站稳1.026 → 打新回流未确认, 不追高科技纪律维持(全天)
      SIG-04(P1电网正T,窗口内未触发): 10:30窗口已开核查三条件: 站上1.70✗(1.643距门槛-3.4%,连续第13日未站)/量比>0.8✓(1.16)/企稳—(1.641-1.66窄幅未破1.62证伪线但未转强) → 未触发; 主力+2.39亿连续3检查点流入为午后窗口保留基础; 11:30上午窗口结束未站转13:30后窗口
      SIG-05(P1半导体建仓,窗口内未触发): 10:30后窗口已开, 双条件均未满足: 512480 1.005<1.026✗ + 科创50 -0.25%转负✗ → 未触发; SIG-03纪律下不激活
    75%窗口过期检查: SIG-04窗口(10:30-11:30)进度约7%<75%不过期; SIG-05开放窗口不过期; SIG-03 P0全天豁免 → 无新过期
    触发/过期/取消/升级: 0 / 0 / 0 / 0

  新信号扫描: Tier 1 无(北向不可用无法验证逆转; 单板块涨停潮无[最高2-3只<5,航运港口2涨停板块+2.66%属资金抱团非涨停潮]; 持仓无止损触发[最大跌幅航空-0.29%]; 无突发重大消息[小非农/铠侠CXL/港股券商与持仓无直接重大关联]; 无V型反转); Tier 2 无(航运港口+2.66%涨35跌0资金新聚集但归因不明+无持仓关联观察不追加[1-2/5条件]; 影视院线延续传媒链非全新; 持仓量比无>3; fflow可用标的均属持仓既有信号/关注列表[159326 SIG-04覆盖, 159611升级条件未满足, 601398流出警示, 002142持仓受益]或断连[518880/512480]; 热榜无全新题材; 关联品种小非农→金价已反映持仓); 关注列表升级均不满足(军工-0.44%<+1.5%+板块分歧加深; 汽车晋级率19.2%<30%; 电力+0.77%<+1%但量比2.08+主力+9.96亿资金强午后达标复核; 化学晋级率19.2%<30%; 半导体SIG-05覆盖) → 当前无新增信号机会(Tier 3)

  无需执行操作: 无已触发信号; SIG-04 1.70硬门槛未站不触发正T(偏弱环境下硬门槛为自然防护); SIG-05双条件未满足; 无P0止损触发

  ⚠️ 提示: ① 早盘"偏弱情景(高开低走)"兑现中——深/创/科全部跌破开盘价+科创50转负-0.25%+行业广度单向恶化(跌5,850>涨3,645)+炸板率20.7%→35.7%→38.5%三连升+高位人气股杀跌(哈药-7.4%/一鸣-10%/爱丽-10%/长城军工-5.5%), 但主要指数未全线跌>1%(上证+0.43%权重护盘)→非系统性普跌, SIG-02窗口已关不回溯; 做T环境趋弱由SIG-04硬门槛1.70自然约束(未站不触发), 若午后广度续恶+指数转绿则13:30评估暂停/降T环境, 11:00复核; ② 工行601398 fflow主力净流出扩大至-24.55亿(10:04 -7.46亿→3.3x; 数值口径存疑[总额>成交额], 9/2同口径异常, 判方向为主)价格8.22平盘MA5 8.02未破→银行高位资金流出持续升级, 午后破8.02按纪律减1/3锁利; ③ 宁波34.99(+1.90%)量比2.02放量创新高(34.5突破延续)→早盘"突破看新高"兑现, 持有不加(超买不追); ④ 电力159611资金面转强(量比2.08+主力+9.96亿)但价格+0.77%<+1%升级线未达标, 午后价格达标复核关注列表升级; ⑤ 航运港口+2.66%涨35跌0全线飘红资金新聚集但归因不明(无消息/题材标签)+无持仓关联→观察不追加, 11:00消息面澄清后复核; ⑥ 黄金9.085守9.0(小非农不及预期金价支撑), SIG-01证伪维持; ⑦ 北向不可用; fflow 518880/512480断连(数值口径存疑); clist行业间歇风控(二次排序查询失败用单次快照); 东财全球资讯可用
