[2026-09-03 09:44] 盘中检查 09:40 检查点执行完成
  状态: completed | 检查点: 09:40 (09:35-09:50 窗口) | 交易日: 2026-09-03 周四
  数据时点: 2026-09-03 09:42-09:43 CST (腾讯财经/东财push2ex/push2 clist行业/同花顺热榜/hsgtApi; push2 fflow仅159326可用, 518880/512480断连; 北向不可用降级)
  持仓同步: PULLED (云端持仓/调仓已同步至本地, 与早盘一致: 宁波400/航空1400/电网7900/黄金2600/工行1500)

  市场快照:
    上证 3962.21 (+0.53%) | 深证 13695.52 (+0.62%) | 创业板 3342.30 (+0.91%) | 科创50 1620.95 (+0.21%)
    北向: 不可用(hsgt 15:00陈旧快照 hgt-9.28/sgt379.75为历史缓存, 非当日实时), 降级盘面监控
    行业汇总: 上涨5,372/下跌3,944 (涨多跌少; 跌3944>3000为单口径临界同9/1口径)
    领涨行业: 影视院线+4.68% 数字媒体+2.56% 保险Ⅱ+2.34% 出版+2.32% 传媒+2.12% (传媒链反包+保险)
    领跌行业: 房地产服务-1.96% 燃气Ⅱ-1.24% 橡胶-1.05% 农林牧渔-0.91% 饰品-0.84%
    打板: 涨停23 炸板6(炸板率20.7%) 跌停6 | 最高5连板(竞业达5天5板/国芳集团5天5板/龙版传媒4天4板/欢瑞世纪4天4板/集泰股份4天4板)
    晋级率: 15.4% (8/52) <30% → 9/2 涨停潮板块(零售/传媒/化学)题材延续性弱
    题材热度(同花顺TOP12): 光纤/PET铜箔(远东股份/杭电股份) 军工/兵装重组(内蒙一机/长城军工-5.1%分歧) 零售(国芳集团涨停) 粮食(金健米业) 抽水蓄能/核聚变(雪人集团) — 无全新题材
    主力资金: 仅159326可用(累计+4,493万), 518880/512480 断连(push2 fflow RemoteDisconnected)

  持仓ETF (09:42):
    黄金518880: 9.064(+1.82%) 量比2.27 高9.078 低9.045 — 放量站回9.0上方, SIG-01证伪
    电网159326: 1.655(+0.67%) 量比1.51 高1.66 低1.652 — 修复中, 未站1.70(窗口10:30开)
    航空159227: 1.028(-0.58%) 量比4.32 高1.035 低1.026 — 低空大会开幕但放量回调(买预期卖事实)
    工行601398: 8.26(+0.49%) 量比2.47 | 宁波002142: 34.69(+1.14%) 量比3.23 高34.72 — 银行企稳回升, 宁波逼近前高
  信号标的: 半导体512480 1.011(+0.10%) 量比1.79 高1.023 低1.010 — 高开1.021回落, 打新回流未确认
  关注列表: 军工512660 1.137(-0.44%) | 汽车516110 1.114(+0.45%) 量比2.48 | 电力159611 1.048(+0.29%)

  信号验证 (5条, 09:42-09:43):
    已触发 0 条
    已取消 1 条:
      SIG-01(P0黄金减仓): 9.064(+1.82%) 量比2.27>1.5 放量站回9.0上方 → 证伪取消(撤销减仓改守9.0); 9/2触发未执行敞口解除
    待执行 4 条:
      SIG-02(P0普跌否决): 行业汇总跌3,944>3,000仅单口径临界(同9/1口径含重复计数), 但涨多跌少(5,372:3,944)+全指数上涨(上证+0.53%/创业板+0.91%)+涨停23/跌停6 → 非系统性普跌未触发, 窗口09:30-10:00进度约40%<75%不过期, 10:00窗口末最终复核
      SIG-03(P0打新抽血): 512480 1.011(+0.10%)未跌>1.5%, 但高开1.021回落至昨收附近未放量站稳1.026 → 打新回流未确认, 不追高科技纪律维持(全天)
      SIG-04(P1电网正T): 1.655(+0.67%)量比1.51 未站1.70硬门槛(连续第13日), 1.62证伪线未破; 窗口10:30开启前不评估触发
      SIG-05(P1半导体建仓): 512480 1.011<1.026未放量站稳; 科创50+0.21%已转正单条件满足; 窗口10:30后开启, 外盘映射未传导

  新信号扫描: Tier 1 无(北向不可用无法验证逆转; 单板块涨停潮无[最高IT服务3/影视院线3/电网设备3<5; 传媒链跨子行业约7只但REQ-003单板块口径不满足+晋级率15.4%<30%]; 持仓无止损触发[最大跌幅航空-0.58%]; 无突发重大消息[低空大会/动力电池大会为已知催化]; 无V型反转); Tier 2 无(影视院线+4.68%传媒链反包为9/2退潮板块非全新机会; 航空量比4.32>3但-0.58%放量回调非买入信号; fflow仅159326可用无法验证3连流入; 热榜无全新题材; 日韩半导体高开未传导512480); 关注列表升级均不满足(军工-0.44%<+1.5%; 汽车/化学晋级率15.4%<30%; 电力+0.29%<+1%; 半导体SIG-05覆盖) → 当前无新增信号机会(Tier 3)
  75%窗口过期检查: SIG-02窗口进度约40%<75%不过期; SIG-01已取消; SIG-03全天窗口; SIG-04/05窗口未开 → 无新过期
  触发/过期/取消/升级: 0 / 0 / 1 / 0

  无需执行操作: 无已触发信号; SIG-01黄金证伪取消, 用户无需减仓(已转守9.0), P0执行缺口(9/2)解除

  ⚠️ 提示: ① 修复/反弹日结构确认(全指数上涨+涨多跌少), 但跌3,944>3,000单口径临界保留10:00窗口末复核, 若10:00前指数转弱+广度恶化需按SIG-02触发处理; ② SIG-01黄金放量站回9.0(量比2.27)证伪撤销减仓, 9/2触发未执行敞口解除, 转守9.0防线——若午后重新放量跌破9.0需人工决策是否恢复减仓纪律(信号设计未含自动恢复, 复盘时评估补丁); ③ SIG-03打新回流未确认(512480高开1.021回落至1.011), 不追高科技纪律维持; SIG-05建仓等待10:30后窗口(条件: 放量站稳1.026+科创50转正✓已满足其一); ④ 电网159326修复中(1.655+0.67%)主力净流入+4,493万, 10:30窗口开启后核查1.70硬门槛; ⑤ 传媒链反包领涨(影视院线+4.68%/出版+2.32%/传媒+2.12%)但晋级率15.4%<30%+单板块涨停<5, 不追; ⑥ 航空159227量比4.32放量回调-0.58%(低空大会买预期卖事实), 非买入信号, 持有观察1.01支撑; ⑦ 北向不可用, push2 fflow部分断连(518880/512480), clist行业排名恢复
