[2026-09-03 14:38] 盘中检查 14:30 检查点执行完成
  状态: completed | 检查点: 14:30 (14:25-14:40 窗口) | 交易日: 2026-09-03 周四 | 收盘前检查（重点：隔夜风险评估+止损触发强制执行）
  数据时点: 2026-09-03 14:33-14:36 CST (腾讯财经/东财push2ex四池/push2 clist行业[客户端排序]/同花顺热榜/hsgtApi/东财全球资讯; push2 fflow全断连[159326/601398/002142/518880/159227/512480均RemoteDisconnected]; 北向不可用降级[hsgt仍仅返回至09:44陈旧快照 hgt+2.25/sgt+379.75]; clist行业排名正常[客户端排序修复服务端乱序])
  持仓同步: PULLED (云端持仓/调仓已同步至本地: 宁波400/航空1400/电网7900/黄金2600/工行1500)

  市场快照:
    上证 3947.38 (+0.15%) | 深证 13643.22 (+0.23%) | 创业板 3315.93 (+0.11%) | 科创50 1615.09 (-0.16%)
    形态: 午后V型修复后尾盘回落转弱——上证3951.46(+0.26%)→3947.38(+0.15%)/深证13679.93→13643.22/创业板3327.89→3315.93 全线微回吐但主要指数仍红, 科创50 1621.20(+0.22%)→1615.09(-0.16%)转负; 行业广度涨3,731/跌5,839(14:03 跌5,187>涨4,323 → 14:35 重归跌多涨少且扩大); 炸板率39.2%→42.7%回升恶化(涨停45→43)
    北向: 不可用(hsgt仍仅返回至09:44陈旧快照 hgt+2.25/sgt+379.75, 非当日实时), 降级盘面监控
    领涨行业(14:35, 客户端排序): 保险Ⅱ+2.82%(涨5跌0) 贵金属+2.57%(涨11跌2) 电机Ⅱ+2.26%(涨24跌2, 鸣志电器涨停) 航运港口+2.05%(涨29跌5, 领涨海通发展涨停) 其他电源设备Ⅱ+1.31% 元件+1.15% 有色金属+0.86% 证券Ⅱ+0.75%
    领跌/弱(14:35): 房地产服务-1.99%(我爱我家跌停) 教育-1.83% 广告营销-1.81% 农林牧渔-1.61%(跌停2: 万向德农/天禾) 电视广播Ⅱ-1.60% 饰品-1.45% 塑料-1.28% 农化制品-1.20%; 银行链弱(银行ETF512800 -0.36% 工行-1.46%)
    打板: 涨停43(14:00 45-2) 炸板32(炸板率42.7%, 14:00 39.2% 回升+3.5pp) 跌停13(持平) | 最高5连板(国芳集团5天5板; 集泰股份4天4板; 龙版传媒4天4板; 金帝股份4天3板)
    晋级率: 19.2% (10/52) 较14:00 17.3% 微升 <30% → 9/2涨停潮题材延续性弱
    单板块涨停(REQ-003): 汽车零部5只(=5不>5阈值, 板块ETF 516110仅+0.36%远<5%) 一般零售3/通用设备3/包装印刷3 其余≤2
    题材热度(同花顺热榜): PET铜箔/光纤(远东股份#1+8.0%/杭电股份+5.8%) 粮食(金健米业-3.9%退潮) IP经济(国芳5天5板) 培育钻石(黄河旋风+9.3%) 第三代半导体(三安光电涨停) 储能电池(午后走强) — 无全新题材; 高位股杀跌延续: 哈药-9.2%/金牛化工-8.8%/长城军工-5.1%/楚天龙-3.4%, 跌停含我爱我家/沃特/天禾/哈森
    全球资讯(13:48-14:32): 无持仓直接突发重大消息(14:29 韩电拟向三星/SK海力士预收25万亿韩元电费[电力链催化重复报道已反映]; 14:21 中际旭创主力净卖出超11亿[光模块个股资金流,无持仓关联]; 14:18 沪深两市成交额突破1.5万亿较昨日同期缩量超200亿; 14:12 储能电池板块午后走强[动力电池大会共振,旧题材]; 14:07 港股芯片股午后回升[对应SIG-03监控]; 14:32 日韩股市收盘涨跌互现; 高盛警告未来一年全球股市回报率下降[外围谨慎情绪])
    主力资金(fflow): 全断连(159326/601398/002142/518880/159227/512480 均RemoteDisconnected)无法验证

  持仓ETF (14:33-14:36):
    黄金518880: 9.103(+2.26%) 量比1.01(14:04 0.96回升) 高9.135 低9.045 — 站回9.0守线第7检查点, 14:04 9.118→14:36 9.103高位小幅回落仍守线, 量比1.01未放量无破位压力, 尾盘至14:45无放量破9.0
    电网159326: 1.653(+0.55%) 量比0.89 高1.66 低1.637 — 14:04 1.658(+0.85%)→14:36 1.653(+0.55%)高位微回, 1.70硬门槛未站(连续第13日+), 1.62证伪线未破(低1.637); 电力链政策催化延续(韩电预收电费14:29再报道)
    航空159227: 1.032(-0.19%) 量比0.93 高1.039 低1.026 — 窄幅震荡(14:04 1.035→1.032微回落), 低空大会后无新催化
    工行601398: 8.10(-1.46%) 量比0.94 高8.27 低8.07 — 14:04 8.09→8.10微回稳, MA5 8.02防线未破(日内低8.07未破, 现价距-1.0%), 破8.02减1/3锁利纪律今日未触发, 收盘前最后确认无强制尾盘操作
    宁波002142: 34.40(+0.29%) 量比1.18 高35.0 低34.08 — 低34.08回升微红, 高35.0未破, 持有不加
  信号标的: 半导体512480 1.006(-0.40%) 量比0.86 高1.023 低0.993(昨收1.010) — 14:04 1.011→1.006尾盘再度转弱, 全天高1.023未放量站稳1.026
  关注列表: 军工512660 1.141(-0.09%) | 汽车零部516110 1.113(+0.36%, 涨停5只但ETF弱) | 电力159611 1.049(+0.38%) 量比1.15 | 银行512800 0.841(-0.36%)

  信号验证 (5条, 14:36):
    已触发 0 条 | 已过期 1 条(新增: SIG-04) | 已取消维持 1 条 | 待执行维持 1 条
      SIG-01(P0黄金减仓,已取消): 9.103(+2.26%)量比1.01守9.0第7检查点(14:04 9.118→9.103高位小幅回落仍守线) + 贵金属链领涨(贵金属+2.57%行业第2) → 证伪取消维持(转守9.0); 尾盘至14:45无放量破9.0 → 无恢复减仓触发, 守9.0纪律收盘, 收盘后复盘评估补丁
      SIG-02(P0普跌否决,已过期): 窗口已关(10:00末复核非系统性普跌→过期)不回溯触发; 尾盘主要指数仍红(上证+0.15%/深+0.23%/创+0.11%)均未跌>1%, 科创50 -0.16%转负为尾盘回吐, 广度重归跌多涨少(涨3731:跌5839)+炸板率回升42.7%→尾盘情绪转弱但非系统性普跌结论维持
      SIG-03(P0打新抽血,待执行纪律生效): 512480 1.006(-0.40%)尾盘再度转弱(14:04 1.011→1.006), 全天高1.023未放量站稳1.026(量比0.86<1.5) → 打新回流未确认, 不追高科技纪律维持至收盘(今日打新抽血日结束); 科创50尾盘转负+SIG-05已过期→今日无半导体建仓窗口
      SIG-04(P1电网正T,待执行→已过期): 75%窗口过期检查: 13:30后窗口(13:30-15:00, 90min)执行时刻进度约75%(67.5/90)≥75%且未触发→已过期; 末轮三条件: 站上1.70✗(1.653距门槛-2.8%, 硬门槛连续第13日+未站)/量比>0.8✓(0.89)/企稳✓(低1.637未破1.62证伪线)→价格条件未满足; 叠加14:30后不新开T+权益ETF正T需当日平仓(尾盘T+0时间不足)→尾盘正T窗口关闭, 不追脉冲, 收盘后复盘结算
      SIG-05(P1半导体建仓,已过期): 14:00已75%窗口过期, 维持不回溯; 尾盘双条件进一步恶化(512480回落+科创50转负)→今日建仓窗口确认关闭, 不追尾盘
    75%窗口过期检查: SIG-04 13:30后窗口执行时刻进度约75%≥75%未触发→已过期; SIG-03 P0全天豁免; SIG-05已过期维持 → 新过期 1 条(SIG-04)
    触发/过期/取消/升级: 0 / 1 / 0 / 0

  新信号扫描: Tier 1 无(北向不可用[hsgt仅09:44陈旧快照]无法验证逆转; 单板块涨停潮无——汽车零部5只[=5不>5阈值且板块ETF 516110仅+0.36%远<5%, REQ-003口径不满足], 一般零售3/通用设备3/包装印刷3; 持仓无止损触发[工行-1.46%最大但MA5 8.02未破现价8.10, 电网+0.55%/黄金+2.26%正向]; 无持仓直接突发重大消息[韩电预收电费重复报道已反映/中际旭创净卖出11亿光模块个股无关联/成交额缩量200亿/储能电池午后走强旧题材/港股芯片股回升对应SIG-03/高盛警告外围谨慎]; 无V型反转三信号[今日无指数急跌3%+, 午后修复无量能放大1.5x]); Tier 2 无(板块跃升为保险Ⅱ+2.82%[金融护盘链延续非新]/贵金属+2.57%[超跌修复延续,黄金持仓受益已反映]/电机Ⅱ+2.26%[鸣志涨停]/航运港口+2.05%[连续第6检查点强,厄尔尼诺逻辑但无持仓关联高位不追]; 持仓量比无>3[宁波1.18最高]; fflow全断连无法验证3连流入; 热榜无全新题材[PET铜箔/光纤/粮食退潮/IP经济/培育钻石/第三代半导体三安/储能电池均旧题材]; 关联品种港股芯片股回升14:07→512480未传导[-0.40%尾盘转弱], 日韩收盘涨跌互现); 关注列表升级均不满足(军工512660 -0.09%<+1.5%✗+长城军工-5.11%续杀跌; 汽车零部516110 +0.36%涨停5只但ETF弱 晋级率19.2%<30%✗; 电力159611 +0.38%<+1%✗量比1.15<1.5✗[韩电预收电费催化但价格未达标尾盘不追]; 化学晋级率19.2%<30%✗[集泰4天4板个股延续]; 半导体512480 SIG-05过期+SIG-03覆盖) → 当前无新增信号机会(Tier 3)

  无需执行操作: 无已触发信号; 无P0止损触发(工行8.10守MA5 8.02[日内低8.07未破]/黄金+2.26%正向/电网+0.55%正向)→无强制尾盘操作; SIG-04 1.70硬门槛全天未站→75%窗口过期(14:30后不新开T, 尾盘正T窗口关闭); SIG-03纪律维持至收盘; 14:30后不新开T纪律生效

  ⚠️ 提示: ① 尾盘回落转弱——上证3947.38(+0.15%)/深证13643.22(+0.23%)/创业板3315.93(+0.11%)主要指数仍红但较14:03全线微回吐(3951.46→3947.38/13679.93→13643.22/3327.89→3315.93), 科创50 1615.09(-0.16%)转负(14:04 +0.22%); 行业广度涨3,731/跌5,839(14:03 跌5,187>涨4,323→14:35重归跌多涨少且扩大)+炸板率39.2%→42.7%回升恶化+涨停45→43 → 午后V型修复质量存疑兑现(尾盘资金回吐), 做T环境尾盘转弱, SIG-04窗口关闭不追; ② 工行601398 8.10(-1.46%)尾盘守住MA5 8.02防线(日内低8.07未破, 现价距-1.0%) → 破8.02减1/3锁利纪律今日未触发, 收盘前最后确认无强制尾盘操作, 明日续观察(银行高位资金流出+板块掉队[512800 -0.36%]为风险提示, 破位即执行); ③ 宁波002142 34.40(+0.29%)量比1.18高35.0未破低34.08回升, 持有不加(超买不追); ④ 黄金9.103(+2.26%)守9.0第7检查点(14:04 9.118→14:36 9.103高位小幅回落仍守线), 量比1.01未放量 → SIG-01证伪维持, 尾盘至14:45无放量破9.0, 守9.0纪律收盘, 收盘后复盘评估恢复减仓补丁; ⑤ 半导体512480 1.006(-0.40%)尾盘再度转弱+科创50转负 → 打新回流未确认全天, SIG-03纪律维持至收盘, 今日不追高科技(信诺维申购日结束, 明日回流确认条件重新评估); ⑥ 航运港口+2.05%连续第6检查点强(海通发展涨停, 厄尔尼诺超强[14:01 WMO]+BDI新高逻辑) → 无持仓关联+高位不追, 观察不追加; ⑦ 电力链(韩电预收25万亿韩元电费14:29重复报道+新型电力系统"十五五"规划)带动电网159326 +0.55%——持仓电网受益但1.70硬门槛全天未站(连续第13日+)已过期; ⑧ 北向不可用(hsgt仅09:44陈旧快照); push2 fflow全断连(重试仍断); clist行业排名正常(客户端排序修复服务端乱序); 东财全球资讯可用
