[2026-09-03 14:06] 盘中检查 14:00 检查点执行完成
  状态: completed | 检查点: 14:00 (13:55-14:10 窗口) | 交易日: 2026-09-03 周四 | 尾盘前验证（重点：日内持仓调整窗口）
  数据时点: 2026-09-03 14:03-14:04 CST (腾讯财经/东财push2ex四池/push2 clist行业/同花顺热点+热榜/hsgtApi/东财全球资讯; push2 fflow仅159326可用[口径异常数值远超成交额,判方向为主]其余9只全断连; 北向不可用降级[hsgt仍仅返回至09:44陈旧快照 hgt+2.25/sgt+379.75]; clist行业排名正常)
  持仓同步: PULLED (云端持仓/调仓已同步至本地: 宁波400/航空1400/电网7900/黄金2600/工行1500)

  市场快照:
    上证 3951.46 (+0.26%) | 深证 13679.93 (+0.50%) | 创业板 3327.89 (+0.47%) | 科创50 1621.20 (+0.22%)
    形态: 午后V型修复——13:20触底(新闻"三大指数午后相继翻绿超3800家下跌")后 13:30-14:00 指数全线翻红: 上证3933.40(-0.20%)→3951.46(+0.26%)翻红收复开盘(开3952.79, 距-0.03%), 深(开13711.07→13679.93, 距开盘-0.23%[13:33 -1.11%])/创(开3342.09→3327.89, 距开盘-0.43%[13:33 -1.48%])收窄, 科创50 1603.03(-0.90%)→1621.20(+0.22%)转正; 13:33"转绿定局"被反转纠正
    北向: 不可用(hsgt仍仅返回至09:44陈旧快照 hgt+2.25/sgt+379.75, 非当日实时), 降级盘面监控
    行业汇总: 跌5,187>涨4,323 (14:03, 13:33 跌7,091>涨2,499 单向恶化大幅收窄但仍跌多涨少)
    领涨行业(14:03): 贵金属链——白银+5.36%(涨3跌0)/贵金属+3.19%(涨12跌1)/黄金+2.54%(涨9跌1, 白银有色涨停) 航运港口+1.93%(涨28跌5, 领涨603162海通发展涨停) 元件+1.99%(涨49跌18) 其他电子Ⅱ+1.44% 能源金属+1.01% 航空机场+0.63%(涨12跌1) 半导体+0.61%(涨124跌58, 反弹) 电力+0.30%
    领跌/弱(14:03): 电视广播Ⅱ-1.43% 农林牧渔-1.43% 广告营销-1.39% 数字媒体-0.59% 食品饮料-0.54% 服装家纺-0.70% 社会服务-0.78%; 银行链掉队(银行ETF512800 -0.47%)
    打板: 涨停45(13:33 35+10) 炸板29(炸板率39.2%, 13:33 48.5% 回落-9.3pp) 跌停13(11+2) | 最高5连板(国芳集团5天5板; 集泰股份4天4板; 金帝股份4天3板; 楚天龙10天6板-4.4%)
    晋级率: 17.3% (9/52) 较13:33 15.4% 回升 <30% → 9/2涨停潮题材延续性仍弱但边际改善
    题材热度(同花顺热榜TOP25): 液冷服务器(飞龙股份2天2板#1/宏盛股份4天2板/新朋股份/金富科技涨停, 13:46再度拉升=旧题材续强) 光纤/PET铜箔(远东股份+9.2%#1/杭电股份+7.4%) 黄金白银(黄河旋风+10%/白银有色涨停) IP经济(国芳5天5板#3) 培育钻石 — 无全新题材; 高位股杀跌延续: 哈药跌停/一鸣跌停/爱丽跌停/万向德农跌停/沃特-9.99%/天禾-9.96%/哈森-9.98%, 楚天龙-4.4%/金牛化工-7.2%/长城军工-5.5%
    全球资讯(13:17-14:01): 无持仓直接突发重大消息(13:44 韩电拟向三星/SK海力士预收5年电费[AI数据中心电网需求]; 13:49 "电力股近期一直涨"——《新型电力系统建设"十五五"规划》+容量电价机制[电力链政策催化, 持仓电网159326行业受益]; 13:50 KOSPI转涨[午后一度跳水-1.8%]+13:53 韩总统府防半导体关税影响[外盘半导体修复对应SIG-03]; 14:01 WMO厄尔尼诺将达超强级别[航运干散货逻辑强化]; 13:46 液冷服务器再度拉升[旧题材]; 13:23 日经跌破64000 -0.64%/13:25 恒生科技跌超1%; 13:36 美元兑日元-0.7%至157.64四周低)
    主力资金(fflow 14:03): 仅159326可用(+方向, 累计口径异常[远超成交额]判方向为主; 14:01 +2784万/14:02 +3042万/14:03 +3136万 持续为正); 159227/601398/002142/518880/512480/159611/512660/516110/512800 全断连(RemoteDisconnected)
    炸板率39.2%: 涨停45 vs 炸板29 情绪较13:33修复(晋级率回升+涨停+10)但仍处高位分歧

  持仓ETF (14:03):
    黄金518880: 9.118(+2.43%) 量比0.96(13:33 0.97续低) 高9.135 低9.045 — 站回9.0守线第6检查点, 涨幅扩大(+2.31%→+2.43%), 贵金属链领涨(白银+5.36%/白银有色涨停)+美元兑日元157.64四周低双支撑
    电网159326: 1.658(+0.85%) 量比0.95 高1.66 低1.637 — 13:33 1.640(-0.24%)→14:04 1.658(+0.85%)显著修复(电力政策催化: 新型电力系统"十五五"规划+韩电预收电费+郴电国际/恒盛能源涨停带动); 1.70硬门槛未站(连续第13日+), 1.62证伪线未破(低1.637); fflow可用(+方向)
    航空159227: 1.035(+0.10%) 量比1.00 高1.039 低1.026 — 低空大会放量回调后窄幅修复转红(13:33 1.031); 板块领涨为"航空机场"(客运)非本ETF, 无直接关联
    工行601398: 8.09(-1.58%) 量比0.89 高8.27 低8.07 — 13:33 8.12(-1.22%)续走弱至日内低8.07, MA5 8.02防线未破但距-0.9%逼近, 破8.02按纪律减1/3锁利(14:30重点复核); 银行ETF512800 -0.47%续弱=反弹中银行掉队
    宁波002142: 34.47(+0.50%) 量比1.21 高35.0 低34.08 — 低34.08回升(13:33 34.55→14:04 34.47), 高35.0未破, 仍红盘, 持有不加
  信号标的: 半导体512480 1.011(+0.10%) 量比0.91 高1.023 低0.993(昨收1.010) — 收复1.0关口(13:33 0.998→14:04 1.011)但全天高1.023未放量站稳1.026
  关注列表: 军工512660 1.144(+0.18%) | 汽车零部516110 1.112(+0.27%, 涨停5只但ETF弱) | 电力159611 1.048(+0.29%) 量比1.19 | 银行512800 0.84(-0.47%)

  信号验证 (5条, 14:04):
    已触发 0 条 | 已过期 1 条(新增: SIG-05) | 已取消维持 1 条 | 待执行维持 2 条
      SIG-01(P0黄金减仓,已取消): 9.118(+2.43%)量比0.96站回9.0守线第6检查点涨幅扩大 + 贵金属链领涨(白银+5.36%/贵金属+3.19%/黄金+2.54%, 白银有色涨停)+美元兑日元157.64四周低 → 证伪取消维持(转守9.0); 尾盘放量破9.0需人工决策(复盘评估恢复减仓补丁)
      SIG-02(P0普跌否决,已过期): 窗口已关(10:00末复核非系统性普跌→过期)不回溯触发; 13:20触底后13:30-14:00午后V型修复——指数全线翻红(上证3933.40 -0.20%→3951.46 +0.26%, 科创50 -0.90%→+0.22%转正, 深/创距开盘收窄至-0.23%/-0.43%), 13:33"转绿定局"被反转纠正; 全天无指数跌>1%(最深科创50开1634.52→低1596.62 -2.32%) 非系统性普跌结论维持
      SIG-03(P0打新抽血,待执行纪律生效): 512480 1.011(+0.10%)收复1.0关口(13:33 0.998→1.011)但全天高1.023未放量站稳1.026(量比0.91<1.5) → 打新回流未确认, 不追高科技纪律维持(全天); 外盘半导体修复(13:50 KOSPI转涨+13:53韩总统府防半导体关税影响)为回流确认有利信号; 14:30最后复核
      SIG-04(P1电网正T,窗口内未触发): 13:30后窗口核查(进度约38%<75%不过期): 站上1.70✗(1.658距门槛-2.5%,硬门槛连续第13日+未站)/量比>0.8✓(0.95)/企稳✓(13:33 1.640→1.658转强, 低1.637未破1.62证伪线, 广度收窄做T环境修复)→未触发; 价格显著修复但硬门槛纪律不放宽; 电力政策催化(新型电力系统"十五五"规划+韩电预收电费); 剩余窗口约55分钟, 14:30最后T窗口复核(尾盘脉冲站1.70需企稳+广度联防, 不追脉冲)
      SIG-05(P1半导体建仓,→已过期): 75%窗口过期检查: 窗口10:30-15:00(270min)进度约79%(214min)>75%且未触发→已过期; 双条件: 打新回流确认✗(512480 1.011<1.026且量比0.91未放量)+科创50转正✓(1621.20+0.22%, 首次满足)→价格条件未满足; 外盘半导体修复为有利信号但窗口关闭, 不追尾盘建仓
    75%窗口过期检查: SIG-04 13:30后窗口进度约38%<75%不过期; SIG-05 开放窗口约79%>75%未触发→已过期; SIG-03 P0全天豁免 → 新过期 1 条(SIG-05)
    触发/过期/取消/升级: 0 / 1 / 0 / 0

  新信号扫描: Tier 1 无(北向不可用[hsgt仅09:44陈旧快照]无法验证逆转; 单板块涨停潮无——汽车零部5只[=5不>5阈值且板块ETF 516110仅+0.27%远<5%, REQ-003口径不满足], 通用设备4/一般零售3/包装印刷3; 持仓无止损触发[工行-1.58%最大但MA5 8.02未破现价8.09, 电网+0.85%/黄金+2.43%正向]; 无持仓直接突发重大消息[电力链政策催化=持仓电网行业受益已反映于+0.85%, KOSPI转涨对应SIG-03监控, 厄尔尼诺超强强化航运逻辑, 液冷服务器为旧题材]; 无V型反转三信号[指数午后V型修复但全天无急跌3%+: 最深科创50 -2.32%, 量能未放大1.5x]); Tier 2 无(板块跃升为贵金属链[9/2超跌修复延续, 黄金持仓受益已反映]+航运港口连续第5检查点强[厄尔尼诺超强强化但无持仓关联+高位不追]+元件/其他电子[半导体反弹联动但512480仅+0.10%未传导]; 持仓量比无>3[宁波1.21最高]; fflow仅159326可用其余9只全断连无法验证3连流入; 热榜无全新题材[液冷服务器/光纤/PET铜箔/IP经济/培育钻石/白银均旧题材轮动]; 关联品种KOSPI转涨→512480反弹[对应SIG-03监控非新机会], 恒生科技-1%/日经跌破64000与A股V反背离); 关注列表升级均不满足(军工512660 +0.18%<+1.5%✗+长城军工-5.46%续杀跌; 汽车零部516110 +0.27%涨停5只但ETF弱 晋级率17.3%<30%✗[光洋2天2板个股强]; 化学晋级率17.3%<30%✗[集泰4天4板个股延续]; 电力159611 +0.29%<+1%✗量比1.19<1.5✗["十五五"规划催化但价格未达标, 尾盘不追]; 半导体512480 SIG-05覆盖并已过期) → 当前无新增信号机会(Tier 3)

  无需执行操作: 无已触发信号; SIG-04 1.70硬门槛未站(1.658距-2.5%, 连续第13日+)不触发正T(硬门槛纪律不放宽, 剩余窗口约55分钟, 尾盘脉冲站1.70需企稳+广度联防不追脉冲); SIG-05 75%窗口过期不追尾盘建仓; 无P0止损触发(工行8.09未破MA5 8.02但距-0.9%逼近, 黄金+2.43%正向)

  ⚠️ 提示: ① 午后V型修复(尾盘前方向修正)——上证3951.46(+0.26%)翻红收复开盘(开3952.79距-0.03%)+深/创距开盘收窄至-0.23%/-0.43%(13:33 -1.11%/-1.48%)+科创50 1621.20(+0.22%)转正(13:33 -0.90%)+行业广度跌7,091>涨2,499→跌5,187>涨4,323大幅收窄+炸板率48.5%→39.2%回落(-9.3pp)+涨停35→45+晋级率15.4%→17.3%→13:33"转绿定局"被反转纠正, 做T环境边际修复; 但广度仍跌多涨少(4,323:5,187)+高位股杀跌延续(哈药/一鸣/爱丽/万向德农/沃特/天禾跌停, 楚天龙-4.4%/金牛化工-7.2%/长城军工-5.5%)→反弹质量待确认, 尾盘不追高; ② 工行601398 8.09(-1.58%)续走弱(13:33 8.12→日内低8.07), MA5 8.02防线距-0.9%逼近→破8.02按纪律减1/3锁利(14:30重点复核), 银行ETF512800 -0.47%续弱=反弹中银行掉队(前期高位资金流出警示兑现为价格回落); ③ 宁波002142 34.47(+0.50%)量比1.21低34.08回升(高35.0未破)仍红盘持有不加(超买不追); ④ 半导体512480收复1.0关口(1.011+0.10%)但未放量站稳1.026+科创50转正→SIG-03纪律维持+SIG-05 75%窗口过期(今日不追尾盘建仓, 14:30若放量站稳1.026复盘评估); ⑤ 黄金9.118(+2.43%)守9.0第6检查点涨幅扩大: 贵金属链领涨(白银有色涨停/美元兑日元157.64四周低)→SIG-01证伪维持, 尾盘放量破9.0人工决策; ⑥ 航运港口+1.93%涨28跌5连续第5检查点强+14:01 WMO厄尔尼诺超强级别(2027年前极端天气)强化干散货逻辑→无持仓关联+高位不追, 观察不追加; ⑦ 电力链政策催化(13:44韩电拟收三星/SK海力士预缴5年电费+13:49新型电力系统"十五五"规划/容量电价机制)带动电网159326+0.85%/电力159611+0.29%——持仓电网受益但未达1.70硬门槛; ⑧ 北向不可用(hsgt仅09:44陈旧快照); push2 fflow口径异常+仅159326可用其余全断连; clist行业排名正常; 东财全球资讯可用
