[2026-09-03 11:02] 盘中检查 11:00 检查点执行完成
  状态: completed | 检查点: 11:00 (10:55-11:10 窗口) | 交易日: 2026-09-03 周四 | 午前最后一次检查
  数据时点: 2026-09-03 11:02-11:03 CST (腾讯财经/东财push2ex/push2 clist行业/同花顺热榜/hsgtApi/东财全球资讯; push2 fflow仅159326/159227/601398可用[002142/159611/518880/512480/512660/516110断连], 数值口径存疑[总额>成交额, 判方向为主]; 北向不可用降级; clist行业排名正常单次快照)
  持仓同步: PULLED (云端持仓/调仓已同步至本地: 宁波400/航空1400/电网7900/黄金2600/工行1500)

  市场快照:
    上证 3952.77 (+0.29%) | 深证 13622.02 (+0.08%) | 创业板 3313.63 (+0.04%) | 科创50 1611.16 (-0.40%)
    形态: 高开低走加深——深(开13711→13622, 距开盘-0.65%)/创(开3342→3314, 距开盘-0.85%)续回落, 科创50 转负加深(10:34 -0.25%→-0.40%); 上证 现价+0.29% 金融权重护盘(保险+3.13%/证券+1.23%/银行+1.12%领涨)未破开盘
    北向: 不可用(hsgt返回09:10-15:00全时段模板, 末点15:00 hgt-9.28/sgt+379.75为昨日陈旧快照, 非当日实时), 降级盘面监控
    行业汇总: 跌6,502>涨3,049 (11:02, 10:34 跌5,850>涨3,645 单向恶化继续扩大)
    领涨行业(11:02): 保险Ⅱ+3.13%(涨5跌0,领涨601601 +4.42%) 航运港口+2.58%(涨35跌2,领涨603162涨停) 贵金属+2.25%(涨12跌1) 影视院线+2.17% 电机Ⅱ+1.41% 证券Ⅱ+1.23%(涨46跌3) 银行Ⅱ+1.12%(涨37跌3) 非银金融+1.03%
    领跌行业(11:02): 塑料-1.82% 橡胶-1.72% 非金属材料Ⅱ-1.70% 农林牧渔-1.46% 玻璃玻纤-1.21% 专用设备-1.20% 医疗服务-1.18% 基础化工-1.17%
    打板: 涨停34(10:30 32↑) 炸板22(炸板率39.3%, 10:30 38.5% 维持高位) 跌停9(10:30 8↑) | 最高5连板(国芳集团5天5板; 集泰股份/欢瑞世纪4天4板; 金帝股份4天3板)
    晋级率: 17.3% (9/52) 较10:30 19.2% 续降 <30% → 9/2涨停潮题材延续性持续弱(传媒链降温延续)
    题材热度(同花顺TOP15): PET铜箔/光纤(远东股份+6.62%#1) IP经济(国芳集团5天5板#2) 中俄贸易/军民融合(内蒙一机+3.06%#4) 粮食(金健米业-2.34%分歧) 数字货币(楚天龙10天6板-3.88%) 抽水蓄能/核聚变(雪人集团+3.99%) 兵装重组(长城军工-3.66%) 旅游(云南旅游2天2板+10%) — 无全新题材; 高位人气股杀跌延续: 哈药跌停/一鸣食品跌停/爱丽家居跌停/楚天龙-3.9%/金牛化工-6.6%
    全球资讯: 无持仓直接突发重大消息(黄金概念持续走强[莱绅通灵触及涨停10:51, 黄金持仓受益已反映+2.20%]; 三安光电放量涨停10:42[半导体个股行情512480未传导]; 港股内房股走高[融信中国+7%, A股联动信达地产2天2板]; 新型政策性金融工具首批投放[基建微催化])
    主力资金(fflow 11:03, 口径存疑判方向): 159326 +4.51亿(09:40 +4,493万→10:00 +1.18亿→10:30 +2.39亿→连续第4检查点净流入逐级扩大) | 159227 +3.08亿(航空,持续流入) | 601398 -43.87亿(10:30 -24.55亿 继续扩大第4检查点, 银行高位流出升级) | 002142/159611/518880/512480/512660/516110断连

  持仓ETF (11:02):
    黄金518880: 9.098(+2.20%) 量比1.01(10:30 1.18收缩) 高9.101 低9.045 — 站回9.0守线第4检查点, 黄金概念走强+小非农支撑
    电网159326: 1.640(-0.24%) 量比1.00 高1.66 低1.637 — 主力+4.51亿连续4检查点流入但价格滞涨(修复初期), 1.70硬门槛未站(连续第13日+)
    航空159227: 1.032(-0.19%) 量比1.35 高1.036 低1.026 — 低空大会放量回调后企稳, 主力+3.08亿持续流入资金承接
    工行601398: 8.22(0.00%) 量比0.88 高8.27 低8.15 — fflow -43.87亿高位流出扩大(数值存疑判方向), MA5 8.02防线未破, 与银行Ⅱ+1.12%板块上涨背离=高位派发嫌疑
    宁波002142: 34.86(+1.63%) 量比1.62 高35.0(创新高) 低34.08 — 突破新高后微回(10:30 34.99→高35.0), 持有不加
  信号标的: 半导体512480 1.003(-0.69%) 量比1.06 高1.023 低1.001(昨收1.010) — 续弱转跌加深(10:34 -0.50%→-0.69%), 低1.001逼近1.0关口
  关注列表: 军工512660 1.139(-0.26%) | 汽车零部516110 1.111(+0.18%) | 电力159611 1.050(+0.48%) 量比1.76 | 银行512800 0.852(+0.95%) 量比1.27

  信号验证 (5条, 11:02-11:03):
    已触发 0 条 | 已过期 0 条(新增) | 已取消维持 1 条 | 待执行维持 3 条
      SIG-01(P0黄金减仓,已取消): 9.098(+2.20%)量比1.01站回9.0守线第4检查点 + 黄金概念走强(莱绅通灵涨停) → 证伪取消维持(转守9.0); 午后放量破9.0需人工决策(复盘评估恢复减仓补丁)
      SIG-02(P0普跌否决,已过期): 窗口已关(10:00末复核非系统性普跌→过期)不回溯触发; 高开低走加深(深/创距开盘-0.65%/-0.85%续回落)+科创50转负加深-0.40%+广度单向恶化扩大(跌6,502>涨3,049)+炸板率39.3%维持高位+高位股杀跌延续(哈药/一鸣/爱丽跌停)→偏弱情景兑现加深; 但金融权重护盘(保险+3.13%/证券+1.23%/银行+1.12%)主要指数未全线跌>1%→非系统性普跌, 做T环境趋弱持续由SIG-04硬门槛自然约束
      SIG-03(P0打新抽血,待执行纪律生效): 512480 1.003(-0.69%)续弱转跌加深, 低1.001逼近1.0关口, 全天未放量站稳1.026 → 打新回流未确认, 不追高科技纪律维持(全天); 三安光电涨停(10:42)个股独立行情ETF未跟随 → SIG-05未激活
      SIG-04(P1电网正T,窗口内未触发): 10:30-11:30窗口核查(进度约50%<75%不过期): 站上1.70✗(1.640距门槛-3.7%,硬门槛连续第13日+未站)/量比>0.8✓(1.00)/企稳—(1.637-1.66窄幅未破1.62证伪线但价格续弱-0.24%)→未触发; 主力+4.51亿连续第4检查点净流入逐级扩大为午后窗口保留基础; 11:30上午窗口结束未站→转13:30后窗口复核
      SIG-05(P1半导体建仓,窗口内未触发): 10:30后开放窗口双条件均未满足: 512480 1.003<1.026✗(低1.001逼近1.0) + 科创50 -0.40%转负加深✗(10:34 -0.25%续恶化)→未触发; SIG-03纪律生效下建仓评估不激活; 午后放量站稳1.026+科创50转正才触发评估
    75%窗口过期检查: SIG-04窗口(10:30-11:30)进度约50%<75%不过期(11:30上午窗口结束未站转13:30后窗口); SIG-05开放窗口不过期; SIG-03 P0全天豁免 → 无新过期
    触发/过期/取消/升级: 0 / 0 / 0 / 0

  新信号扫描: Tier 1 无(北向不可用[全时段模板末点15:00为昨日陈旧快照]无法验证逆转; 单板块涨停潮无[包装印刷3最高<5,IT服务Ⅱ/影视院线/电力各2]; 持仓无止损触发[最大跌幅电网-0.24%]; 无突发重大消息[黄金概念走强/三安光电涨停/港股内房股走高均无持仓直接重大关联]; 无V型反转); Tier 2 无(领涨为金融护盘链[保险Ⅱ+3.13%为10:00已有非新跃升]+航运港口+2.58%连续第3检查点但归因不明+贵金属/影视院线延续,均非全新; 持仓量比无>3[宁波1.62最高]; fflow可用标的均属持仓既有信号/监控[159326 SIG-04覆盖,159227持仓,601398流出警示],002142/159611/518880/512480断连无法验证3连流入; 热榜无全新题材[旅游为假日题材旧逻辑]; 关联品种港股内房股走高→A股地产链联动[信达地产2天2板]但无持仓关联); 关注列表升级均不满足(军工512660 -0.26%<+1.5%✗+长城军工-3.66%续杀跌; 汽车零部晋级率17.3%<30%✗[光洋2天2板延续但ETF 1.111 +0.18%弱]; 化学晋级率17.3%<30%✗[集泰4天4板个股延续]; 电力159611 +0.48%<+1%✗[较10:30 +0.77%回落,量比1.76>1.5✓单条件]; 半导体SIG-05覆盖) → 当前无新增信号机会(Tier 3)

  无需执行操作: 无已触发信号; SIG-04 1.70硬门槛未站不触发正T(偏弱环境下硬门槛为自然防护, 11:30上午窗口结束转13:30后); SIG-05双条件未满足; 无P0止损触发

  ⚠️ 提示: ① 高开低走偏弱加深(午前定局)——深/创距开盘价-0.65%/-0.85%续回落+科创50转负加深-0.40%+行业广度跌6,502>涨3,049(10:34跌5,850>涨3,645继续恶化扩大)+炸板率39.3%维持高位+高位人气股杀跌延续(哈药/一鸣/爱丽跌停)→早盘"偏弱情景(高开低走)"兑现加深; 但金融权重护盘(保险+3.13%/证券+1.23%/银行+1.12%领涨)主要指数未全线跌>1%(上证+0.29%)→非系统性普跌, SIG-02窗口已关不回溯; 做T环境趋弱持续由SIG-04硬门槛1.70自然约束(未站不触发); 11:30上午T窗口结束未站1.70→转13:30后窗口; 若午后广度续恶+指数转绿破开盘→13:30评估暂停/降T环境; ② 工行601398 fflow主力净流出扩大至-43.87亿(11:03, 10:30 -24.55亿继续扩大第4检查点; 数值口径存疑[总额>成交额], 9/2同口径异常, 判方向为主)价格8.22平盘MA5 8.02未破, 与银行Ⅱ板块+1.12%领涨背离=高位派发嫌疑→银行高位资金流出持续升级, 午后破8.02按纪律减1/3锁利; ③ 宁波34.86(+1.63%)量比1.62高35.0创新高后微回(10:30 34.99→11:00高35.0)→早盘"突破看新高"兑现延续, 持有不加(超买不追), fflow断连无法验证资金; ④ 电力159611(+0.48%较10:30 +0.77%回落)量比1.76>1.5✓但价格<+1%→升级未满足维持观察, 午后价格达标复核; ⑤ 航运港口+2.58%涨35跌2连续第3检查点领涨资金聚集(海通发展涨停)归因仍不明+无持仓关联→观察不追加, 13:30消息面澄清后复核; ⑥ 保险Ⅱ+3.13%领涨为10:00已有金融护盘链(证券/银行跟随), 若午后金融独强+广度续恶需警惕"权重护盘下的个股杀跌"结构, 13:30复核; ⑦ 半导体512480低1.001逼近1.0关口+三安光电涨停(10:42)个股行情未传导ETF→SIG-03纪律维持, 午后破1.0关注恐慌放量(V反观察); ⑧ 黄金9.098守9.0(量比收缩至1.01), 黄金概念走强(莱绅通灵涨停)+小非农支撑→SIG-01证伪维持, 午后放量破9.0需人工决策; ⑨ 北向不可用(全时段模板为昨日陈旧快照); fflow 6标的断连(数值口径存疑); clist行业排名正常
