[2026-09-03 13:33] 盘中检查 13:30 检查点执行完成
  状态: completed | 检查点: 13:30 (13:25-13:40 窗口) | 交易日: 2026-09-03 周四 | 午盘走势验证（重点：午后方向+新信号扫描）
  数据时点: 2026-09-03 13:33 CST (腾讯财经/东财push2ex四池/push2 clist行业/同花顺热榜/hsgtApi/东财全球资讯; push2 fflow口径异常[数值远超成交额, 判方向为主]+部分断连[159326/159227/601398/512480断连, 002142+/518880+/159611+/512660-/516110+方向参考]; 北向不可用降级[hsgt仅返回至09:44陈旧快照]; clist行业排名正常)
  持仓同步: PULLED (云端持仓/调仓已同步至本地: 宁波400/航空1400/电网7900/黄金2600/工行1500)

  市场快照:
    上证 3933.40 (-0.20%) | 深证 13558.92 (-0.39%) | 创业板 3292.68 (-0.59%) | 科创50 1603.03 (-0.90%)
    形态: 午后转绿定局——上证(开3952.79→3933.40, 距开盘-0.49%)转绿破开盘, 深(开13711.07→13558.92, 距开盘-1.11%)/创(开3342.09→3292.68, 距开盘-1.48%)续回落, 科创50 转负加深(11:00 -0.40%→-0.90%); 新闻13:20"三大指数午后相继翻绿, 全市场超3800家个股下跌"; 主要指数均未跌>1% 非系统性普跌
    北向: 不可用(hsgt仅返回至09:44陈旧快照 hgt+2.25/sgt+379.75, 非当日实时), 降级盘面监控
    行业汇总: 跌7,091>涨2,499 (13:33, 11:02 跌6,502>涨3,049 单向恶化继续扩大; 全行业仅少数翻红)
    领涨行业(13:33): 航运港口+1.81%(涨26跌4, 领涨603162海通发展+10%涨停, BDI归因澄清) 航空机场+0.37%(涨10跌2) 铁路公路+0.18% 房地产开发+0.03%(领涨600657+10.16%)
    领跌行业(13:33): 广告营销-2.04% 塑料-1.99% 电视广播Ⅱ-1.74% 农林牧渔-1.68%(领涨600108涨停) 社会服务-1.30% 数字媒体-1.29% 服装家纺-1.26%
    打板: 涨停35(11:00 34+1) 炸板33(炸板率48.5%, 11:00 39.3% 大幅恶化+9.2pp) 跌停11(11:00 9+2) | 最高5连板(国芳集团5天5板; 集泰股份4天4板; 楚天龙10天6板-0.05%)
    晋级率: 15.4% (8/52) 较11:00 17.3% 续降 <30% → 9/2涨停潮题材延续性持续弱(传媒链退潮加深)
    题材热度(同花顺TOP100): PET铜箔/光纤(远东股份+7.2%#1) IP经济(国芳集团5天5板#3) 中俄贸易/军民融合(内蒙一机#5) 粮食(金健米业-2.3%分歧/万向德农-9.9%) 数字货币(楚天龙 微跌) 抽水蓄能(雪人集团+5.5%) — 无全新题材; 培育钻石(黄河旋风+8.5%)/白银(白银有色+9.2%涨停)为旧题材超跌轮动反弹; 高位人气股退潮加剧: 哈药跌停/一鸣跌停/爱丽家居跌停(13:27跨界并购风险提示)/万向德农-9.9%/新赛股份-9.96%/沃特股份-9.99%/我爱我家-6.6%/海鸥住工-5.6%
    全球资讯: 无持仓直接突发重大消息(13:20三大指数午后翻绿3800家下跌[偏弱情景发展非新事件]; 12:52 BDI创2023-12以来新高[厄尔尼诺+西芒杜放量+干散货旺季, 海通发展涨停=航运港口归因澄清]; 13:18 KOSPI抹平+1.8%转跌[三星/SK海力士转跌]+日经跌破64000[对应SIG-03半导体监控]; 13:05黄金概念反弹白银有色涨停[黄金持仓受益已反映+2.31%]; 12:45台积电扩产设备采购翻倍[半导体设备个股利好512480未传导]; 动力电池大会奇瑞固态400Wh/kg已知催化)
    主力资金(fflow 13:33, 口径异常判方向): 159326/159227/601398/512480 断连 | 002142 +(宁波,方向参考) 518880 +(黄金) 159611 +(电力) 512660 -(军工) 516110 +(汽车) — 数值远超成交额不可用仅判方向
    炸板率48.5%: 涨停35 vs 炸板33 高位情绪弱化(晋级率15.4%续降+跌停11增多)

  持仓ETF (13:33):
    黄金518880: 9.108(+2.31%) 量比0.97(11:00 1.01续收缩) 高9.135 低9.045 — 站回9.0守线第5检查点, 期银+2%+黄金概念反弹(白银有色涨停)双支撑
    电网159326: 1.640(-0.24%) 量比0.95 高1.66 低1.637 — 13:30后窗口已开: 1.70硬门槛未站(连续第13日+), 低1.637逼近1.62证伪线但未破; fflow断连
    航空159227: 1.031(-0.29%) 量比1.09 高1.039 低1.026 — 低空大会放量回调后窄幅企稳(11:00 1.032); 板块领涨为"航空机场"(客运)非本ETF(航空航天军工), 无直接关联
    工行601398: 8.12(-1.22%) 量比0.88 高8.27 低8.12(=现价,日内最低) — 11:00 8.22平盘→午后明显走弱, 逼近MA5 8.02防线(距-1.2%), 破8.02按纪律减1/3锁利
    宁波002142: 34.55(+0.73%) 量比1.31 高35.0(持平前高) 低34.08 — 冲35.0回落(11:00 34.86), 仍红盘, 持有不加
  信号标的: 半导体512480 0.998(-1.19%) 量比0.97 高1.023 低0.993(昨收1.010) — 跌破1.0关口(11:02 1.003→0.998), 日内低-1.68%曾破-1.5%阈值
  关注列表: 军工512660 1.136(-0.53%) | 汽车零部516110 1.111(+0.18%) | 电力159611 1.047(+0.19%) 量比1.35 | 银行512800 0.843(-0.12%, 11:00 +0.95%转跌)

  信号验证 (5条, 13:33):
    已触发 0 条 | 已过期 0 条(新增) | 已取消维持 1 条 | 待执行维持 3 条
      SIG-01(P0黄金减仓,已取消): 9.108(+2.31%)量比0.97站回9.0守线第5检查点 + 期银+2%(12:48)+黄金概念反弹(白银有色涨停13:05) → 证伪取消维持(转守9.0); 午后放量破9.0需人工决策(复盘评估恢复减仓补丁)
      SIG-02(P0普跌否决,已过期): 窗口已关(10:00末复核非系统性普跌→过期)不回溯触发; 午后偏弱情景兑现转绿定局——指数全线转负(上证11:00 +0.29%→-0.20%转绿破开盘3952.79, 深/创距开盘-1.11%/-1.48%, 科创50 -0.40%→-0.90%转负加深)+广度单向恶化扩大(跌7,091>涨2,499)+炸板率39.3%→48.5%大幅恶化+跌停9→11+新闻13:20"超3800家下跌"→偏弱情景(高开低走)兑现定局; 但主要指数均未跌>1%非系统性普跌; 做T环境恶化确认由SIG-04硬门槛自然约束
      SIG-03(P0打新抽血,待执行纪律生效): 512480 0.998(-1.19%)跌破1.0关口, 日内低0.993对应-1.68%曾破-1.5%, 全天未放量站稳1.026 → 打新回流未确认, 不追高科技纪律维持(全天); 午后外部恶化(KOSPI抹平+1.8%转跌13:18/三星/SK海力士转跌/日经跌破64000)回流确认推迟; 三安光电涨停个股行情ETF未传导 → SIG-05未激活
      SIG-04(P1电网正T,窗口内未触发): 13:30后窗口已开(首查): 站上1.70✗(1.640距门槛-3.7%,硬门槛连续第13日+未站)/量比>0.8✓(0.95)/企稳✗—(低1.637逼近1.62证伪线+价格续弱+大盘转绿做T环境恶化)→未触发; 做T环境评估: 11:00预留条件(广度续恶+指数转绿破开盘)兑现→午后窗口即使脉冲站1.70也需企稳+广度联防不追脉冲; 1.62证伪线防守
      SIG-05(P1半导体建仓,窗口内未触发): 10:30后开放窗口双条件均未满足且反向恶化: 512480 0.998<1.026✗(跌破1.0关口) + 科创50 -0.90%转负加深✗(11:00 -0.40%续恶化)→未触发; 外盘半导体午后转跌(KOSPI抹平+1.8%/三星/SK海力士转跌)外盘反弹映射预期落空; SIG-03纪律生效下建仓评估不激活; 窗口进度约68%(10:30-15:00)<75%不过期
    75%窗口过期检查: SIG-04 13:30后新窗口进度约3%不过期; SIG-05 开放窗口约68%<75%不过期; SIG-03 P0全天豁免 → 无新过期
    触发/过期/取消/升级: 0 / 0 / 0 / 0

  新信号扫描: Tier 1 无(北向不可用[hsgt仅09:44陈旧快照]无法验证逆转; 单板块涨停潮无[一般零售/汽车零部/包装印刷各3最高<5, 电网设备2, REQ-003口径不满足]; 持仓无止损触发[工行-1.22%最大但MA5 8.02未破, 电网-0.24%距1.62证伪线+1%]; 无突发重大消息[三大指数翻绿为偏弱情景发展非新事件, BDI新高=航运归因澄清, KOSPI转跌对应SIG-03监控, 白银有色涨停黄金持仓受益已反映]; 无V型反转); Tier 2 无(板块跃升为航运港口+1.81%连续第4检查点领涨但BDI归因澄清后无持仓关联+高位不追, 航空机场/铁路公路/房地产为弱势防御性微涨非全新; 传媒链/农林牧渔/粮食链高位题材全面退潮; 持仓量比无>3[宁波1.31最高]; fflow口径异常+断连无法验证3连流入; 热榜无全新题材[培育钻石/白银为旧题材轮动反弹]; 关联品种外盘转跌[恒生科技-1%/KOSPI转跌/日经跌破64000]与A股转绿共振, 白银→黄金持仓受益已反映); 关注列表升级均不满足(军工512660 -0.53%<+1.5%✗+长城军工-4.75%续杀跌; 汽车零部晋级率15.4%<30%✗[光洋延续但ETF弱]; 化学晋级率15.4%<30%✗[集泰4天4板个股延续]; 电力159611 +0.19%<+1%✗且电力行业-0.15%转弱量比1.35<1.5; 半导体SIG-05覆盖) → 当前无新增信号机会(Tier 3)

  无需执行操作: 无已触发信号; SIG-04 1.70硬门槛未站+做T环境恶化(广度跌7091>涨2499+炸板率48.5%+指数转绿)不触发正T(硬门槛+企稳+广度联防三重约束, 不追脉冲); SIG-05双条件反向恶化(512480跌破1.0+科创50-0.90%)未触发; 无P0止损触发(工行8.12未破MA5 8.02, 黄金+2.31%正向)

  ⚠️ 提示: ① 偏弱情景转绿定局(午后方向确认)——上证3933.40(-0.20%)转绿破开盘(距开盘-0.49%)+深/创距开盘-1.11%/-1.48%+科创50-0.90%转负加深(11:00 -0.40%)+行业广度跌7,091>涨2,499(11:02跌6,502>涨3,049继续恶化扩大)+新闻13:20"三大指数午后相继翻绿全市场超3800家下跌"+炸板率39.3%→48.5%大幅恶化(+9.2pp)+跌停9→11+晋级率17.3%→15.4%续降→早盘"偏弱情景(高开低走)"兑现转绿定局; 主要指数均未跌>1%(最深科创50 -0.90%)非系统性普跌, SIG-02窗口已关不回溯; 做T环境恶化确认(11:00预留"广度续恶+指数转绿破开盘→13:30评估暂停/降T"条件兑现)→SIG-04午后窗口已开但硬门槛1.70未站+企稳未确认+广度联防=不追脉冲, 14:00复核; ② 工行601398 -1.22%现价8.12=日内最低(11:00 8.22平盘明显走弱)MA5 8.02防线未破(距-1.2%), 银行ETF 512800 -0.12%(11:00 +0.95%转跌)→11:00"银行高位派发嫌疑"警示午后兑现为价格回落, 破8.02按纪律减1/3锁利未触发维持, 14:00/14:30复核; ③ 宁波34.55(+0.73%)量比1.31高35.0冲前高回落(11:00 34.86)仍红盘持有不加(超买不追); ④ 半导体512480跌破1.0关口(0.998 -1.19%, 日内低0.993曾破-1.5%)+KOSPI午后抹平+1.8%转跌(13:18三星/SK海力士转跌)+日经跌破64000→SIG-03纪律维持+SIG-05双条件远未满足, 午后破位关注恐慌量能(V反观察)14:00复核; ⑤ 航运港口+1.81%涨26跌4连续第4检查点领涨, BDI创2023-12以来新高(12:52厄尔尼诺风险+西芒杜放量+干散货旺季, 海通发展603162涨停)归因澄清→干散货逻辑清晰但无持仓关联+高位不追, 观察不追加(14:00复核延续性); ⑥ 黄金9.108(+2.31%)守9.0第5检查点: 期银日内+2%(12:48)+黄金概念反弹(白银有色涨停13:05, 湖南黄金/中金黄金/赤峰黄金涨)→SIG-01证伪维持, 午后放量破9.0人工决策; ⑦ 高位题材全面退潮——传媒链转跌(影视院线-0.52%/数字媒体-1.29%)+粮食链杀跌(万向德农-9.9%/新赛-9.96%/金健米业-2.3%)+高位人气股跌停潮(哈药/一鸣/爱丽家居跌停, 我爱我家-6.6%/海鸥住工-5.6%)→炸板率48.5%高位情绪弱, 非持仓不操作; ⑧ 北向不可用(hsgt仅09:44陈旧快照); push2 fflow口径异常(数值远超成交额, 判方向为主)+部分断连(159326/159227/601398/512480); clist行业排名正常; 东财全球资讯可用
