[2026-09-03 10:04] 盘中检查 10:00 检查点执行完成
  状态: completed | 检查点: 10:00 (09:55-10:10 窗口) | 交易日: 2026-09-03 周四
  数据时点: 2026-09-03 10:02-10:04 CST (腾讯财经/东财push2ex/push2 clist行业/同花顺热榜/hsgtApi/东财全球资讯; push2 fflow仅159326/601398可用, 518880/512480/159227/512660断连; 北向不可用降级)
  持仓同步: PULLED (云端持仓/调仓已同步至本地, 与早盘一致: 宁波400/航空1400/电网7900/黄金2600/工行1500)

  市场快照:
    上证 3959.30 (+0.45%) | 深证 13652.38 (+0.30%) | 创业板 3320.36 (+0.25%) | 科创50 1612.86 (-0.29%)
    形态: 高开低走——深证(开13711→13652)/创业板(开3342→3320)/科创50(开1635→1613)均跌破开盘价, 科创50 转绿; 上证 高开后回落仍+0.45%
    北向: 不可用(hsgt 15:00陈旧快照 hgt-9.28/sgt379.75为历史缓存, 非当日实时), 降级盘面监控
    行业汇总: 临界震荡——10:02 跌5,059>涨4,318 → 10:04 涨4,711>跌4,659 (口径含重复计数, 09:40已标注临界)
    领涨行业: 影视院线+3.41% 保险Ⅱ+2.94% 航运港口+2.09% 贵金属+2.09% 电机Ⅱ+1.84% 游戏Ⅱ+1.65% 能源金属+1.61% 煤炭+1.44% 出版+1.43% 证券Ⅱ+1.41% (传媒链延续+贵金属/能源金属超跌反弹+金融)
    领跌行业: 房地产服务-1.53% 饰品-1.21% 塑料-1.12% 非金属材料Ⅱ-1.08% 橡胶-1.08% 农林牧渔-0.69% 电子化学品Ⅱ-0.67%
    打板: 涨停27(09:40 23↑) 炸板15(炸板率35.7%, 09:40 20.7%↑恶化) 跌停6 | 最高5连板(国芳集团5天5板; 集泰股份4天4板/欢瑞世纪4天4板/龙版传媒4天4板)
    晋级率: 19.2% (10/52) <30% → 9/2 涨停潮板块题材延续性仍弱(09:40 15.4% 微升)
    题材热度(同花顺TOP12): 光纤/PET铜箔(远东股份#1+4.0%/杭电股份) 军工/中俄贸易(内蒙一机+2.3%) 兵装重组(长城军工-5.19%分歧) IP经济(国芳集团涨停) 粮食(金健米业) 抽水蓄能/核聚变(雪人集团+6.25%) 数字货币(楚天龙+4.17%) — 无全新题材
    全球资讯: 无突发重大消息(仅发改委"六张网"重大项目机制/光缆行业数智化会议/央行逆回购量为零等常规)
    主力资金: 159326 累计+1.18亿(持仓, 较09:40 +4,493万 扩大约2.6倍) | 601398 主力净流出-7.46亿(银行高位流出!) | 其余断连

  持仓ETF (10:02):
    黄金518880: 9.085(+2.06%) 量比1.55 高9.086 低9.045 — 放量站回9.0上方维持, 贵金属行业+2.09%领涨反弹验证证伪
    电网159326: 1.645(+0.06%) 量比1.24 高1.66 低1.645 — 主力+1.18亿流入但价格未跟(修复初期), 未站1.70(窗口10:30开)
    航空159227: 1.028(-0.58%) 量比2.79(09:40 4.32回落) 高1.035 低1.026 — 低空大会放量回调持续, 量比收缩中
    工行601398: 8.23(+0.12%) 量比1.49 高8.27 低8.15 — 主力净流出-7.46亿高位资金流出迹象, MA5 8.02防线未破
    宁波002142: 34.85(+1.60%) 量比2.38 高34.88 低34.08 — 放量突破前高34.5(早盘"突破看新高"兑现), 持有不加
  信号标的: 半导体512480 1.004(-0.59%) 量比1.78 高1.023 低1.003 — 较09:43(+0.10%)转跌, 高1.023全天未达1.026
  关注列表: 军工512660 1.138(-0.35%) | 汽车零部516110 1.113(+0.36%) 量比2.57 | 电力159611 1.052(+0.67%) 量比2.03 | 银行512800 0.851(+0.83%) 量比1.99

  信号验证 (5条, 10:02-10:04):
    已触发 0 条
    已过期 1 条:
      SIG-02(P0普跌否决): 10:00窗口末最终复核未触发→已过期——主要指数全线收涨(上证+0.45%/深证+0.30%/创业板+0.25%)仅科创50 -0.29%(非"指数全线跌>1%"); 广度临界震荡(10:02跌5059>涨4318→10:04涨4711>跌4659, 非单向恶化); 涨停27/跌停6+影视院线+3.41%/贵金属+2.09%/保险+2.94%领涨→非系统性普跌; 否决窗口关闭, 做T窗口10:30按SIG-04自身硬门槛激活; 注意高开低走+炸板率恶化(20.7%→35.7%)为午前偏弱风险, 10:30/11:00复核
    待执行 3 条:
      SIG-03(P0打新抽血): 512480 1.004(-0.59%)较09:43转跌, 高1.023全天未放量站稳1.026 → 打新回流未确认, 不追高科技纪律维持(全天); 日韩映射仍未传导
      SIG-04(P1电网正T): 1.645(+0.06%)量比1.24未站1.70硬门槛(连续第13日), 1.62证伪线未破; SIG-02否决未成立→T窗口10:30开启核查(1.70+量比>0.8+企稳); 主力+1.18亿持续流入为修复基础
      SIG-05(P1半导体建仓): 512480 1.004<1.026未满足 + 科创50 转负-0.29%(09:43曾+0.21%满足单条件→恶化) → 双条件均未满足; 窗口10:30后开启
    已取消维持 1 条(09:40取消, 本次复核):
      SIG-01(P0黄金减仓): 9.085(+2.06%)量比1.55放量站回9.0 + 贵金属行业+2.09%领涨反弹 → 证伪取消维持, 转守9.0; 午后放量破9.0需人工决策(复盘评估恢复减仓补丁)

  新信号扫描: Tier 1 无(北向不可用无法验证逆转; 单板块涨停潮无[最高各2只<5, 传媒链跨子行业合计约5-6只但REQ-003单板块口径不满足]; 持仓无止损触发[最大跌幅航空-0.58%]; 无突发重大消息[全球资讯15条扫描仅常规政策/会议]; 无V型反转); Tier 2 无(领涨为延续性传媒链+贵金属/能源金属超跌反弹非全新机会; 持仓量比无>3[航空2.79收缩]; fflow仅159326/601398可用无法验证3连流入[159326+1.18亿持仓持续流入为观察非新信号, 601398-7.46亿流出为风险提示]; 热榜无全新题材; 日韩半导体映射仍未传导512480); 关注列表升级均不满足(军工512660 -0.35%<+1.5%+内蒙一机/长城军工分歧; 汽车零部晋级率19.2%<30%[光洋股份2天2板午后复核]; 化学原料晋级率19.2%<30%; 电力159611 +0.67%<+1%量比2.03✓; 半导体SIG-05覆盖) → 当前无新增信号机会(Tier 3)
  75%窗口过期检查: SIG-02 窗口(09:30-10:00)已结束未触发→按3.2.1转已过期(P0豁免75%强制过期但窗口自然关闭); SIG-01已取消; SIG-03全天窗口; SIG-04/05窗口未开 → 新过期1条
  触发/过期/取消/升级: 0 / 1 / 0 / 0

  无需执行操作: 无已触发信号; SIG-02普跌否决未成立(窗口关闭), 做T窗口10:30起按SIG-04硬门槛核查, 无强制操作

  ⚠️ 提示: ① SIG-02否决窗口关闭(10:00末复核: 指数全线收涨+广度临界震荡+涨停27/跌停6→非系统性普跌), 但市场呈高开低走形态(深/创/科跌破开盘价)+炸板率20.7%→35.7%恶化, 若10:30前科创50/创业板转负扩散+广度单向恶化, 属早盘"偏弱情景(高开低走)"兑现, 10:30检查点重点验证是否需按盘中否决纪律降T/暂停做T; ② SIG-03打新回流未确认持续(512480 1.004 -0.59%转跌), 不追高科技纪律维持; SIG-05建仓双条件恶化(科创50转负), 10:30后复核; ③ SIG-04电网主力持续流入+1.18亿(09:40 +4,493万→3倍扩大)为修复基础, 10:30窗口核查1.70硬门槛(现价1.645距门槛+3.3%); ④ 工行601398主力净流出-7.46亿(fflow 10:04)价格+0.12%→银行高位资金流出迹象(宁波+1.60%破前高34.88与工行背离=银行链内部分化), MA5 8.02防线未破, 午后破8.02按早盘纪律减1/3锁利观察; ⑤ 黄金9.085站回9.0+贵金属行业+2.09%反弹, SIG-01证伪取消维持守9.0, 若午后重新放量破9.0需人工决策(复盘评估信号恢复补丁); ⑥ 宁波34.85放量破前高34.5, 早盘"突破放量看新高"兑现→持有不加(超买RSI高位不追); ⑦ 传媒链延续领涨(影视院线+3.41%两连检查点)但晋级率19.2%<30%+单板块涨停<5, 不追; ⑧ 北向不可用, fflow部分断连(518880/512480/159227/512660), clist行业排名恢复, 东财全球资讯可用
