========================================
早盘分析自动执行日志
========================================
日期: 2026-09-03
执行开始: 09:13:00 CST
执行结束: 09:31:00 CST
状态: 成功
Staging文件: 存在（今日-早盘分析.md，1.3d action=use）
数据获取:
  - 海外市场: 成功（腾讯财经海外指数 + WebSearch 综合；美股 9/2 收盘/日韩 9/3 早盘/A50 期货/汇率/商品）
  - A股催化剂: 成功（同花顺热点 + 涨停池 push2ex + 事件日历 WebSearch；板块排名降级腾讯批量行情）
  - 资金面与情绪: 部分成功（涨停池/两融个股口径成功；push2 不可达、北向断供、两融市场级缺失，均已标注降级）
  - 事件日历: 成功（信诺维 688837 申购/金钛股份上市/低空经济大会/动力电池大会；财新 8 月 PMI 具体值未检索到，官方 49.8 已确认）
信号生成: 5 条 (P0: 3 P1: 2)
报告产出: 早盘报告.md, 每日信号.md
错误: 无
警告:
  - 数据源降级：push2/push2his 连续第 4 交易日不可达（板块排名/北向/资金流走 fallback）
  - 北向资金日频断供（同花顺返回陈旧异常快照），以两融替代
  - 两融市场级数据缺失（RPTA_RZRQ_LSHJ EMPTY），以工行个股两融为代理
  - mootdx K线返回空，技术指标用腾讯日K替代
  - 1.3c staging 持仓校验误报（BUG-020 新建，详见 bugs/open/BUG-020.md）；staging 真实持仓与 config 一致，报告以 config/持仓.md 为权威来源
  - BUG-017 追加 9/3 复现记录（push2 连续第 4 交易日不可达）
========================================
