========================================
早盘分析自动执行日志
========================================
日期: 2026-08-07
执行开始: 09:16:00 CST
执行结束: 09:16:45 CST
状态: 成功
Staging文件: 存在（2026-08-06 收盘复盘生成）
数据获取:
  - 海外市场: 部分成功（WebSearch未返回结果，基于staging推断）
  - A股催化剂: 成功（同花顺热点）
  - 资金面与情绪: 部分成功（东财push2不可达，腾讯ETF替代）
  - 事件日历: 未获取（东财API受限）
信号生成: 5 条 (P0: 1 P1: 3 P2: 1)
报告产出: 早盘报告.md, 每日信号.md
错误: 无
警告: 东财push2 API本网络不可达，行业板块排名/北向资金/资金流数据通过腾讯/同花顺替代
========================================
[2026-08-07T14:07:00+0800] 盘中检查 14:00 开始
[2026-08-07T14:07:01+0800] 三大指数: 上证+0.81%, 深证+1.31%, 创业板+1.30%
[2026-08-07T14:07:05+0800] 北向资金: 沪股通-9.28亿(深股通盘中未更新)
[2026-08-07T14:07:10+0800] 持仓ETF: 银行0.800(-0.62%), 电网1.692(+0.95%), 纳指2.248(+0.18%), 航空1.008(+0.30%)
[2026-08-07T14:07:20+0800] 信号更新: SIG-05已过期(75%窗口93%超阈值, 全天未突破1.010且量能不足), 14:00验证记录已追加
[2026-08-07T14:07:30+0800] Tier扫描: 无Tier1/Tier2新增信号, 东财push2 API不可达
[2026-08-07T14:07:40+0800] 盘中检查 14:00 结束
[2026-08-07T14:35:00+0800] 盘中检查 14:30(收盘前) 开始
[2026-08-07T14:35:01+0800] 三大指数: 上证+0.81%(3932.01), 深证+1.28%(14291.35), 创业板+1.35%(3563.08)
[2026-08-07T14:35:05+0800] 北向资金: 沪股通-9.28亿(深股通盘中未更新)
[2026-08-07T14:35:10+0800] 持仓ETF: 银行0.798(-0.87%), 电网1.692(+0.95%), 纳指2.263(+0.85%), 航空1.011(+0.60%)
[2026-08-07T14:35:20+0800] 信号状态: 全部5条已过期, 无待执行信号; SIG-05尾盘上破1.010但已过期不复活
[2026-08-07T14:35:30+0800] Tier扫描: 无Tier1/Tier2新增信号, 东财push2 API不可达
[2026-08-07T14:35:40+0800] 尾盘操作评估: 无P0止损信号, 无止损触发, 隔夜仓位维持不变
[2026-08-07T14:35:50+0800] 盘中检查 14:30 结束
