[2026-09-07 11:07] 盘中检查 11:00 检查点执行完成
  状态: completed | 检查点: 11:00 (10:55-11:10 窗口, 午前最后一次) | 交易日: 2026-09-07 周一
  数据时点: 2026-09-07 11:02-11:05 CST (腾讯财经/东财push2 clist行业/东财push2ex打板四池/push2 fflow[601398/002142/159326/159825可用, 518880/159227/512480断连]/同花顺热榜/hsgtApi陈旧/东财全球资讯; 516880标的双源校验)
  持仓同步: PULLED (云端持仓/调仓已同步至本地: 宁波400/航空1400/电网7900/黄金2600/工行1500; 可用 37629元)

  市场快照:
    上证 3917.37 (-0.32%) | 深证 13655.92 (+1.03%) | 创业板 3353.46 (+2.04%) | 科创50 1593.07 (+1.00%)
    形态: 修复延续但冲高回落中段——创/深/科仍全线走强(创业板+2.04% 领涨)但自高点回撤(创高3377.38/科高1607.45→1607→1593), 上证-0.32%权重(银行/煤炭/保险)拖累转绿(高3948.42低3916.49); 量能放大(上证量比1.34/创1.35/科1.47; 10:40两市破1万亿)
    广度: 行业汇总涨5,558>跌3,922 (11:02, 较10:31 5779>3685 略收窄仍健康; 修复第2日延续)
    北向: 不可用(hsgt 09:44陈旧快照 hgt+2.25/sgt+379.75非当日实时), 降级盘面监控
    领涨行业: 元件+5.33%(涨66跌0) 农林牧渔+2.94%(涨102跌11, 连续第2日领涨居前) 电子化学品+2.78% 一般零售+2.69% 通信设备+2.55% 电子+2.10% 半导体+1.59%
    领跌行业: 保险-2.38% 煤炭-1.95% 贵金属-1.89%(涨0跌13) 银行Ⅱ-1.57%(涨0跌42全线) 证券-1.20% 非银-1.16% 国防军工-0.84%
    打板: 涨停60(较10:31 51增加) 炸板17(炸板率22.1%) 跌停3 | 晋级率30.8%(12/39, >30% 题材延续) | 连板梯队: 6板1(龙版传媒) 3板3 2板8 1板48
    涨停行业TOP: 元件7 汽车零部7 一般零售5 通信设备4 种植业2 食品加工2 农产品加工2...
    题材热度(同花顺TOP15): 平潭发展#1(海峡两岸) 龙版传媒(IP经济) 金健米业/亚盛(玉米/粮食) 楚天龙(数字货币) 剑桥科技(CPO/F5G, 排名+2) — 无全新题材
    全球资讯: 无持仓直接重大负面——厄尔尼诺将达"超强"级+FAO粮价8月高位(10:58, 对应SIG-04); 韬定律第二篇论文半导体散热/设备(10:36, 对应SIG-03); 算力硬件涨停潮十余只/CPO走强(10:40, 光通信PCB方向); 美股光通信板块走高传导(10:56 迈威尔+7%/Coherent+6%); 摩尔线程20%跌停(解禁, 非持仓); GPT-6 Astra/黄仁勋AGI言论(AI背景)
    主力资金(fflow 11:05 当前值, 部分断连): 601398 -1.98亿(工行流出扩大, 10:33为-1.36亿) | 159326 +571万(微流入) | 002142 -263万 | 159825 -363万 | 518880/159227/512480 接口断连/空(10:33曾: 518880 -1.00亿/512480 +1.28亿/159227 -0.02亿)

  持仓/信号标的 (11:02):
    黄金518880: 9.053(-1.21%) 量比0.82 高9.076 低9.021 — 9.0防线第2检查点未破(低9.021与开盘一致未创新低, 距9.0 +0.53%); 贵金属-1.89%领跌+量比0.82缩量
    工行601398: 7.99(-1.72%) 量比1.62 高8.20 低7.98 — 🚨 跌破8.02(MA5)触发SIG-02! (10:30低点8.02精确触及濒临→11:00前破位兑现); 银行Ⅱ-1.57%涨0跌42+主力-1.98亿
    宁波002142: 33.78(-2.09%) 量比1.93 高34.45 低33.72 — 续破早盘策略线34.07(MA5)(10:30 33.87→33.78), 按早盘6.2"跌破34.07减1/2观察"提示人工决策(非信号条目)
    航空159227: 1.02(-1.54%) 量比1.18 高1.04 低1.02 — 1.02前低第2次精确触及未破(国防军工-0.84%行业拖累)
    电网159326: 1.646(+0.18%) 量比1.08 高1.657 低1.637 — 1.70硬门槛未站(距-3.2%), 1.62证伪线未破, 主力+571万微流入
    半导体512480: 0.989(+1.33%) 量比1.62 高1.00 低0.98 — 高点1.00第2次触及回落未站稳(10:34同), 科创50转正+1.00%
    农业159825: 0.777(+0.39%) 量比1.44 高0.779 低0.771 — ETF严重滞后板块(农林牧渔+2.94%行业第2 vs ETF+0.39%), 成交仅0.69亿
  关注列表/盘中信号标的: 汽车零部516110 1.102(-0.27%) 量比1.28 高1.109 低1.101(涨停潮7只延续但ETF转跌) | 通信516880 ⚠️标的错误=光伏ETF银华(0.695+1.31%, 腾讯+新浪双源) — 正确通信ETF 515880通信ETF国泰0.664(+3.91%量比1.99成交19.1亿)/515050通信ETF华夏1.030(+4.36%量比2.64) | 电力159611 1.036(-0.77%) 不升级

  信号验证 (7条, 11:02-11:05):
    已触发 1 条(SIG-02 P0) | 已过期 0 条 | 待执行维持 6 条 | 盘中新增 0 条
      SIG-01(P0黄金减仓评估,待执行): 9.053(-1.21%)量比0.82 低9.021 9.0防线第2检查点未破(距+0.53%) → 未触发; 贵金属-1.89%领跌(涨0跌13)+量比缩量, 金价回调逻辑兑现中; 午后放量破9.0→"重新评估减仓"(9/2教训), 14:30前复核
      SIG-02(P0工行减1/3): 🚨 已触发 — 7.99(-1.72%)跌破8.02(MA5)(低7.98), 10:30濒临(低点8.02精确触及)后11:00前破位兑现; 银行Ⅱ-1.57%涨0跌42全线+主力-1.98亿流出扩大(10:33 -1.36亿) → 立即减1/3(500份)@~7.99锁利, P0执行率100%纪律, 14:45前必须响应
      SIG-03(P0半导体纪律,待执行): 512480 0.989(+1.33%)量比1.62 高点1.00第2次触及回落未站稳✗ + 科创50+1.00%转正✓ → 纪律未解除; 韬定律论文+存储外盘映射支撑, 放量站稳1.0(持续≥1.0)即解除+建仓评估激活, 13:30复核
      SIG-04(P1农业建仓,窗口内未触发): 三条件: ETF>+1.5%✗(0.777仅+0.39%距门槛-1.11pp) + 涨停≥5✓(农业链≥7只延续) + 晋级率>30%✓(30.8%) → 未触发(价格硬条件未满足); ETF-板块背离持续(+0.39% vs 农林牧渔+2.94%), 厄尔尼诺超强级+FAO粮价催化但ETF未跟涨; 午后站+1.5%(≥0.786)触发评估, 持续<+0.5%+涨停潮<5只证伪取消
      SIG-05(P1电网正T,窗口内未触发): 10:30-11:30窗口(进度58%<75%未过期): 站上1.70✗(1.646距-3.2%硬门槛连续第14日+未站) + 量比>0.8✓(1.08) + 企稳✓(低1.637未破1.62) → 未触发; 11:30上午窗口结束未站转13:30后窗口
      SIG-06-盘中(P1汽车零部回踩确认,待执行): 516110 1.102(-0.27%) 未回踩1.08-1.09(低1.101)也未破1.15(高1.109) → 未触发; 涨停潮7只延续但ETF转跌+质量差维持回踩确认纪律
      SIG-07-盘中(P1通信光通信,待执行⚠️): 🚨 发现标的代码错误(BUG-022): 516880双源验证=光伏ETF银华非通信ETF → 原触发条件(0.70前高/目标0.717)基于错误标的口径无法按原条件验证 → 不触发; 主题方向未证伪(通信设备+2.55%>+2% + 真通信ETF 515880+3.91%/515050+4.36%双双放量大涨 + CPO走强剑桥涨停/中际旭创+7.81%), 待人工修正标的重校准或取消
    75%窗口过期检查: SIG-01/02(09:30-14:45)约30%<75%; SIG-04(10:30后)33%; SIG-05(10:30-11:30)58%<75%; SIG-06(10:30后)33%; SIG-07(10:30-14:30)15%; SIG-03 P0全天豁免 → 无新过期
    触发/过期/取消/升级: 1(SIG-02) / 0 / 0 / 0; 盘中新增 0

  新信号扫描: Tier 1: 北向不可用(hsgt陈旧09:44)无法验证逆转; 板块涨停潮: 元件7只(行业+5.33%第1)=算力硬件/电子反弹延伸(PCB/光通信, 与SIG-03半导体方向重叠)追高风险大未追加, 汽车零部7只已有SIG-06-盘中覆盖; 持仓止损触发=SIG-02工行破8.02(既有信号触发非新信号); 突发消息均对既有方向(厄尔尼诺粮价→SIG-04/韬定律半导体→SIG-03/CPO光通信→SIG-07主题)无新建仓信号; V型反转三信号不齐(无指数急跌3%+) | Tier 2: 持仓量比无>3(最高宁波1.93); fflow大面积断连无法验证3连流入(工行-1.98亿为持仓风险方向非建仓机会); 无全新题材标签(粮食/海峡两岸/数字货币/IP经济/CPO均旧题材); 关联品种(美光/闪迪/迈威尔CPO)为隔夜已兑现传导 | → 当前无新增信号机会(Tier 3); 🚨 SIG-07标的不匹配已登记BUG-022

  需用户关注:
    🚨 工行SIG-02 P0已触发: 7.99跌破8.02(MA5)防线, 银行板块涨0跌42全线+主力-1.98亿流出扩大 → 立即减1/3(500份)@~7.99锁利(执行率100%, 14:45前)
    ⚠️ SIG-07-盘中标的不匹配(BUG-022): 516880=光伏ETF银华非通信ETF(双源验证); 正确515880/515050, 请人工确认修正触发线或取消
    ⚠️ 宁波002142 33.78续破34.07(MA5)策略线: 早盘6.2"跌破34.07减1/2观察"纪律适用, 请人工决策(非信号表条目)
    ⚠️ 黄金SIG-01: 9.0防线第2检查点未破但弱势(量比0.82缩量+贵金属-1.89%领跌), 午后放量破9.0需重新评估减仓

  无需执行操作: SIG-02已触发需执行(见上); SIG-01/03/04/05/06未触发维持待执行; SIG-07待人工修正(不触发)

  ⚠️ 提示: ① 修复日第2检查点确认延续——创业板+2.04%(领涨)/深证+1.03%/科创50+1.00%全线仍强+广度涨5558>跌3922+两市10:40破1万亿, 但较10:31高点(创3377.38/科1607.45)回落中段, 上证-0.32%转绿(银行/煤炭/保险权重拖累) → 风格切换极致: 科技成长(元件+5.33%涨66跌0/半导体+1.59%)vs防御红利(银行-1.57%涨0跌42/保险-2.38%/煤炭-1.95%)——红利权重杀跌拖累上证但未改修复格局; ② 🚨 工行破位为今日首个P0触发(10:30濒临→11:00前兑现): 银行高位资金持续流出(主力-1.98亿 vs 早盘-1.36亿)+3600亿增资利好不涨反跌(利好兑现派发确认), SIG-02减1/3锁利必须执行; ③ SIG-03半导体: 512480高点1.00第2次触及回落(0.989), 科创50转正+放量但"站稳1.0"持续不过——纪律维持正确(避免9/4 -2.8%式追高), 午后若放量站稳1.0再解除; ④ SIG-04农业: 晋级率30.8%+涨停≥7确认主线但ETF+0.39%严重滞后(+2.94%行业), 厄尔尼诺超强级+FAO粮价为强催化——ETF不跟涨疑流动性/成分差异, 价格硬条件未达不追; ⑤ SIG-07-盘中标的不匹配(BUG-022): 516880双源验证为光伏ETF银华, 10:30"通信ETF 516880量比3.33"实为光伏数据; 正确通信ETF 515880(+3.91%量比1.99成交19.1亿)/515050(+4.36%)——主题强但需人工修正标的后重校准; ⑥ 宁波33.78续破34.07策略线(非信号条目)人工决策; 航空1.02前低第2次精确触及未破; ⑦ 北向不可用(hsgt陈旧); fflow 518880/159227/512480断连(间歇风控); ⑧ 今日09:40/10:00检查点仍未执行(自动化空档, BUG-019 模式延续), 本检查点为当日第2次盘中执行
