[2026-09-07 10:34] 盘中检查 10:30 检查点执行完成
  状态: completed | 检查点: 10:30 (10:25-10:40 窗口) | 交易日: 2026-09-07 周一
  数据时点: 2026-09-07 10:31-10:34 CST (腾讯财经/东财push2ex打板四池/东财push2 clist行业[首次RemoteDisconnected重试成功]/push2 fflow[518880/601398/512480/159326/159227可用, 002142/159825/159611断连]/同花顺热榜/hsgtApi/东财全球资讯)
  持仓同步: PULLED (云端持仓/调仓已同步至本地: 宁波400/航空1400/电网7900/黄金2600/工行1500; 可用 37629元)

  市场快照:
    上证 3928.34 (-0.05%) | 深证 13702.23 (+1.37%) | 创业板 3366.21 (+2.42%) | 科创50 1602.67 (+1.60%)
    形态: 高开分化修复——创业板/深证/科创50 全线走强(创+2.42% 领涨), 上证权重拖累平盘(-0.05% 高开3942.51回落), 量能放大(上证量比1.69/创1.71/科1.82)
    广度: 行业汇总涨5,779>跌3,685 (10:31, 修复确认远超普跌否决线; 9/4 高位出清后第2日修复)
    北向: 不可用(hsgt 15:00陈旧快照 hgt-9.28/sgt+379.75为历史缓存, 非当日实时), 降级盘面监控
    领涨行业: 元件+5.42%(涨66跌1) 电子化学品+3.23% 农林牧渔+2.64%(涨101跌13, 连续第2日领涨居前) 非金属材料+2.53% 通信设备+2.46% 电子+2.37% 半导体+2.01%
    领跌行业: 煤炭-2.34% 保险-1.82% 银行Ⅱ-1.31%(涨0跌41全线) 贵金属-1.29%(涨0跌13) 非银-0.95% 证券-0.92%
    打板: 涨停51 炸板14(炸板率21.5%) 跌停3 | 晋级率30.8%(12/39, >30% 题材延续确认) | 连板梯队: 6板1(龙版传媒) 3板3 2板8 1板39
    涨停行业TOP: 汽车零部7 元件6 一般零售4 通信设备3 种植业2 饲料1...; 农业链合计7只(亚盛8天4板/播恩4天3板/罗牛山2天2板/敦煌7天4板/金健米业16天8板/道道全/红四方)
    题材热度(同花顺TOP15): 平潭发展#1(海峡两岸/福建自贸区) 楚天龙(数字货币) 龙版传媒(IP经济) 亚盛集团/金健米业(玉米/粮食概念) — 无全新题材; 粮食概念与农业链SIG-04方向重叠
    全球资讯: 无持仓直接重大负面——六部门粮食政策×3(10:07-10:10 涉农REITs/产粮大县金融支持/粮食主产区利益补偿, 对应农业SIG-04); 8家中央金融企业获3600亿增资(银行不涨反跌, 利好兑现嫌疑); "韬定律"半导体散热逻辑(对应半导体SIG-03); 厄尔尼诺→粮农组织食品价格指数走高; 港股光通信走强剑桥科技+17%(对应关注列表通信)
    主力资金(fflow 10:33 累计, 部分断连): 512480 +1.28亿(半导体流入) | 601398 -1.36亿(工行流出) | 518880 -1.00亿(黄金流出) | 159326 +0.04亿(微流入) | 159227 -0.02亿(约平) | 002142/159825/159611 断连

  持仓/信号标的 (10:31):
    黄金518880: 9.063(-1.10%) 量比0.91 高9.073 低9.021 — 9.0防线未破(低9.021距+0.23%), 竞价低开-1.56%后窄幅弱势, 主力-1.00亿
    工行601398: 8.03(-1.23%) 量比1.79 高8.20 低8.02 — 🚨 低点8.02精确触及MA5防线未破, 现价距触发线仅+0.12%濒临; 银行板块领跌(涨0跌41)+主力-1.36亿
    半导体512480: 0.996(+2.05%) 量比2.13 高1.00 低0.98 — 放量+科创50转正但未站稳1.0(高点1.00触及回落), 主力+1.28亿
    农业159825: 0.776(+0.26%) 量比1.87 高0.779 低0.771 — ETF滞后板块(农林牧渔+2.64%领涨第3), 成交仅0.6亿
    电网159326: 1.652(+0.55%) 量比1.26 高1.657 低1.637 — 1.70硬门槛未站(距-2.8%), 1.62证伪线未破
    宁波002142: 33.87(-1.83%) 量比2.30 高34.45 低33.72 — ⚠️ 已跌破早盘策略线34.07(MA5), 按早盘6.2"跌破34.07减1/2观察"提示人工决策
    航空159227: 1.025(-1.06%) 量比1.58 高1.04 低1.02 — 低1.02前低精确触及未破
  关注列表: 电力159611 1.036(-0.77%) 量比2.04 不升级 | 通信516880 0.696(+1.46%) 量比3.33 升级条件全满足 | 军工512660 1.145(-0.26%) | 汽车零部516110 1.108(+0.27%) 量比1.67(联防用)

  信号验证 (5条, 10:31-10:34):
    已触发 0 条 | 已过期 0 条(新增) | 待执行维持 5 条 | 盘中追加 2 条
      SIG-01(P0黄金减仓评估,待执行): 9.063(-1.10%)量比0.91 低9.021 9.0防线首考第1检查点未破 → 未触发; 贵金属-1.29%领跌+主力-1.00亿流出, 非农强→金价回调逻辑兑现中; 午后放量破9.0触发"重新评估减仓"(9/2教训破位即减), 14:30前复核
      SIG-02(P0工行减1/3,待执行濒临): 🚨 8.03(-1.23%) 低8.02精确触及MA5防线未破(现价距+0.12%濒临); 银行Ⅱ-1.31%涨0跌41全线下跌+主力-1.36亿+3600亿增资利好不涨反跌(利好兑现/高位派发) → 未触发但随时可能破位, 破8.02立即减1/3(500份)锁利, P0执行率100%纪律, 14:45前必须响应
      SIG-03(P0半导体纪律,待执行): 512480 0.996(+2.05%)量比2.13放量+科创50 +1.60%转正✓ 但未站稳1.0(高点1.00触及回落)✗ → 纪律未解除; 存储外盘映射(美光+6%/闪迪+11%)+半导体散热新闻支撑, 放量站稳1.0即解除+建仓评估激活, 11:00复核
      SIG-04(P1农业建仓,窗口内未触发): 10:30窗口已开三条件: ETF>+1.5%✗(0.776仅+0.26%距门槛-1.24pp) + 涨停≥5✓(农业链7只) + 晋级率>30%✓(30.8%临界通过, 昨农业9只中4只再涨停44.4%) → 未触发(价格硬条件未满足); ETF-板块背离显著(成分/流动性差异), 六部门粮食政策催化; 若午后ETF站+1.5%(≥0.786)触发, 持续<+0.5%+涨停潮<5只则证伪取消
      SIG-05(P1电网正T,窗口内未触发): 10:30-11:30窗口已开三条件: 站上1.70✗(1.652距-2.8%, 硬门槛连续第14日+未站) + 量比>0.8✓(1.26) + 企稳✓(低1.637未破1.62) → 未触发; 今日无电网政策新催化且电力链走弱(159611 -0.77%), 正T基础一般; 11:30未站转13:30后窗口
    75%窗口过期检查: SIG-01/02窗口(09:30-14:45)进度约19%<75%; SIG-04(10:30后)0%; SIG-05(10:30-11:30)约2%<75%; SIG-03 P0全天豁免 → 无新过期
    触发/过期/取消/升级: 0 / 0 / 0 / 0(早盘信号); 盘中追加 2 (SIG-06/07-盘中, 待执行)

  新信号扫描: Tier 1: 汽车零部涨停潮7只>5命中(REQ-003联防通过: 主线516110 +0.27%未回落>1%) → 追加SIG-06-盘中(回踩确认模式, 因质量差: 7只中6只首板+昨2只0晋级, 不追板); 北向不可用无法验证逆转; 持仓无止损触发(工行8.02差0.12%最接近已标注SIG-02; 黄金9.0未破); 无V型反转(无指数急跌3%+); 突发消息均为既有信号方向催化(粮食政策→SIG-04/银行增资→SIG-02风险/半导体散热→SIG-03)无新建仓信号 | Tier 2: 关注列表"通信/光通信"升级3条件全满足(行业+2.46%>+2%/量比3.33>1.5/外盘传导确认剑桥+17%) → 追加SIG-07-盘中(小额评估+人工确认, 因ETF背离+流动性弱); 持仓ETF量比无>3(最高宁波2.30个股/航空1.58); fflow部分断连无法验证3连流入(512480 +1.28亿为半导体链既有方向); 无全新题材标签(粮食/海峡两岸/数字货币/IP经济均旧题材); 电力-0.77%<+1%不升级 | → 追加2条P1盘中信号(见信号文件SIG-06/07-盘中)

  需用户关注:
    🚨 工行SIG-02濒临触发: 8.03距8.02防线+0.12%, 银行板块涨0跌41全线走弱+主力-1.36亿, 破8.02立即减1/3(500份)锁利(P0执行率100%)
    ⚠️ 黄金SIG-01: 9.0防线未破但主力-1.00亿+贵金属领跌, 午后放量破9.0需重新评估减仓(9/2教训)
    ⚠️ 宁波002142 33.87已跌破早盘策略线34.07(MA5): 早盘6.2"跌破34.07减1/2观察"纪律适用, 请人工决策(非信号表条目)
    🆕 SIG-06/07-盘中(汽车零部回踩确认/通信光通信小额评估): 均待执行, 是否启动建仓评估需人工确认

  无需执行操作: 无已触发信号(0条); SIG-04未触发(ETF价格条件); SIG-05未触发(1.70硬门槛); SIG-03纪律维持(未站稳1.0)

  ⚠️ 提示: ① 修复日确认——创业板+2.42%/深证+1.37%/科创50+1.60%(转正) 全线走强+广度涨5,779>跌3,685+量能放大, 9/4 高位出清后修复延续(基准情景兑现), 与9/3高开低走偏弱日不同; ② 风格强切换: 科技成长(元件+5.42%/半导体+2.01%/电子+2.37%)领涨 vs 防御红利(银行-1.31%/煤炭-2.34%/保险-1.82%)领跌——银行高位资金流向科技/农业低位, 工行/宁波持仓承压(银行板块涨0跌41), SIG-02为今日最需盯防P0; ③ 半导体512480 放量+2.05%+科创50转正+主力+1.28亿——SIG-03纪律解除仅差"站稳1.0"(高点1.00触及回落), 若11:00前放量站稳1.0→解除并激活建仓评估(关注列表升级), 12,100份级评估仓按SIG-03口径; ④ 农业链晋级率30.8%>30%确认主线但ETF严重滞后(+0.26% vs 行业+2.64%), 六部门粮食政策+厄尔尼诺为催化, SIG-04价格条件未达不追, 若午后ETF补涨站+1.5%再评估; ⑤ 宁波银行-1.83%破34.07策略线为早盘报告纪律(非信号条目), 建议人工按6.2减1/2观察决策; ⑥ 黄金9.0防线未破但弱势(主力-1.00亿), 竞价低开-1.56%后全天低位——非农强加息预期压制金价逻辑兑现中; ⑦ 北向不可用(hsgt陈旧); fflow 002142/159825/159611断连(间歇风控); clist首次RemoteDisconnected重试成功; ⑧ 今日09:40/10:00检查点未执行(自动化空档延续BUG-019模式, task_state中该两槽位not_yet, 已在验证记录中按10:30首次盘中检查处理)
