[2026-09-07 14:05] 盘中检查 14:00 检查点执行完成
  状态: completed | 检查点: 14:00 (13:55-14:10 窗口, 尾盘前验证) | 交易日: 2026-09-07 周一
  数据时点: 2026-09-07 14:03-14:05 CST (腾讯财经/东财push2ex打板四池[涨停93/炸板17/跌停3/昨涨停39]/同花顺热榜/hsgtApi陈旧09:44/东财全球资讯; push2 clist行业板块排名连续4次RemoteDisconnected(间歇风控, 以涨停行业分布+资讯替代); push2 fflow全断连[518880/601398/002142/159227/159326/512480/159825/516110/515880])
  持仓同步: PULLED (云端持仓/调仓已同步至本地: 宁波400/航空1400/电网7900/黄金2600/工行1500; 可用 37629元)

  市场快照:
    上证 3931.13 (+0.03%) | 深证 13758.34 (+1.79%) | 创业板 3392.41 (+3.22%) | 科创50 1612.00 (+2.20%)
    形态: 尾盘前科技行情延续但小幅回落——创业板+3.22% 领涨(高3409.36回落至3392.41)/科创50+2.20%(高1626.76回落至1612.00)/深证+1.79%全线强; 上证+0.03%平盘权重拖累(高3948.42低3916.49, 煤炭-1.58%防御红利领跌); 两市成交额13:42突破1.5万亿(较上一交易日放量超160亿)
    广度: 行业汇总未获取(push2 clist持续间歇风控, 以涨停情绪+资讯替代: 创业板涨3% 13:19资讯三市上涨近3000只)
    北向: 不可用(hsgt陈旧09:44快照 hgt-9.28/sgt空, 非当日实时), 降级盘面监控
    领涨行业(涨停分布替代, 行业clist断连): 元件12涨停(算力硬件/PCB/电子延伸) 通信设备8涨停(CPO/光通信) 汽车零部8涨停 一般零售6涨停(IP经济/百货) 种植业3 出版3 化学制品3 专用设备3 家电零部3
    领跌: 防御红利弱(煤炭-1.58% 13:30持续领跌/银行/航运港口), 电力159611 -0.77% 仍走弱
    打板: 涨停93(13:30 86 继续增加) 炸板17(炸板率15.5%, 13:30 16.5% 微回落) 跌停3 | 晋级率35.9%(14/39, 33.3% 提升) | 连板梯队: 6板1(龙版传媒6天6板) 3板4 2板9 1板79
    涨停行业TOP: 元件12 通信设备8 汽车零部8 一般零售6 种植业3 出版3 化学制品3 专用设备3 家电零部3
    题材热度(同花顺TOP): 金健米业#1(玉米/粮食) 平潭发展(海峡两岸) 国芳集团7天6板(IP经济) 楚天龙12天7板(数字货币) 龙版传媒6天6板(IP经济) 亚盛3天3板(玉米/粮食) 剑桥科技(CPO/F5G) 万向德农10天6板(转基因/玉米) 集泰股份6天5板 敦煌种业2天2板 — 无全新题材
    全球资讯: 无持仓直接重大负面——高盛给予中际旭创A股目标价潜在涨幅225%(13:49, SIG-08通信); 2026Q2全球半导体设备销售额同比+23%环比+11% 韬定律3.0带动先进制程晶圆需求(13:49, SIG-03); 厄尔尼诺+粮价+地缘+政策多因素共振粮食ETF涨超2%(13:47, SIG-04已过期); 液冷服务器/IDC电源走高中石科技/中远通20cm涨停(13:44); 两市破1.5万亿(13:42); 创业板指放量大涨算力硬件走强(13:39); 培育钻石异动恒盛能源3连板(13:32); 港股AI硬件剑桥+22%(13:27); 杂交水稻高产制种亩产创新高530.4公斤(13:27, SIG-04催化); CPO板块午后走高光迅触及涨停中际旭创涨近10%(13:22); 存储芯片聚辰+10%(13:22, SIG-03方向); 传媒板块拉升中国出版2连板(14:04)
    主力资金(fflow 14:03): 全部断连(518880/601398/002142/159227/159326/512480/159825/516110/515880 接口RemoteDisconnected, 间歇风控)

  持仓/信号标的 (14:03):
    黄金518880: 9.024(-1.53%) 量比0.77 高9.076 低9.018 — 9.0防线第4检查点未破但极度逼近(低9.018距9.0仅+0.2%, 13:30低9.021→14:03低9.018创新低); 量比0.77缩量无恐慌破位; P0豁免75%
    工行601398: 8.00(-1.60%) 量比1.12 高8.20 低7.95 — 🚨 SIG-02已触发未执行持续: 仍<8.02(MA5)下方-0.25%(13:30低7.95后微回至8.00未收复8.02); 14:45截止临近P0执行率100%必须响应
    宁波002142: 34.05(-1.30%) 量比1.34 高34.45 低33.72 — 早盘策略线34.07(MA5)下方微回, 按早盘6.2"跌破34.07减1/2观察"提示人工决策(非信号条目)
    航空159227: 1.025(-1.06%) 量比0.82 高1.04 低1.02 — 1.02前低第4次精确触及未破(全天低1.02), 国防军工走弱
    电网159326: 1.655(+0.73%) 量比0.80 高1.661 低1.637 — 1.70硬门槛未站(距-2.6%, 连续第15日), 1.62证伪线未破; 电力159611 -0.77% 仍走弱
    半导体512480: 1.001(+2.56%) 量比1.27 高1.009 低0.98 — 🚨 SIG-03已触发维持: 仍站稳1.0(13:34 1.006微回未破), 科创50+2.20%转正维持
    农业159825: 0.776(+0.26%) 量比1.00 高0.779 低0.771 — ⚠️ SIG-04已过期: 价格硬条件全天未满足(最高0.779+0.65%<+1.5%), 涨停12只+晋级率35.9%满足但ETF-板块背离全天持续(159825流动性弱)
  关注列表/盘中信号标的: 汽车零部516110 1.100(-0.45%) 量比0.79 高1.109 低1.100(⚠️SIG-06已过期: 涨停8只但7/8首板仅光洋4天3板高标+主线ETF转跌, 尾盘不追) | 通信515880 0.675(+5.63%) 量比1.57 成交29.4亿 高0.680 低0.651(未回踩0.655-0.665/高0.680触及未破0.68, SIG-08待执行窗口55%) / 515050 1.046(+5.98%) 量比2.01 | 电力159611 1.036(-0.77%) 不升级

  信号验证 (8条, 14:03-14:05):
    已触发 2 条维持(SIG-02 P0 + SIG-03 P0) | 已过期 3 条(SIG-04 新增 + SIG-06 新增 + SIG-07 既有) | 待执行 3 条(SIG-01/05/08) | 盘中新增 0 条
      SIG-01(P0黄金减仓评估,待执行): 9.024(-1.53%)量比0.77 低9.018 9.0防线第4检查点极度逼近(距+0.2%) → 未触发; 缩量无恐慌破位+金价回调逻辑兑现; P0豁免75%(窗口86.7%); 🚨尾盘放量破9.0→重新评估减仓, 14:30前复核
      SIG-02(P0工行减1/3): 🚨 已触发(未执行)持续 — 8.00(-1.60%)仍<8.02(MA5)下方-0.25%(13:30低7.95后微回未收复); P0执行率100%: 立即减1/3(500份)@~8.00锁利, 14:45截止临近(剩~40分钟)必须响应
      SIG-03(P0半导体纪律): 🚨 已触发维持 — 512480 1.001(+2.56%)仍站稳1.0(量比1.27)+科创50+2.20%转正维持 → 纪律解除建仓评估激活; 2026Q2全球半导体设备销售+23%/韬定律3.0/高盛唱多中际旭创共振; 评估仓≤可用×1/4(≈9,400元), 回踩0.99-1.0或站稳加评估, 破0.98放弃
      SIG-04(P1农业建仓): ⚠️ 已过期(75%窗口) — 10:30-15:00进度78.9%>75%; 三条件: ETF>+1.5%✗(0.776仅+0.26%全天最高0.779+0.65%从未达) + 涨停≥5✓(12只) + 晋级率>30%✓(35.9%) → 价格硬条件全天未满足, 75%窗口过期标记已过期; ETF-板块背离全天持续, 过期不回溯
      SIG-05(P1电网正T,待执行): 站上1.70✗(1.655距-2.6%硬门槛连续第15日未站) + 量比>0.8△(0.80边界) + 企稳✓(低1.637未破1.62) → 未触发; 13:30后窗口36.7%<75%未过期; 破1.62证伪
      SIG-06-盘中(P1汽车零部回踩确认): ⚠️ 已过期(75%窗口) — 10:30-15:00进度78.9%>75%; 两路径均未满足(低1.100未回踩1.08-1.09/高1.109未破1.15) → 75%窗口过期标记已过期; 涨停潮8只但7/8首板+主线ETF转跌-0.45%, 尾盘不追, 过期不回溯
      SIG-07-盘中(P1通信516880): 已过期维持(75%窗口+BUG-022标的不匹配作废), 不重复验证; 主题方向由SIG-08-盘中承接
      SIG-08-盘中(P1通信515880,待执行): 0.675(+5.63%)量比1.57 两路径均未满足(现价0.675未回踩0.655-0.665/高0.680触及未破0.68) → 未触发; 13:30-14:30窗口55%<75%未过期; 板块维持>+2%✓(通信设备8只涨停+高盛225%目标价+光博会9/9-11); 午后高位不追高, 窗口至14:30
    75%窗口过期检查: SIG-04(10:30-15:00)78.9%>75% **已过期**; SIG-05(13:30-15:00)36.7%; SIG-06(10:30-15:00)78.9%>75% **已过期**; SIG-08(13:30-14:30)55%; SIG-01(09:30-14:45)86.7% P0豁免; SIG-02/03 P0豁免 → 本检查点2条过期(SIG-04/06)
    触发/过期/取消/升级: 0新触发 / 2新增过期(SIG-04/06) / 0取消 / 0升级; 盘中新增 0

  新信号扫描: Tier 1: 北向不可用(hsgt陈旧09:44)无法验证逆转; 板块涨停潮: 元件12只(算力硬件/PCB/电子延伸与SIG-03半导体方向重叠不重复追加), 通信设备8只(SIG-08-盘中已覆盖), 汽车零部8只(SIG-06-盘中已覆盖且本检查点过期——质量差7/8首板+主线ETF转跌尾盘不追), 一般零售6只(IP经济/百货旧题材轮动[国芳7天6板/百大3板]无新题材标签); 持仓止损触发=SIG-02工行(既有信号触发非新信号); 突发消息均对既有方向(厄尔尼诺粮价→SIG-04已过期/存储算力→SIG-03/CPO光通信→SIG-08)无新建仓信号; V型反转三信号不齐(无指数急跌3%+) | Tier 2: 持仓量比无>3(最高宁波1.34); fflow全断连无法验证3连流入; 无全新题材标签(培育钻石[恒盛能源3板]/液冷服务器[中石科技20cm]/传媒[中国出版2板]均旧题材细分轮动); 关联品种(港股AI硬件剑桥+22%/KOSPI/台股+1.67%)已传导至A股半导体/通信 | 关注列表升级: 黄金链✗(金价未企稳黄金-1.53%)/电力159611✗(-0.77%不满足)均不升级 | → 当前无新增信号机会(Tier 3); 本检查点2条过期(SIG-04/SIG-06)

  需用户关注:
    🚨 工行SIG-02 P0已触发未执行: 8.00(-1.60%)仍<8.02(MA5)下方-0.25%, 14:45截止临近(剩~40分钟) → 立即减1/3(500份)@~8.00锁利(P0执行率100%纪律)
    🚨 半导体SIG-03 P0已触发维持: 512480 1.001(+2.56%)站稳1.0+科创50+2.20%转正 → 建仓评估激活, 评估仓≤可用×1/4(≈9,400元), 回踩0.99-1.0或站稳加评估, 破0.98放弃
    🚨 黄金SIG-01: 9.024(-1.53%)9.0防线极度逼近(低9.018距9.0仅+0.2%创新低) → 尾盘放量破9.0立即重新评估减仓, 14:30前复核
    ⚠️ SIG-04农业已过期(75%窗口): 价格硬条件ETF>+1.5%全天未满足, 过期不回溯
    ⚠️ SIG-06汽车零部已过期(75%窗口): 两路径均未满足+涨停潮质量差, 尾盘不追
    ⚠️ 宁波002142 34.05(-1.30%)早盘策略线34.07(MA5)下方: 早盘6.2"跌破34.07减1/2观察"纪律适用, 请人工决策(非信号表条目)
    ⚠️ SIG-08通信515880: 0.675(+5.63%)高位未触发(未回踩0.655-0.665/未破0.68), 尾盘不追高, 窗口至14:30

  无需执行操作: SIG-02已触发需执行(见上); SIG-03已触发需建仓评估(见上); SIG-01未触发但防线极度逼近需盯防; SIG-05未触发维持待执行; SIG-08未触发维持待执行; SIG-04/06已过期不回溯

  ⚠️ 提示: ① 尾盘前科技行情延续但微回落——创业板+3.22%(高3409.36回落)/科创50+2.20%(高1626.76回落)/深证+1.79%全线强, 上证+0.03%平盘权重拖累(煤炭-1.58%防御红利领跌); 涨停93继续增加/炸板率15.5%回落/晋级率35.9%提升/两市破1.5万亿 → 修复日午后转强尾盘延续, 情绪强势; ② 🚨 SIG-02工行P0已触发未执行进入最后窗口(8.00仍<8.02, 14:45截止剩~40分钟): P0执行率100%纪律要求立即响应减1/3(500份)锁利, 不可再拖延; ③ 🚨 SIG-01黄金9.0防线极度逼近(低9.018创新低距9.0仅+0.2%): 第4检查点未破但持续走弱(量比0.77缩量), 尾盘放量破9.0→立即重新评估减仓(9/2教训), 14:30前重点复核; ④ SIG-03半导体已触发维持(1.001站稳1.0+科创50+2.20%), 建仓评估激活但尾盘高位不追高, 评估仓纪律执行; ⑤ ⚠️ SIG-04/SIG-06本检查点75%窗口过期(78.9%>75%): 农业价格硬条件全天未满足(ETF-板块背离)+汽车零部涨停潮质量差(7/8首板)主线ETF转跌——均为"题材强但ETF未跟上"的典型, 过期不回溯, 复盘时可沉淀为"ETF-板块背离时正股涨停潮信号应降权"; ⑥ 北向不可用(hsgt陈旧09:44); push2 clist行业板块连续4次RemoteDisconnected(以涨停行业分布+资讯替代); fflow全断连(间歇风控); ⑦ 今日09:40/10:00检查点未执行(自动化空档), 本检查点为当日第4次盘中执行
