[2026-09-07 13:34] 盘中检查 13:30 检查点执行完成
  状态: completed | 检查点: 13:30 (13:25-13:40 窗口, 午盘走势验证) | 交易日: 2026-09-07 周一
  数据时点: 2026-09-07 13:34-13:39 CST (腾讯财经/东财push2 clist行业[重试获取]/东财push2ex打板四池/push2 fflow[159326/159227可用, 518880/601398/512480/159825断连]/同花顺热榜/hsgtApi陈旧09:44/东财全球资讯; push2 clist首轮RemoteDisconnected重试成功)
  持仓同步: PULLED (云端持仓/调仓已同步至本地: 宁波400/航空1400/电网7900/黄金2600/工行1500; 可用 37629元)

  市场快照:
    上证 3934.60 (+0.11%) | 深证 13791.47 (+2.03%) | 创业板 3402.02 (+3.51%) | 科创50 1622.56 (+2.87%)
    形态: 午后科技行情加速——创业板+3.51% 领涨(全天最强, 较11:00 +2.04% 走强)/科创50+2.87%(较11:00 +1.00% 显著加速)/深证+2.03%全线走强; 上证+0.11% 转正(11:00 -0.32% 翻红), 权重拖累有限(煤炭-1.58% 领跌防御红利); 量能: 上证量比1.02/深证1.05/创业板1.02/科创50 1.18
    广度: 行业汇总未获取(push2 clist间歇风控, 以涨停情绪+资讯替代: 创业板+3% 上涨个股近3000只 13:19资讯)
    北向: 不可用(hsgt 09:44陈旧快照 hgt+2.25/sgt+379.75非当日实时, sgt仅35点至09:44), 降级盘面监控
    领涨行业(13:39重试获取): 元件+6.85%(涨67跌0) 通信设备+3.87%(涨76跌14) 其他电子Ⅱ+3.18%(涨31跌1) 通信+2.97%(涨100跌28) 农林牧渔+2.66%(涨94跌17) 仪器仪表+2.51% 塑料+2.0% 商贸零售+1.63%
    领跌行业: 煤炭-1.58%(涨5跌29) 航运港口-0.72% 公用事业-0.28% 电力-0.22% 数字媒体-0.19% 电视广播Ⅱ-0.18%
    打板: 涨停86(较11:00 60 大增) 炸板17(炸板率16.5%, 较11:00 22.1% 回落) 跌停3 | 晋级率33.3%(13/39, >30% 题材延续) | 连板梯队: 6板1(龙版传媒6天6板) 3板4 2板8 1板73
    涨停行业TOP: 元件12(行业+6.85%涨67跌0, 全天最强) 通信设备8(行业+3.87%) 汽车零部7 一般零售5 化学制品3 家电零部3
    题材热度(同花顺TOP15): 金健米业#1(玉米/粮食) 平潭发展(海峡两岸) 国芳集团7天6板(IP经济) 龙版传媒6天6板(IP经济) 楚天龙12天7板(数字货币) 亚盛8天4板(玉米/粮食) 剑桥科技(CPO/F5G) — 无全新题材
    全球资讯: 无持仓直接重大负面——CPO板块午后走高光迅触及涨停/中际旭创+10%(13:22, 通信方向); 存储芯片震荡走强聚辰+10%(13:22, SIG-03方向); 创业板涨3%三市上涨近3000只(13:19); 高盛唱多中际旭创H股+光博会9/9-11开幕在即(12:41); 港股AI硬件剑桥+22%/中际旭创+15%(13:27); 韩国KOSPI+4% SK海力士+7%(12:29); 厄尔尼诺巴拿马运河运力收紧(12:55, SIG-04粮食逻辑); 杂交水稻高产制种亩产创新高(13:27, SIG-04催化); 财政部领衔注资8家中央金融企业3600亿(13:03, 银行已反应)
    主力资金(fflow 13:39, 部分断连): 159326 +2,394万(last, 累计口径异常偏高需谨慎) | 159227 -969万(last) | 518880/601398/512480/159825 接口断连(11:00曾: 601398 -1.98亿/518880/512480 断连)

  持仓/信号标的 (13:34):
    黄金518880: 9.048(-1.27%) 量比0.78 高9.076 低9.021 — 9.0防线第3检查点未破(低9.021与开盘一致未创新低, 距9.0 +0.53%); 量比0.78缩量+贵金属链弱势(煤炭-1.58%防御红利承压)
    工行601398: 7.95(-2.21%) 量比1.26 高8.20 低7.95 — 🚨 SIG-02已触发未执行恶化: 续创全天新低(11:05低7.98→13:34低7.95), MA5 8.02下方扩大至-0.9%; P0执行率100%要求立即减1/3(500份)@~7.95锁利, 14:45前必须响应
    宁波002142: 33.93(-1.65%) 量比1.46 高34.45 低33.72 — 早盘策略线34.07(MA5)下方弱势(11:00 33.78后回升至33.93), 按早盘6.2"跌破34.07减1/2观察"提示人工决策(非信号条目)
    航空159227: 1.029(-0.68%) 量比0.90 高1.04 低1.02 — 1.02前低第3次精确触及未破(较11:00 1.02微修复), 国防军工行业走弱
    电网159326: 1.659(+0.97%) 量比0.85 高1.66 低1.637 — 1.70硬门槛未站(距-2.4%, 连续第15日), 1.62证伪线未破; 午后走强高1.66距1.70收窄; fflow主力+2,394万(last)
    半导体512480: 1.006(+3.07%) 量比1.35 高1.007 低0.98 — 🚨 全天首次放量站稳1.0(10:34/11:05两次高点1.00触及回落均未站稳), 科创50+2.87%强转正 → SIG-03触发!
    农业159825: 0.776(+0.26%) 量比1.09 高0.779 低0.771 — ETF严重滞后板块(农林牧渔+2.66% vs ETF+0.26%), 成交0.87亿
  关注列表/盘中信号标的: 汽车零部516110 1.104(-0.09%) 量比0.92 高1.109 低1.10(涨停潮7只持平, 两触发路径均未满足) | 通信515880 0.678(+6.10%) 量比1.68 成交26.4亿 高0.679 低0.651(放量大涨, SIG-08修正标的) / 515050 1.048(+6.18%) 量比2.19 | 电力159611 1.036(-0.77%) 不升级

  信号验证 (8条, 13:34-13:39):
    已触发 2 条(SIG-02 P0早盘触发 + SIG-03 P0新触发) | 已过期 1 条(SIG-07) | 待执行维持 4 条(SIG-01/04/05/06) | 盘中新增 1 条(SIG-08)
      SIG-01(P0黄金减仓评估,待执行): 9.048(-1.27%)量比0.78 低9.021 9.0防线第3检查点未破(距+0.53%) → 未触发; 缩量+贵金属弱势, 金价回调逻辑兑现中; P0豁免75%; 尾盘放量破9.0→重新评估减仓, 14:30前复核
      SIG-02(P0工行减1/3): 🚨 已触发(未执行) — 7.95(-2.21%)续创全天新低(低7.95, 11:05低7.98→13:34低7.95), MA5 8.02下方扩大至-0.9%; 银行/防御红利持续走弱 → P0执行率100%: 立即减1/3(500份)@~7.95锁利, 14:45前必须响应
      SIG-03(P0半导体纪律): 🚨 新触发 — 512480 1.006(+3.07%)全天首次放量站稳1.0(量比1.35)+科创50+2.87%强转正双条件首次全满足 → 纪律解除建仓评估激活; SK海力士1c nm/KOSPI+4%/港股AI硬件(剑桥+22%)共振; 评估仓≤可用×1/4(≈9,400元), 回踩0.99-1.0或站稳加评估, 破0.98放弃
      SIG-04(P1农业建仓,窗口内未触发): 三条件: ETF>+1.5%✗(0.776仅+0.26%距门槛-1.24pp) + 涨停≥5✓(10只延续) + 晋级率>30%✓(33.3%) → 未触发(价格硬条件未满足); ETF-板块背离持续(+0.26% vs 农林牧渔+2.66%), 杂交水稻高产制种亩产新高+厄尔尼诺催化但ETF未跟涨; 窗口68%<75%未过期
      SIG-05(P1电网正T,13:30后窗口未触发): 站上1.70✗(1.659距-2.4%硬门槛连续第15日未站) + 量比>0.8✓(0.85) + 企稳✓(低1.637未破1.62) → 未触发; 午后走强(高1.66距1.70收窄)+主力流入, 但硬门槛纪律维持; 窗口4%<75%未过期; 破1.62证伪
      SIG-06-盘中(P1汽车零部回踩确认,待执行): 516110 1.104(-0.09%) 未回踩1.08-1.09(低1.10)也未破1.15(高1.109) → 未触发; 涨停潮7只持平未扩大+主线ETF平盘, 维持回踩确认纪律; 窗口68%<75%未过期
      SIG-07-盘中(P1通信光通信): 已过期 — 75%窗口过期(10:30-14:30进度76.7%>75%)+BUG-022标的不匹配(516880=光伏ETF银华)无法触发 → 标记已过期作废; 主题方向(光通信/CPO)未证伪反走强(通信设备+3.87%+515880/515050双双放量大涨), 已追加修正信号SIG-08
      SIG-08-盘中(P1通信515880,新追加): 关注列表升级3条件全满足(通信设备+3.87%>+2% + 515880量比1.68>1.5 + 外盘传导确认[闪迪+11%/港股剑桥+22%/高盛唱多/光博会9-11]) → 追加P1操作信号(修正SIG-07标的不匹配); 触发: 回踩0.655-0.665企稳放量 或 放量破今日高0.68且板块维持>+2%; 午后高位(+6.1%)不追高
    75%窗口过期检查: SIG-04(10:30-15:00)68%<75%; SIG-05(13:30后)4%; SIG-06(10:30-15:00)68%; SIG-07(10:30-14:30)76.7%>75% 已过期; SIG-01/02/03 P0豁免 → 1条过期(SIG-07)
    触发/过期/取消/升级: 1新触发(SIG-03) / 1过期(SIG-07) / 0取消 / 0升级; 盘中新增 1(SIG-08)

  新信号扫描: Tier 1: 北向不可用(hsgt陈旧09:44)无法验证逆转; 板块涨停潮: 元件12只(行业+6.85%涨67跌0全天最强)=算力硬件/PCB/电子反弹延伸与SIG-03半导体方向高度重叠→合并至SIG-03建仓评估考量不单独追加(避免同方向重复信号), 通信设备8只(+3.87%)=SIG-08-盘中已追加, 汽车零部7只已有SIG-06-盘中覆盖; 持仓止损触发=SIG-02工行(既有信号触发非新信号); 突发消息均对既有方向(厄尔尼诺粮价→SIG-04/存储芯片→SIG-03/CPO光通信→SIG-08)无新建仓信号; V型反转三信号不齐(无指数急跌3%+) | Tier 2: 持仓量比无>3(最高宁波1.46); fflow大面积断连无法验证3连流入; 无全新题材标签(培育钻石[恒盛能源3板]/CPU概念[综艺股份]/存储芯片[聚辰+10%]均旧题材细分轮动); 关联品种(港股AI硬件剑桥+22%/KOSPI+4%/SK海力士+7%)已传导至A股半导体/通信 | → 新增1条(SIG-08通信修正); 🚨 SIG-03触发+SIG-07过期

  需用户关注:
    🚨 工行SIG-02 P0已触发未执行: 7.95续创全天新低(-2.21%, 低7.95), MA5 8.02下方扩大 → 立即减1/3(500份)@~7.95锁利(P0执行率100%, 14:45前必须响应)
    🚨 半导体SIG-03 P0新触发: 512480 1.006(+3.07%)全天首次放量站稳1.0+科创50+2.87%强转正 → 纪律解除建仓评估激活, 评估仓≤可用×1/4(≈9,400元), 破0.98放弃
    🆕 SIG-08-盘中追加: 通信/光通信515880(修正SIG-07标的不匹配BUG-022), 通信设备+3.87%+量比1.68+外盘确认, 回踩0.655-0.665或放量破0.68触发, 午后高位不追高
    ⚠️ SIG-07-盘中已过期(75%窗口+BUG-022), 原标的口径作废
    ⚠️ 宁波002142 33.93(-1.65%)早盘策略线34.07(MA5)下方: 早盘6.2"跌破34.07减1/2观察"纪律适用, 请人工决策(非信号表条目)
    ⚠️ 黄金SIG-01: 9.0防线第3检查点未破(9.048)但弱势缩量(量比0.78), 尾盘放量破9.0需重新评估减仓

  无需执行操作: SIG-02已触发需执行(见上); SIG-03已触发需建仓评估(见上); SIG-01/04/05/06未触发维持待执行; SIG-08新追加待执行(回踩/突破触发)

  ⚠️ 提示: ① 午后科技行情加速确认——创业板+3.51%(全天最强)/科创50+2.87%(较11:00 +1.00%显著加速)/深证+2.03%全线走强, 上证+0.11%转正(煤炭-1.58%防御红利领跌), 涨停86大增/炸板率16.5%回落/晋级率33.3% → 修复第1日午后转强, 风格极致: 科技成长(元件+6.85%涨67跌0/通信设备+3.87%/半导体)vs防御红利(煤炭-1.58%/银行/航运); ② 🚨 SIG-03触发为全天关键转折: 512480全天首次放量站稳1.0(10:34/11:05两次1.00触及回落→13:34站上1.006)+科创50 +2.87%强转正, "放量站稳1.0+科创50转正"双条件首次全满足——纪律解除, 建仓评估激活(9/4破位后外盘存储强+午后加速兑现, 与早盘基准情景"512480站稳1.0"一致); ③ 🚨 SIG-02工行P0已触发未执行持续恶化(7.95续创新低): 银行防御红利持续走弱, P0执行率100%纪律, 14:45前必须响应减1/3锁利; ④ SIG-08-盘中追加(通信515880): SIG-07因标的不匹配(BUG-022)过期后, 关注列表通信/光通信升级3条件全满足(通信设备+3.87%/量比1.68/外盘确认[高盛唱多中际旭创+光博会9-11]) → 修正标的追加, 但午后+6.1%高位, 触发设计为回踩确认不追高; ⑤ 元件12涨停(+6.85%涨67跌0)为全天最强板块但属算力硬件延伸, 与SIG-03半导体方向重叠合并考量不重复追加; ⑥ 北向不可用(hsgt陈旧09:44); fflow 518880/601398/512480/159825断连(间歇风控); push2 clist首轮RemoteDisconnected重试成功; ⑦ 今日09:40/10:00检查点未执行(自动化空档), 本检查点为当日第3次盘中执行
