========================================
早盘分析自动执行日志
========================================
日期: 2026-09-07
执行开始: 09:21:30 CST
执行结束: 09:34:54 CST
状态: 成功（staging 过期重建 + 补执行）
Staging文件: 存在（原执行日 2026-09-04 过期 → 1.3d 轻量重建为 2026-09-07）
数据获取:
  - 海外市场: 成功（腾讯海外指数 + WebSearch：9/4 美股道指 -0.51%/纳指 -0.29%/标普 -0.38%，存储强美光+6%/闪迪+11%，日韩 9/7 高开，纽约金 4448 -0.64%）
  - A股催化剂: 成功（9/4 收盘实测：涨停39/炸板48/跌停9/晋级率34.1%[15/44上涨]，农林牧渔+1.18%领涨，行业 clist 重试成功）
  - 资金面与情绪: 成功（push2his 主力资金 5 持仓 + datacenter 两融 9/4；北向断供用替代）
  - 事件日历: 成功（WebSearch：8月CPI/PPI 周内、9/8 苹果发布会、今日解禁 277.85亿、港股通标的调整生效）
信号生成: 5 条 (P0: 3 P1: 2)
报告产出: 早盘报告.md, 每日信号.md
错误: 无
警告:
  - staging 过期重建（1.3d，原执行日 9/4，基于 20260903 复盘 + 9/4 实测）
  - 9/4 自动化空档（BUG-019 复现，追加处理记录）
  - 1.3c staging 持仓校验 FAIL（BUG-020 已知误报，持仓按 config 覆写）
  - push2 clist 首次断连重试成功（单日瞬时，不建单）
  - 北向资金断供（以两融/涨停/主力资金替代）
========================================
