========================================
收盘复盘自动执行日志
========================================
日期: 2026-08-18
执行开始: 15:08 CST
执行结束: 15:25 CST
状态: 成功
前置检查: 早盘已执行(早盘报告/每日信号EXISTS) | 数据源 all_ok(6/6) | 复盘报告需生成
盘面回顾:
  - 低开高走V反: 上证+0.19%(低-0.68%) 科创50+0.11%(从-1.66%V反) 创业板-0.93%
  - 涨停79/跌停4 | 两市约2.4万亿(放量12%)
  - 主线: 粮食/种业/转基因(题材13+6+5), 农业ETF+3.05%收最高, 涨停全1板
  - 防御: 银行+0.75%收最高(换手10.49%) 黄金+0.11%
异动扫描: clist风控降级为涨停池+同花顺归因 | 粮食政策题材为绝对主线
逐仓复盘: 电网正T触发有效(+0.7%) | 银行锁利关注(换手异常) | 航空反T纪律正确 | 纳指恢复交易-1.54% | 黄金冲高回落
预测回顾: 方向准确率4/7(科技回落✅防御✅电网正T✅ | 科技高开❌农业回避❌)
  错误归因: 科技高开=框架盲点(A50权重>KOSPI) | 农业回避=认知偏差(背离经验误用)
信号复盘: 8条信号(触发1/过期3/升级1/待执行3) | 信号评价+统计已写入每日信号.md | 五问必答完成
信号追踪: SIG-01已录入signal_tracking(+1条)
经验沉淀: 投资经验+2条(政策题材爆发/V反形态) | 短线经验+3条(背离双面性/升级立即执行/数据断供降级)
持仓同步: 8/18无调仓, config不变 | ⚠️每日调仓.md持仓表冲突→跳过重建, 创建BUG-001
Staging: 已生成8/19早盘+复盘 | 代码名称校验PASS | 生成验证PASS | 归档20260818(2文件)
BUG: BUG-001(每日调仓.md持仓表冲突, OPEN, MANUAL_REVIEW)
最终验证: PASS(复盘报告/staging×2/归档/信号评价)
错误: 无
警告:
  - 每日调仓.md当前持仓表与config冲突(缺纳指/电网数量减半/成本口径不同), 需人工核对
  - 东财push2/push2his风控, 异动扫描降级
  - 北向数据断供
========================================

========================================
持仓口径修正记录（15:30 CST）
========================================
用户确认: 纳指ETF已清仓，config/持仓.md 4标的版本为权威
修正内容:
  - 复盘报告: 持仓表→4标的(航空1400@2.731/电网7900@1.975/银行3300@0.599/黄金3900@9.056)，
    删除4.4纳指逐仓、修正浮盈(电网-11.4%/银行+33.9%/航空-62.1%)、明日变量去纳指
  - 次日staging(早盘+复盘): 持仓基线→4标的，电网正T仓位1/4=1,975份(原3,950份)
  - 早盘报告/每日信号: 头部加持仓口径修正注释
  - BUG-001: 关闭为WONT_FIX(误报，两文件一致，config 8/18 15:23已更新)
根因: 早盘/盘中基于过期config(5标的含纳指)生成；config在8/18被更新为4标的
教训: config新鲜度需强校验(与每日调仓.md调仓记录交叉验证标的完整性)
========================================
