========================================
盘中检查日志 - 14:00 检查点
========================================
日期: 2026-08-18
执行时间: 14:07-14:10 CST
状态: 成功
市场快照:
  上证: 3973.95 (-0.22%) 午后跌幅收窄(低3956)
  深成: 14539.31 (-1.12%)
  创业板: 3686.65 (-1.43%)
  科创50: 1777.97 (-0.61%, 较11:11的-1.66%大幅收窄)
  涨停: 64家(14:05, 11:10的51回升)
北向: 数据持续断供
信号验证:
  - SIG-01 电网正T: 已触发有效(低1.733未破1.73)，现1.744反弹；已执行则尾盘可T出，未执行则窗口已过不追
  - SIG-04 半导体: 午后反弹未触达5日线1.087，未触发低吸
  - SIG-05 医药: 窗口(10:00-13:00)已过+持续弱势 → 已过期
  - SIG-06 黄金: 冲高回落转跌(-0.09%)，升级条件不满足
  - SIG-07-UP 农业: 全天强势未回踩介入点，防追高，尾盘前不回踩则今日不执行
过期: SIG-20260818-05 (医药观察, 窗口结束)
尾盘/隔夜风险评估:
  - 科技普跌但午后收窄(科创50 -0.61%)，半导体未破5日线企稳反弹，非系统性崩盘
  - 电网回踩企稳(未破1.73)形态健康；银行+0.50%防御、农业+2.36%独立主线
  - 隔夜风险: 美股方向未知/纳指-1.67%跟随走弱，科技仓位注意隔夜波动
错误: 无
警告: SIG-01执行情况待用户确认；黄金冲高回落警惕
========================================
