========================================
盘中检查日志 - 11:00 检查点
========================================
日期: 2026-08-18
执行时间: 11:11-11:15 CST
状态: 成功
市场快照:
  上证: 3960.23 (-0.56%) 高3992 低3956
  深成: 14485.53 (-1.49%)
  创业板: 3671.26 (-1.84%)
  科创50: 1759.16 (-1.66%)
  涨停: 51家(11:10, 较10:20的61回落)
北向: 数据持续断供
信号验证:
  - SIG-01 电网正T: ★已触发(主路径)——回踩1.737(低1.733)进入1.73-1.74区间+量比1.75>0.8
  - SIG-02 航空反T: 窗口结束未触发(量比1.26>1.0/无冲高)→已过期
  - SIG-04 半导体: 回落接近5日线1.087未触达，继续观察
  - SIG-05/06: 未触发
  - SIG-07-UP 农业加仓: 待执行，防追高等待回踩
触发: SIG-20260818-01 (电网正T，主路径)
过期: SIG-20260818-02 (航空反T，窗口结束)
纳指ETF: 恢复交易(开2.243 -1.36%，现2.238 -1.58%)
上午总结: 科技回落分支兑现(创业板-1.84%)，防御/农业走强(银行+0.50%/农业+2.22%)，涨停冲高回落
午后预判: 关注半导体是否回踩5日线；电网正T需确认1.73企稳；农业独立行情持续性存疑
错误: 无
警告: 电网正T触发时大盘下跌中，执行前需确认企稳
========================================
