========================================
盘中检查日志 - 10:00 检查点
========================================
日期: 2026-08-18
执行时间: 10:21-10:25 CST
状态: 成功
市场快照:
  上证: 3977.99 (-0.12%) 高3992 低3976
  深成: 14595.01 (-0.74%)
  创业板: 3701.95 (-1.02%)
  科创50: 1769.04 (-1.11%)
  涨停: 61家(10:20)
北向: 数据持续断供(东财s2n空/同花顺昨收缓存)
信号验证:
  - SIG-01 电网正T: 窗口内(10:00-11:00)，回踩至1.750(主1.73-1.74/备1.745未触达)，量比2.27✓，继续观察
  - SIG-02 航空反T: 军工-0.94%✓ 量比1.77>1.0✗ 无冲高✗，未触发
  - SIG-03 北向一票否决: 窗口已过，数据断供未验证，按75%规则→已过期
  - SIG-07 农业观察: 升级条件满足→升级为SIG-07-UP(P2加仓)
  - SIG-04/05/06: 观察未触发
升级: SIG-20260818-07 → SIG-20260818-07-UP (农业ETF P2加仓，半仓试探)
过期: SIG-20260818-03 (北向一票否决，数据断供+窗口结束)
错误: 无
警告: 北向实时数据断供持续；农业升级需防追高(现价+2.5%)
========================================
