========================================
盘中检查日志 - 09:40 检查点
========================================
日期: 2026-08-18
执行时间: 09:44-09:50 CST
状态: 成功
市场快照:
  上证: 3986.18 (+0.09%) 低开回升转正
  深成: 14662.29 (-0.29%)
  创业板: 3723.43 (-0.45%)
  科创50: 1787.14 (-0.10%)
北向: 实时数据断供(东财2024-08后断供/同花顺昨收缓存-9.28)
信号验证: 6条早盘信号均待执行(无触发)
  - SIG-01 电网正T: 窗口未到(10:00)，电网放量突破1.764创新高(高1.781)
  - SIG-02 航空反T: 三条件不全(量比2.06>1.0，无冲高)
  - SIG-03 北向一票否决: 数据断供无法验证，降级盘面监控
  - SIG-04/05/06: 观察未触发
新信号: SIG-20260818-07 (P2 农业ETF 放量异动观察, 量比7.60+粮食概念)
其他: 纳指ETF 513100 今日停牌无成交(现价=昨收2.274)；玻璃基板新题材备注
错误: 无
警告:
  - 北向实时数据断供，一票否决信号盘中无法按原条件验证
  - 纳指ETF停牌状态与早盘"额度已恢复"标注不符，需持续关注
========================================
