========================================
早盘分析自动执行日志
========================================
日期: 2026-08-18
执行开始: 08:56:00 CST
执行结束: 09:15:00 CST
状态: 成功
Staging文件: 存在（2026-08-17 复盘生成，exec_date=2026-08-18 新鲜）
数据获取:
  - 海外市场: 成功（腾讯财经美股/东财push2ex日韩/新浪A50·金·油·CNH/WebSearch确认A50夜盘-0.24%）
  - A股催化剂: 成功（同花顺热点题材 + 腾讯行业排名fallback + 北向沪-9.28亿）
  - 资金面与情绪: 部分（涨停106家/东财datacenter解禁成功；东财push2his主力资金流风控缺失）
  - 事件日历: 部分（7月数据8/17已落地；解禁名单获取，市值字段缺失）
信号生成: 6 条 (P0: 0 P1: 3 P2: 3)
报告产出: 早盘报告.md, 每日信号.md
错误: 无
警告: 
  - 东财push2/push2his对本IP间歇风控(RemoteDisconnected)，行业排名走腾讯proxy fallback(8/17口径)，主力资金流缺失，量比推断替代
  - 北向深股通数据缺失(同花顺sgt空)，仅沪股通-9.28亿可用
  - 解禁市值字段缺失，仅列名单
========================================
