========================================
周度组合回顾自动执行日志
========================================
日期: 2026-08-27
执行开始: 13:18 CST
执行结束: 13:30 CST
状态: 成功
前置检查: 过去5个交易日 3/5 天有复盘报告(8/24/8/25/8/26)，数据充足
周度数据:
  - 读取复盘报告×3(8/24-8/26) + 早盘报告×4(8/24-8/27) + 每日信号×4
  - 行情: 腾讯财经 fqkline(8/24开盘~8/27盘中) 持仓6标的+指数5+量化池12
  - 北向: 全周断供(行业性问题自8/21)，降级盘面监控
  - 量化信号: daily_signal.py --all 成功(19策略, 数据窗口336交易日)
组合绩效: 周P&L约+294元(工行+105/宁波+111/半导体+37/航空+25/电网+8/黄金+8)
操作回顾: 2笔买入(8/25宁波打新底仓 / 8/27半导体SIG-05建仓) 0笔卖出
预测质量: 日方向级 3/4 (75%)；条数级约17/21 (81%)
量化对齐: S4主策略持有黄金与组合一致；S3与半导体建仓方向相反(标记审查)；S9证券未捕获
经验审视: 本周经验已由每日复盘沉淀(有色均值回归/防御线窗口/黄金缩量回落等)，无新增冲突
产出: reports/weekly/2026-08-27_周报.md
警告:
  - 航空航天159227成本2.731疑似未除权(现价0.993)，浮亏口径待人工核对
  - 东财push2行业排名接口不可达(连接被拒)，行业周排名改用每日复盘板块数据
  - 腾讯实时行情qt.gtimg.cn批量接口不可达，以fqkline盘中价替代
错误: 无
========================================
