========================================
盘中检查(14:30)自动执行日志
========================================
日期: 2026-08-28
执行开始: 14:30:18 CST
执行结束: 14:33:20 CST
状态: 成功
检查点: 14:30 收盘前检查点（尾盘操作+隔夜风险评估）
早盘信号文件: 存在（每日信号.md，7条含盘中追加）
数据获取:
  - 市场快照: 成功（腾讯财经：三大指数+科创50+6持仓+软件/计算机/有色/通信/农业/煤炭/电力ETF）
  - 北向资金: 不可用（hsgtApi 仅 8/27 15:00 陈旧快照 hgt-9.28/sgt null，降级盘面监控）
  - 板块扫描: 成功（东财 clist 行业排名100个重试成功 + push2ex 涨停池80/炸板16/跌停1 + 同花顺热点81条）
  - 资金面: 不可用（push2 fflow 主力资金流全标的断连 RemoteDisconnected，降级用量价/涨停替代）
信号验证: 4条监控中（SIG-01/SIG-04/SIG-05/SIG-07，已过期3条不重复验证）
  - SIG-01 黄金(P0): 未触发（9.422(-0.25%)量比0.56缩量未破9.20，P0全天窗口09:30-14:50进度~94%豁免，尾盘破9.20概率低，14:50未破则自然过期）
  - SIG-04 半导体冲高止盈(P1): 已触发（窗口到期）——现价1.045(-1.69%)触发点1.072回落，浮盈全部回吐仅+0.10%（成本1.044），止损1.02未破(低1.042)，窗口10:00-14:30到期 → 尾盘必须定案：保本/止盈离场（沃什讲话隔夜风险+科技退潮），不建议隔夜
  - SIG-05 电网正T(P1): 已过期（窗口到期未触发）——1.683(-0.65%)午后路径缺"站稳均价1.686"（现价1.683），量比1.07>0.8✓+未破1.675✓（低点恰好触及支撑），窗口13:30-14:30到期 → 正T放弃，底仓持有
  - SIG-07-盘中 软件建仓(P1): 已取消保持（0.721(+1.55%)量比1.66仍低于日内均价~0.726证伪状态不复活；软件开发涨停6家持续但科技退潮联防）
盘中新信号: 无（Tier1 无触发：软件开发6家已被SIG-07覆盖且已取消/农化制品5家未超5阈值/半导体止损1.02未破/无重大突发；Tier2 无新增：化工农业接力属观察类+14:30后不新开T纪律，量比无>3或<0.3异常；Tier3 输出"当前无新增信号机会"）
信号状态汇总: 待执行1（SIG-01）/ 已触发1（SIG-04 窗口到期）/ 已过期4（SIG-02/03/06/05）/ 已取消1（SIG-07-盘中）
隔夜风险评估:
  - P0止损检查: 无触发（黄金止损9.0/减仓9.20未触及9.422；半导体止损1.02未破低1.042）→ 无P0止损需强制执行
  - 半导体1.045浮盈+0.10%: 尾盘建议保本/止盈离场（SIG-04触发后全部回吐，沃什杰克逊霍尔讲话今晚22:00鹰派风险+科技退潮）
  - 黄金9.422浮盈+4.04%: 缩量守9.20持有过夜，沃什鹰派若落地明日黄金补跌风险提示
  - 电网1.683浮亏-14.7%: 底仓持有（正T放弃，1.675支撑触及未破）
  - 航空航天1.008浮亏-63.1%: 持有观察（量比0.96无启动）
  - 工行7.87(+0.64%)/宁波33.88(+0.39%): 五大行中报披露后翻红，打新底仓持有
  - 尾盘新开T: 14:30后不新开T纪律生效
  - 市场情绪: 涨停80/炸板16(16.7%)/跌停1(豪尔赛)最高7连板，情绪健康偏暖；风格切换科技退潮→化工/农业/地产链/零售防御周期接力
错误: 无
警告:
  - push2 fflow 主力资金流东财断连（RemoteDisconnected，全标的不返回），降级验证
  - 北向资金仅 8/27 15:00 陈旧快照（hgt-9.28/sgt null），今日全天不可用，降级盘面监控
下轮: evening_review ~15:52
========================================
