========================================
盘中检查(11:00)自动执行日志
========================================
日期: 2026-08-28
执行开始: 11:01:00 CST
执行结束: 11:03:30 CST
状态: 成功
检查点: 11:00（10:55-11:10 窗口，午前最后一次）
早盘信号文件: 存在（每日信号.md，7条含盘中追加）
数据获取:
  - 市场快照: 成功（腾讯财经：三大指数+6持仓+软件/计算机ETF）
  - 北向资金: 不可用（hsgtApi 仅 09:44 陈旧快照 hgt+2.25/sgt379.75，降级盘面监控）
  - 板块扫描: 成功（东财 clist 行业排名100个 + push2ex 涨停池59/炸板13/跌停0 + 同花顺热点100条）
  - 资金面: 部分成功（push2 fflow 东财风控不可用，仅电网设备ETF成功：主力净流入+26.85亿；半导体/软件/黄金/工行/宁波银行/航空失败）
信号验证: 4条监控中（SIG-01/SIG-04/SIG-05/SIG-07，已过期3条不重复验证）
  - SIG-01 黄金: 未触发（9.424(-0.23%)量比0.64缩量未破9.20，P0全天窗口进度~28%保持待执行）
  - SIG-04 半导体冲高止盈: 已触发保持（现价1.052(-1.03%)自触发点1.072回落至成本附近，浮盈从+2.3%收窄至+0.77%，若未执行强烈建议尽快止盈）
  - SIG-05 电网正T: 未触发（1.682(-0.71%)量比1.60高1.699距1.70差0.001未站上；主力净流入+26.85亿支撑，13:30午后路径仍有效，1.63支撑未破）
  - SIG-07-盘中 软件建仓: 已触发保持（软件开发涨停6家持续：中安科2板/鼎捷数智/久其/天融信/麒麟信安/三六零 + 软件ETF量比3.10>1.5 + 方向确认>30min，未跌破日内均价）
盘中新信号: 无（Tier1 软件开发涨停潮已由 SIG-07-盘中 覆盖，不重复追加；Tier2 电网量比1.60未超3不追加/软件量比异常属 SIG-07 通道；无新触发）
信号状态汇总: 待执行2（SIG-01/SIG-05）/ 已触发2（SIG-04/SIG-07-盘中）/ 已过期3（SIG-02/03/06）/ 追加1
错误: 无
警告:
  - push2 fflow 主力资金流东财风控不可用（仅电网设备ETF成功+26.85亿）
  - 北向资金仅 09:44 陈旧快照，降级盘面监控
========================================
