========================================
盘中检查(10:30)自动执行日志
========================================
日期: 2026-08-28
执行开始: 10:31:00 CST
执行结束: 10:34:00 CST
状态: 成功
检查点: 10:30（10:25-10:40 窗口）
早盘信号文件: 存在（每日信号.md，7条含盘中追加）
数据获取:
  - 市场快照: 成功（腾讯财经：三大指数+6持仓+软件/计算机ETF）
  - 北向资金: 不可用（hsgtApi 仅 09:44 陈旧快照 hgt+2.25/sgt379.75，降级盘面监控）
  - 板块扫描: 部分成功（push2ex 涨停池55/炸板10/跌停0 + 同花顺热点54条；东财行业排名 push2 clist 不可达 → 用涨停池行业统计+热点替代）
  - 资金面: 部分成功（push2 fflow 东财风控不可用，6标的仅宁波银行成功：主力净流出-13.31亿；电网/半导体/黄金/软件/工行失败）
信号验证: 7条（监控中5条 + 已过期2条不重复验证）
  - SIG-01 黄金: 未触发（9.424(-0.23%)量比0.71缩量未破9.20，P0全天窗口进度~21%保持待执行）
  - SIG-04 半导体冲高止盈: 已触发保持（现价1.056(-0.66%)自触发点1.072回落，浮盈从+2.3%收窄至+1.15%，若未执行建议尽快止盈）
  - SIG-05 电网正T: 未触发（1.690(-0.24%)高1.699距1.70差0.001未站上，量比1.92>0.8✓+电网设备涨停3家回暖，10:30窗口刚开，13:30午后路径仍有效）
  - SIG-07-盘中 软件建仓: 已触发（软件开发涨停6家≥5✓ + 软件ETF量比3.82>1.5✓ + 方向确认>30min✓，10:20窗口开启，未跌破日内均价）
盘中新信号: 无（Tier1 软件开发涨停潮已由 SIG-07-盘中 覆盖，不重复追加；Tier2 软件量比3.82异常属 SIG-07 通道，其余无新触发）
信号状态汇总: 待执行2（SIG-01/SIG-05）/ 已触发2（SIG-04/SIG-07-盘中）/ 已过期3（SIG-02/03/06）/ 追加1
错误: 无
警告:
  - push2 clist 行业排名不可达，板块排名降级为涨停池行业统计+同花顺热点
  - push2 fflow 主力资金流东财风控不可用（仅宁波银行成功-13.31亿）
  - 北向资金仅 09:44 陈旧快照，降级盘面监控
========================================
