========================================
盘中检查(09:40)自动执行日志
========================================
日期: 2026-08-28
执行开始: 09:46:30 CST
执行结束: 09:51:00 CST
状态: 成功
检查点: 09:40（09:35-09:50 窗口）
早盘信号文件: 存在（每日信号.md，6条）
数据获取:
  - 市场快照: 成功（腾讯财经：三大指数+6持仓+软件/计算机ETF）
  - 北向资金: 部分成功（hgt实时+2.25亿 / sgt陈旧379.75，降级盘面监控）
  - 板块扫描: 成功（东财行业排名重试恢复 + 涨停池32/炸板7/跌停0 + 同花顺热点33条）
  - 资金面: 部分成功（push2 fflow 间歇断连，7标的成功4个：半导体-1.07亿/电网+2.71亿/有色+0.21亿/煤炭-1.15亿）
信号验证: 6条
  - SIG-01 黄金: 未触发（9.41缩量未破9.20）
  - SIG-02 普跌否决: 不成立（跌停0+指数全红）
  - SIG-03 半导体高开止盈: 已过期（低开-0.75%前提否决+放量续涨转SIG-04）
  - SIG-04 半导体冲高止盈: 条件已满足待10:00窗口（冲高1.068+量比2.62）
  - SIG-05 电网正T: 未触发（1.696未站1.70，量比3.65主力+2.71亿）
  - SIG-06 有色建仓: 已过期（跌破1.95证伪）
盘中新信号: Tier1板块涨停潮触发 → 追加 SIG-20260828-07-盘中 (P1 软件ETF建仓评估)
信号状态汇总: 待执行4 / 已过期2 / 已触发0 / 追加1
错误: 无
警告:
  - push2 fflow 资金流接口间歇断连（黄金/通信ETF资金流缺失）
  - 北向资金 sgt 陈旧，降级盘面监控
========================================
