========================================
盘中检查(10:00)自动执行日志
========================================
日期: 2026-08-28
执行开始: 10:03:00 CST
执行结束: 10:05:30 CST
状态: 成功
检查点: 10:00（09:55-10:10 窗口）
早盘信号文件: 存在（每日信号.md，7条含盘中追加）
数据获取:
  - 市场快照: 成功（腾讯财经：三大指数+6持仓+软件/计算机/有色ETF）
  - 北向资金: 不可用（hsgtApi 仅 09:44 陈旧快照 hgt+2.25/sgt379.75，降级盘面监控）
  - 板块扫描: 部分成功（push2ex 涨停池47/炸板7/跌停0 + 同花顺热点44条；东财行业排名 push2 clist 3次重试不可达 → 用涨停池行业统计+热点替代）
  - 资金面: 部分成功（push2 fflow 间歇断连，9标的成功4个：软件ETF+162万/航空+923万/工行+602万/宁波银行-3162万；半导体/电网/黄金/有色/计算机失败）
信号验证: 7条（监控中5条 + 已过期2条不重复验证）
  - SIG-01 黄金: 未触发（9.403缩量量比0.90未破9.20，P0全天窗口保持待执行）
  - SIG-02 普跌否决: 已过期（窗口09:30-10:00结束，跌停0+涨停47+指数全红，否决全程未成立）
  - SIG-04 半导体冲高止盈: 已触发（高1.072>1.065 + 量比2.15>1.2，10:00窗口开启，止盈3,050份，浮盈+2.3%）
  - SIG-05 电网正T: 未触发（1.697未站1.70差0.3分，量比2.76，10:30窗口未开）
  - SIG-07-盘中 软件建仓: 未触发（涨停6家持续+软件ETF量比5.37条件①②满足，方向确认待10:20，窗口10:20-14:30未开）
盘中新信号: 无（Tier1 软件开发涨停潮已由 SIG-07-盘中 覆盖，不重复追加；Tier2 无新触发）
信号状态汇总: 待执行3 / 已触发1 / 已过期3（SIG-03/06+本次SIG-02）/ 追加1
错误: 无
警告:
  - push2 clist 行业排名不可达（3次重试），板块排名降级为涨停池行业统计+同花顺热点
  - push2 fflow 主力资金流间歇断连（半导体/电网/黄金/有色/计算机资金流缺失）
  - 北向资金仅 09:44 陈旧快照，降级盘面监控
========================================
