========================================
早盘分析自动执行日志
========================================
日期: 2026-08-28
执行开始: 09:07:26 CST
执行结束: 09:16:00 CST
状态: 成功
Staging文件: 存在（1.3b 代码-名称校验 PASS；1.3c 持仓与 config/持仓.md 一致；1.3d action=use 新鲜）
数据获取:
  - 海外市场: 成功（金十数据 WebSearch + 腾讯指数接口；CNH 缺失）
  - A股催化剂: 成功（同花顺热点 77 条 + 涨停池 8/27: 77家/炸板17/跌停3）
  - 资金面与情绪: 部分成功（北向陈旧降级；市场级两融缺失用个股参考；push2his 不可达资金流缺失）
  - 事件日历: 成功（沃什杰克逊霍尔讲话 今晚22:00 / 五大行中报 / 解禁 10.67亿 / 中金吸并）
信号生成: 6 条 (P0: 3 P1: 3)
报告产出: 早盘报告.md, 每日信号.md
错误: 无
警告:
  - push2/push2his API 不可达，板块排名/资金流走 fallback（腾讯自算+同花顺热点）
  - 北向资金数据陈旧(8/27 15:00)，降级盘面监控
  - 市场级两融余额报表为空，用个股两融参考
  - CNH 数据缺失
  - mootdx bars 返回空，K线用百度股市通
========================================
