========================================
盘中检查执行日志
========================================
日期: 2026-08-13 (周四, 交易日)
检查点: 09:40 盘中检查
执行时间: 09:46 CST
状态: 成功
市场快照: 上证3964.99(+0.46%) / 深成14573.04(+1.10%) / 创业板3672.21(+1.95%)
开盘方向: 成长强权重弱(创业板高开+1.52%高开高走未"卖事实", 半导体+2.30%领涨) → 确认早盘主线
持仓ETF: 航空159227=1.030(+0.68%) 电网159326=1.725(+1.05%) 银行512800=0.797(-0.37%) 纳指513100=2.226(0.00%,开盘数据未就绪)
北向: 数据陈旧(沪-9.28/深+379.75历史快照, 上游断供无法确认实时)
涨停情绪: 涨停38 炸板4(炸板率9.5%) 跌停0 最高5连板
涨停行业: 汽车零部3/IT服务Ⅱ3/电力3/通用设备2/专用设备2/通信设备2/元件2
题材热度: AI应用6/算力租赁6/国企改革3/人形机器人3
信号状态变化:
  - 已触发: 0条
  - 待执行: 7条 (SIG-01~07)
  - 已过期: 0条
  - 已执行: 0条
  验证明细:
  - SIG-01(银行锁利P0): 窗口10:00-11:00未到, 银行0.797未冲0.808, 待执行
  - SIG-02(电网正T P1): 窗口10:00-10:30未到, 现价1.725≥1.700+量比2.04>0.8条件初现, 待执行
  - SIG-03(纳指做T P1): 窗口未到, QDII开盘数据未就绪(open=0), 待执行
  - SIG-04(银行反T P1): 窗口未到, 开盘0.796未>0.805, 待执行
  - SIG-05(半导体观察P2): 高开1.56%>1%不满足主触发, 量比2.45>1.0✓半导体延续强, 待执行
  - SIG-06(机器人观察P2): 题材退居第4(人形3), 专用/通用设备4家涨停未晋级, 待执行
  - SIG-07(航空观察P2): 量比1.70>1.2✓但未破1.043+商业航天题材未爆发, 待执行
新增信号: 0条 (Tier1/Tier2 均无触发, Tier3)
观察升级: 0条 (无已触发观察信号)
异常: 东财push2行业排名端点不可达(ProxyError/风控); 北向实时数据陈旧
数据获取: 腾讯财经行情成功 / 同花顺题材成功 / 东财涨停池(push2ex)成功 / 东财行业排名(push2)失败 / 同花顺北向返回陈旧数据
========================================
