========================================
盘中检查执行日志
========================================
日期: 2026-08-13 (周四, 交易日)
检查点: 14:00 盘中检查 (尾盘前验证, 重点: 日内持仓调整窗口)
执行时间: 14:06 CST
状态: 成功
市场快照: 上证3958.01(+0.29%) / 深成14481.35(+0.46%) / 创业板3646.83(+1.24%)
方向确认: 成长续强权重弱(创业板+1.24%午后维持, 早盘主线科技/成长延续, 无午后反转)
持仓ETF: 航空159227=1.030(+0.68%) 电网159326=1.717(+0.59%) 银行512800=0.799(-0.13%,今高0.802未冲0.808) 纳指513100=2.238(+0.54%) 半导体512480=1.097(+0.83%) 机器人562500=1.014(-0.20%) 创新药159992=0.938(+2.07%放量量比1.13换手7.06%)
北向: 数据陈旧(沪-9.28/深+379.75历史快照, 上游断供无法确认实时)
涨停情绪: 涨停68 炸板25(炸板率26.9%↑较13:30的22.2%抬升) 跌停1 最高5连板
涨停行业: 医疗服务7/电力5/汽车零部4/房地产开3/通信设备3/消费电子3/中药Ⅱ3/装修装饰2
题材热度: 人形机器人6/创新药5/AI应用5/算力租赁4/央企3/机器人3/CPO3/CRO3/国企改革3/中报预增3
信号状态变化:
  - 已触发: 2条 (SIG-05半导体建仓观察, SIG-08医疗服务升级为建仓观察)
  - 待执行: 3条 (SIG-01银行锁利P0/06机器人/07航空)
  - 已过期: 3条 (SIG-02电网正T触发未执行, SIG-03纳指做T, SIG-04银行反T)
  - 已执行: 0条
  验证明细:
  - SIG-01(银行锁利P0): 创业板+1.24%续强✓但银行0.799今高0.802未冲0.808+换手5.8%<8%, 锁利条件未达成; P0豁免75%过期, 保持待执行转晚盘人工复核
  - SIG-02(电网正T P1): 已触发→已过期 - 10:02已触发主路径但T窗口(10:00-10:30)早已过, 现价1.717已回落至目标1.72-1.73下方(高1.73今日未站稳), 正T机会消失, 触发未执行过期
  - SIG-03(纳指做T P1): 已过期 - 窗口10:00-10:30已过, 做T框架关闭, 维持过期
  - SIG-04(银行反T P1): 已过期 - 开盘0.796<0.805条件始终不满足, 维持过期
  - SIG-05(半导体观察P2): 已触发 - 量比0.93<1.0动能偏弱, 冲高1.115后回落至1.097; 升级条件"高开<1%"未满足(1.56%), 不升级建仓防追高
  - SIG-06(机器人观察P2): 待执行 - 人形机器人6家题材TOP1(题材延续✓)但专用/通用设备未入涨停行业TOP10(医疗服务7/电力5领跑)晋级✗, 双条件未同时满足
  - SIG-07(航空观察P2): 待执行 - 价1.030未破1.043+量比0.69<1.2+商业航天未进题材榜, 升级条件未达成
  - SIG-08(医疗服务/创新药P1): 待执行→已触发 - 升级条件双满足: 医疗服务7家涨停延续(≥5✓)+创新药5/CRO3题材热度≥5✓; 159992放量+2.07%(量比1.13换手7.06%) → 升级为P1建仓观察信号
新增信号: 0条 (SIG-08已覆盖医疗服务涨停潮; 电力5家涨停未达>5阈值; 北向数据不可用无法确认逆转)
观察升级: 1条 (SIG-08医疗服务/创新药升级为P1建仓观察)
异常: 东财push2行业排名端点连接被拒(RemoteDisconnected), 涨停行业分布改由涨停池hybk字段统计; 北向实时数据陈旧
数据获取: 腾讯财经行情成功 / 同花顺题材成功 / 东财涨停池(push2ex)成功 / 东财行业排名(push2)连接失败 / 同花顺北向返回陈旧数据
========================================
