========================================
盘中检查执行日志
========================================
日期: 2026-08-13 (周四, 交易日)
检查点: 10:00 盘中检查
执行时间: 10:02 CST
状态: 成功
市场快照: 上证3963.96(+0.44%) / 深成14556.60(+0.99%) / 创业板3665.72(+1.77%)
方向确认: 成长强权重弱(创业板+1.77%续强, 高开+1.52%后未"卖事实", 站稳) → 确认早盘主线(科技/成长)
持仓ETF: 航空159227=1.029(+0.59%) 电网159326=1.722(+0.88%) 银行512800=0.797(-0.37%) 纳指513100=2.226(0.00%,无成交疑似停牌/额度失效)
北向: 数据陈旧(沪-9.28/深+379.75历史快照, 上游断供无法确认实时)
涨停情绪: 涨停45 炸板11(炸板率19.6%) 跌停0
涨停行业: 汽车零部3/医疗服务3/IT服务Ⅱ3/电力3/元件2/通用设备2/专用设备2/通信设备2/化学制药2
题材热度: AI应用7/算力租赁5/中报预增3/人形机器人3/创新药2
信号状态变化:
  - 已触发: 2条 (SIG-02电网正T, SIG-05半导体建仓观察)
  - 待执行: 5条 (SIG-01/03/04/06/07)
  - 已过期: 0条
  - 已执行: 0条
  验证明细:
  - SIG-01(银行锁利P0): 创业板+1.77%续强✓但银行0.797未冲0.808(今高0.800)+换手1.8%<8%, 锁利条件未达成, 待执行
  - SIG-02(电网正T P1): 已触发 - 开盘1.716≥1.700+量比1.68>0.8主路径满足, 正T +3,950份; 现价1.722已临阻力1.722需快进快出
  - SIG-03(纳指做T P1): 待执行 - 纳指ETF无成交数据(量比0/open0)疑似停牌或QDII额度失效, 前置量比>0.5无法满足
  - SIG-04(银行反T P1): 待执行 - 开盘0.796<0.805, 反T条件不满足
  - SIG-05(半导体观察P2): 已触发 - 30分钟不回补缺口(low1.096>昨收1.088)+量比2.08>1.0+半导体延续; 升级条件"高开<1%"未满足(1.56%)不升级建仓防追高
  - SIG-06(机器人观察P2): 待执行 - 人形机器人热度3退居第4, 专用/通用设备4家涨停未晋级反退
  - SIG-07(航空观察P2): 待执行 - 价1.029未突破1.043, 商业航天题材未爆发
新增信号: 0条 (Tier1/Tier2 均无触发, Tier3: 当前无新增信号机会)
观察升级: 0条 (SIG-05已触发但升级条件"高开<1%"未满足, 保持建仓观察不升级)
异常: 东财push2行业排名端点间歇不可达(ProxyError/风控); 北向实时数据陈旧
数据获取: 腾讯财经行情成功 / 同花顺题材成功 / 东财涨停池(push2ex)成功 / 东财行业排名(push2)失败(重试仍失败) / 同花顺北向返回陈旧数据
========================================
