========================================
盘中检查执行日志
========================================
日期: 2026-08-13 (周四, 交易日)
检查点: 13:30 盘中检查
执行时间: 13:40 CST
状态: 成功
市场快照: 上证3966.34(+0.50%) / 深成14539.80(+0.87%) / 创业板3662.43(+1.68%)
方向确认: 成长续强权重弱(创业板+1.68%午后维持, 早盘主线科技/成长延续, 无午后反转)
持仓ETF: 航空159227=1.031(+0.78%) 电网159326=1.727(+1.17%) 银行512800=0.800(+0.00%) 纳指513100=2.243(+0.76%,数据恢复量比0.63) 半导体512480=1.104(+1.47%) 机器人562500=1.016(0.00%)
北向: 数据陈旧(沪-9.28/深+379.75历史快照, 上游断供无法确认实时)
涨停情绪: 涨停70 炸板20(炸板率22.2%) 跌停0 最高5连板
涨停行业: 医疗服务7/汽车零部4/通信设备4/房地产开3/元件3/消费电子3/电力3/中药Ⅱ3/装修装饰2/饮料乳品2
题材热度: 中报预增6/人形机器人6/创新药6/AI应用5/CPO4/算力租赁4/机器人3/CRO3/国企改革3/房地产2
信号状态变化:
  - 已触发: 2条 (SIG-02电网正T, SIG-05半导体建仓观察)
  - 待执行: 4条 (SIG-01/06/07 + 新增SIG-08)
  - 已过期: 2条 (SIG-03纳指做T, SIG-04银行反T)
  - 已执行: 0条
  验证明细:
  - SIG-01(银行锁利P0): 创业板+1.68%续强✓但银行0.800今高0.802未冲0.808+换手5.11%<8%, 锁利条件未达成; 窗口10:00-11:00已全过, P0豁免自动过期, 保留待执行转尾盘/晚盘人工复核
  - SIG-02(电网正T P1): 已触发 - 现价1.727(+1.17%)高1.727已达目标1.72-1.73上沿, 未执行则尾盘窗口收窄, 需快进快出
  - SIG-03(纳指做T P1): 已过期 - 午后数据恢复(2.243+0.76%量比0.63>0.5)但窗口10:00-10:30已过不可重开, 维持过期
  - SIG-04(银行反T P1): 已过期 - 开盘0.796<0.805条件始终不满足, 维持过期
  - SIG-05(半导体观察P2): 已触发 - 量比回落至0.95<1.0动能边际转弱+现价1.104低于开盘1.105冲高回吐; 升级条件"高开<1%"未满足(1.56%), 不升级建仓
  - SIG-06(机器人观察P2): 待执行 - 人形机器人题材6家回归第一梯队(题材延续✓)但专用/通用设备未入涨停行业TOP10(医疗服务7领跑)晋级✗, 双条件未同时满足
  - SIG-07(航空观察P2): 待执行 - 价1.031未破1.043+量比0.72<1.2+航空机场行业-0.63%领跌, 升级条件未达成
新增信号: 1条 (SIG-20260813-08 医疗服务/创新药链 P1观察 - Tier1板块涨停潮: 医疗服务7家涨停>5 + 创新药6家/CRO3家题材升温, 参考159992)
观察升级: 0条 (SIG-05量比回落不升级; SIG-06题材回暖但晋级未确认; SIG-07量能未达标)
异常: 东财push2行业排名端点返回但排序异常(疑似默认排序字段非涨跌幅, 排名不可直接用, 仅个别行业涨跌幅值可用); 北向实时数据陈旧
数据获取: 腾讯财经行情成功 / 同花顺题材成功 / 东财涨停池(push2ex)成功 / 东财行业排名(push2)返回但排序异常 / 同花顺北向返回陈旧数据
========================================
