========================================
早盘分析自动执行日志
========================================
日期: 2026-08-03
执行开始: 09:04:40 CST
执行结束: 09:10:00 CST
状态: 成功
Staging文件: 存在（2026-08-01生成，持仓日期过期，已用config/持仓.md覆写）
数据获取:
  - 海外市场: 成功（WebSearch获取美股/商品/亚洲早盘数据）
  - A股催化剂: 部分成功（行业排名/涨停池盘前无数据，北向缓存过期）
  - 资金面与情绪: 部分成功（涨停板池盘前无数据，东财全球资讯正常）
  - 事件日历: 降级（未获取到新股/解禁/宏观日历完整数据）
信号生成: 7 条 (P0: 2 P1: 3 P2: 2)
报告产出: 早盘报告.md, 每日信号.md
错误: 无
警告:
  - Staging持仓日期2026-08-01，距今2天已过期→以config/持仓.md覆写
  - 北向资金缓存仅到7/3，近期数据缺失
  - 同花顺热点/北向分钟数据未实时拉取（时间窗口紧凑）
  - KOSPI-5%+美伊冲突构成外部重大风险
========================================
