[2026-09-03T10:07:37+08:00] AUTO_FIX 开始 — OPEN: 0, AUTO_FIX: 0, MANUAL_REVIEW: 0
[2026-09-03T10:07:37+08:00] 无待处理 BUG，跳过（未生成报告）
[2026-09-03T10:07:37+08:00] AUTO_FIX 结束 — FIXED: 0, MANUAL_REVIEW: 0
[2026-09-03T11:07:49+08:00] AUTO_FIX 开始 — OPEN: 0, AUTO_FIX: 0, MANUAL_REVIEW: 0
[2026-09-03T11:07:49+08:00] 无待处理 BUG，跳过（未生成报告）
[2026-09-03T11:07:49+08:00] AUTO_FIX 结束 — FIXED: 0, MANUAL_REVIEW: 0
[2026-09-03T12:07:34+08:00] AUTO_FIX 开始 — OPEN: 0, AUTO_FIX: 0, MANUAL_REVIEW: 0
[2026-09-03T12:07:34+08:00] 无待处理 BUG，跳过（未生成报告）
[2026-09-03T12:07:34+08:00] AUTO_FIX 结束 — FIXED: 0, MANUAL_REVIEW: 0
[2026-09-03T14:07:35+08:00] AUTO_FIX 开始 — OPEN: 2, AUTO_FIX: 2, MANUAL_REVIEW: 0
[2026-09-03T14:08:30+08:00] BUG-019: FIXED（11 缓存增量重拉 09-01~09-02 + 截断 09-03 partial；东财+腾讯双源验证 diff=0.0000%）
[2026-09-03T14:09:30+08:00] BUG-020: FIXED（5 缓存增量重拉追加 09-01~09-02；东财+腾讯双源验证 diff=0.0000%）
[2026-09-03T14:11:30+08:00] 全量回归: pytest tests/ → 436 passed, 1 skipped, 0 failed
[2026-09-03T14:13:00+08:00] 创建 REQ-001（流程根因：收盘后强制补全当日 bar + 非活跃/持仓标的定期刷新）
[2026-09-03T14:13:34+08:00] AUTO_FIX 结束 — FIXED: 2, MANUAL_REVIEW: 0（报告: bugs/archive/AUTO_FIX_REPORT_2026-09-03_14-13.md）
[2026-09-03T15:07:37+08:00] AUTO_FIX 开始 — OPEN: 0, AUTO_FIX: 0, MANUAL_REVIEW: 0
[2026-09-03T15:07:37+08:00] 无待处理 BUG，跳过（未生成报告）
[2026-09-03T15:07:37+08:00] AUTO_FIX 结束 — FIXED: 0, MANUAL_REVIEW: 0
[2026-09-03T16:07:31+08:00] AUTO_FIX 开始 — OPEN: 0, AUTO_FIX: 0, MANUAL_REVIEW: 0
[2026-09-03T16:07:31+08:00] 无待处理 BUG，跳过（未生成报告）
[2026-09-03T16:07:31+08:00] AUTO_FIX 结束 — FIXED: 0, MANUAL_REVIEW: 0
[2026-09-03T17:07:29+08:00] AUTO_FIX 开始 — OPEN: 0, AUTO_FIX: 0, MANUAL_REVIEW: 0
[2026-09-03T17:07:29+08:00] 无待处理 BUG，跳过（未生成报告）
[2026-09-03T17:07:29+08:00] AUTO_FIX 结束 — FIXED: 0, MANUAL_REVIEW: 0
