[2026-08-27T09:07:35+08:00] AUTO_FIX 开始 — OPEN: 0, AUTO_FIX: 0, MANUAL_REVIEW: 0
[2026-08-27T09:07:35+08:00] 无待处理 BUG，跳过（未生成报告）
[2026-08-27T09:07:35+08:00] AUTO_FIX 结束 — FIXED: 0, MANUAL_REVIEW: 0
[2026-08-27T10:07:20+08:00] AUTO_FIX 开始 — OPEN: 0, AUTO_FIX: 0, MANUAL_REVIEW: 0
[2026-08-27T10:07:20+08:00] 无待处理 BUG，跳过（未生成报告）
[2026-08-27T10:07:20+08:00] AUTO_FIX 结束 — FIXED: 0, MANUAL_REVIEW: 0
[2026-08-27T11:07:14+08:00] AUTO_FIX 开始 — OPEN: 0, AUTO_FIX: 0, MANUAL_REVIEW: 0
[2026-08-27T11:07:14+08:00] 无待处理 BUG，跳过（未生成报告）
[2026-08-27T11:07:14+08:00] AUTO_FIX 结束 — FIXED: 0, MANUAL_REVIEW: 0
[2026-08-27T12:07:33+08:00] AUTO_FIX 开始 — OPEN: 0, AUTO_FIX: 0, MANUAL_REVIEW: 0
[2026-08-27T12:07:33+08:00] 无待处理 BUG，跳过（未生成报告）
[2026-08-27T12:07:33+08:00] AUTO_FIX 结束 — FIXED: 0, MANUAL_REVIEW: 0
[2026-08-27T14:07:10+08:00] AUTO_FIX 开始 — OPEN: 3, AUTO_FIX: 2, MANUAL_REVIEW: 1
[2026-08-27T14:08+08:00] BUG-004: FIXED（512100 缓存重拉成功，mtime→2026-08-27 14:07:59）
[2026-08-27T14:08+08:00] BUG-005: MANUAL_REVIEW (不可自动修复 — 指标口径 MET-005)
[2026-08-27T14:10+08:00] BUG-006: FIXED（补5专项测试+reporting 4测试+修正2引用+data.py去重，全量286通过）
[2026-08-27T14:11+08:00] AUTO_FIX 结束 — FIXED: 2, MANUAL_REVIEW: 1
[2026-08-27T15:07:21+08:00] AUTO_FIX 开始 — OPEN: 0, AUTO_FIX: 0, MANUAL_REVIEW: 0
[2026-08-27T15:07:21+08:00] 无待处理 BUG，跳过（未生成报告）
[2026-08-27T15:07:21+08:00] AUTO_FIX 结束 — FIXED: 0, MANUAL_REVIEW: 0
[2026-08-27T17:07:51+08:00] AUTO_FIX 开始 — OPEN: 0, AUTO_FIX: 0, MANUAL_REVIEW: 0
[2026-08-27T17:07:51+08:00] 无待处理 BUG，跳过（未生成报告）
[2026-08-27T17:07:51+08:00] AUTO_FIX 结束 — FIXED: 0, MANUAL_REVIEW: 0
[2026-08-27T18:07:30+08:00] AUTO_FIX 开始 — OPEN: 0, AUTO_FIX: 0, MANUAL_REVIEW: 0
[2026-08-27T18:07:30+08:00] 无待处理 BUG，跳过（未生成报告）
[2026-08-27T18:07:30+08:00] AUTO_FIX 结束 — FIXED: 0, MANUAL_REVIEW: 0