[2026-08-31T09:07:11+08:00] AUTO_FIX 开始 — OPEN: 0, AUTO_FIX: 0, MANUAL_REVIEW: 0
[2026-08-31T09:07:11+08:00] 无待处理 BUG，跳过（未生成报告）
[2026-08-31T09:07:11+08:00] AUTO_FIX 结束 — FIXED: 0, MANUAL_REVIEW: 0
[2026-08-31T10:07:47+08:00] AUTO_FIX 开始 — OPEN: 0, AUTO_FIX: 0, MANUAL_REVIEW: 0
[2026-08-31T10:07:47+08:00] 无待处理 BUG，跳过（未生成报告）
[2026-08-31T10:07:47+08:00] AUTO_FIX 结束 — FIXED: 0, MANUAL_REVIEW: 0
[2026-08-31T12:07:45+08:00] AUTO_FIX 开始 — OPEN: 0, AUTO_FIX: 0, MANUAL_REVIEW: 0
[2026-08-31T12:07:45+08:00] 无待处理 BUG，跳过（未生成报告）
[2026-08-31T12:07:45+08:00] AUTO_FIX 结束 — FIXED: 0, MANUAL_REVIEW: 0
[2026-08-31T14:08:04+08:00] AUTO_FIX 开始 — OPEN: 8, AUTO_FIX: 4, MANUAL_REVIEW: 4
[2026-08-31T14:10:15+08:00] BUG-008: FIXED（5 个过期 cache parquet 重拉至 2026-08-31，0 过期）
[2026-08-31T14:12:20+08:00] BUG-009: FIXED（conftest 强制 DB_MODE=file，定向测试 8 passed）
[2026-08-31T14:12:20+08:00] BUG-010: FIXED（CLOUD_RESTORE 预置改强制赋值 + test_load_env delenv 配合，方案 b）
[2026-08-31T14:13:30+08:00] BUG-011: FIXED（回测窗口 end 改动态 date.today()，KB/sync 元数据刷新）
[2026-08-31T14:15:30+08:00] BUG-012: MANUAL_REVIEW (不可自动修复 — 策略打分公式)
[2026-08-31T14:15:30+08:00] BUG-013: MANUAL_REVIEW (不可自动修复 — 避险信号策略行为)
[2026-08-31T14:15:30+08:00] BUG-014: MANUAL_REVIEW (不可自动修复 — 因子口径决策)
[2026-08-31T14:15:30+08:00] BUG-015: MANUAL_REVIEW (不可自动修复 — KB 文档口径)
[2026-08-31T14:16:20+08:00] 全量回归: 405 passed, 1 skipped (网络), 0 failed（首轮 1 flake 复跑通过）
[2026-08-31T14:16:30+08:00] 更新 BUG_INDEX.md 完成（OPEN: 8→0, FIXED: 3→7, MANUAL_REVIEW: 2→6）
[2026-08-31T14:16:40+08:00] AUTO_FIX 结束 — FIXED: 4, MANUAL_REVIEW: 4
[2026-08-31T16:07:48+08:00] AUTO_FIX 开始 — OPEN: 0, AUTO_FIX: 0, MANUAL_REVIEW: 0
[2026-08-31T16:07:48+08:00] 无待处理 BUG，跳过（未生成报告）
[2026-08-31T16:07:48+08:00] AUTO_FIX 结束 — FIXED: 0, MANUAL_REVIEW: 0
[2026-08-31T17:07:43+08:00] AUTO_FIX 开始 — OPEN: 0, AUTO_FIX: 0, MANUAL_REVIEW: 0
[2026-08-31T17:07:43+08:00] 无待处理 BUG，跳过（未生成报告）
[2026-08-31T17:07:43+08:00] AUTO_FIX 结束 — FIXED: 0, MANUAL_REVIEW: 0
[2026-08-31T18:08:16+08:00] AUTO_FIX 开始 — OPEN: 0, AUTO_FIX: 0, MANUAL_REVIEW: 0
[2026-08-31T18:08:16+08:00] 无待处理 BUG，跳过（未生成报告）
[2026-08-31T18:08:16+08:00] AUTO_FIX 结束 — FIXED: 0, MANUAL_REVIEW: 0
