[2026-08-31T12:50:00+08:00] LOGIC_INSPECT 开始 — BUG 逻辑巡检 (bug_inspect_logic, 每周一 12:23)
[2026-08-31T12:23:26+08:00] 前置回测: python run_backtest.py 运行成功(exit 0, 输出与 2026-08-10 基线完全一致); 归档 -> automation/archive/2026-08-31/backtest_baseline.txt
[2026-08-31T12:30:00+08:00] 第一步 正确性定义: 读取 correctness_definitions.yaml (strategies STR-001~005, metrics MET-001~006, engine/data)
[2026-08-31T12:45:00+08:00] 第二步 逐策略对齐检查 (S1-S19): 15/19 无偏差; 偏差策略 4 个:
  - S8 ThreeFactorMomentum: 三因子未归一化即加权, F3效率因子×100放大后实测占综合得分84.3%, 与KB"归一化后加权0.4/0.3/0.3"不符 -> BUG-012 (MEDIUM, 确定)
  - S12 SentimentMomentum: KB"放量下跌自动切货币"未实现, 仅0.3分惩罚, 实证全标的放量下跌日仍满仓(货币权重0.0) -> BUG-013 (MEDIUM, 确定); KB"年化收益/成交量因子"口径与实现不符 -> BUG-014 (LOW, 疑似)
  - S13 MultiFactor: KB"年化收益/成交量因子"口径与实现不符 -> BUG-014 (LOW, 疑似); KB"ETF池6只"实列5只 -> BUG-015 (LOW, 疑似)
  - S9 IndustryMomentum: KB"5只行业ETF+1只宽基"实列4行业+1宽基=5只 -> BUG-015 (LOW, 疑似)
  通过策略: S1/S2/S3/S4/S5/S6/S7/S10/S11/S14/S15/S16/S17/S18/S19 (S4 log-OLS+exp(slope*250)-1+R²+top-1 ✅, S2 月末+250日+一票否决 ✅, S11 20日±2σ+线性仓位 ✅, S16/S17 仅频率不同 ✅)
[2026-08-31T12:45:00+08:00] 第二步 边界条件分析 (4项×19策略): 4/4 无漏洞
  - 全部负动量: S2/S3/S7/S12/S13/S14/S15/S18 空仓/现金 ✅; S4/S8/S9/S19 选负值最小(满仓, KB明确设计) ✅; S16/S17 预警降仓(3预警→0%现金) ✅
  - 回看期>数据: 全部策略 warmup 处理(等权或现金) ✅; 观察: S3 首月末前为全零空仓(非持币, 与S2 bfill行为不一致, 轻微, 不构成BUG)
  - 单个ETF缺失: 数据层 DAT-002 dropna 对齐保证 ✅
  - 全部同涨同跌: 有现金避险出口策略 ✅; S4/S8/S9/S19 无现金但池含黄金/国债等避险资产(KB设计) ✅
[2026-08-31T12:45:00+08:00] 第二步 策略专有风险检查: 动量轮动(S4/S8/S14/S18)换手29.8~40.3偏高(KB已承认), S14回撤-48.98%较大; 趋势类(S2/S3/S15)whipsaw风险KB已承认, S3回撤-50.45%; 风控类(S7 clip(0,1)不加杠杆 ✅, S11单边市亏损KB已知, S16/S17金丝雀与重大回撤相关性需人工复核); 2016-2017震荡期分区间表现需人工复核(基线未细分)
[2026-08-31T12:46:00+08:00] 第三步 跨策略一致性: 3/3 通过 — 3.1 年化×R²公式族: S4/S8不截断R² vs 其余截断(已知BUG-003, WONT_FIX维持); 3.2 S4与S8 ETF池同集(顺序不同, 内容一致) ✅; 3.3 S16/S17仅rebalance频率不同(继承+rebalance参数) ✅
[2026-08-31T12:47:00+08:00] 第四步 回测异常检测: 与2026-08-10基线逐项对比(年化/夏普/回撤/排名) 19/19 完全一致, 0 异常 (数据窗口同为2012-05-28~2026-07-01, 缓存数据未变)
[2026-08-31T12:48:00+08:00] 第五步 BUG报告: 创建 BUG-012 (S8归一化, MEDIUM, auto_fix=false), BUG-013 (S12放量下跌避险, MEDIUM, auto_fix=false), BUG-014 (S12/S13 KB口径, LOW, auto_fix=false), BUG-015 (S9/S13 KB数量, LOW, auto_fix=false)
[2026-08-31T12:49:00+08:00] 第六步 BUG_INDEX更新: OPEN 4->8, 巡检历史追加 2026-08-31 逻辑巡检 4新增/0修复/仍开放10
[2026-08-31T12:50:00+08:00] LOGIC_INSPECT 结束 — 新发现 4 BUG (2 MEDIUM 确定 + 2 LOW 疑似), 0 回测异常, 无 CRITICAL; 建议人工审查: BUG-012 (S8因子归一化决策), BUG-013 (S12避险改为硬切换决策), BUG-014/015 (KB 文档修订)
