[2026-09-07T12:27:00+08:00] LOGIC_INSPECT 开始 — BUG 逻辑巡检 (bug_inspect_logic, 每周一 12:23)
[2026-09-07T12:29:00+08:00] 前置回测: python run_backtest.py 运行成功(exit 0); 窗口 END 已由硬编码 2026-07-01 改为动态 date.today()=2026-09-07 (BUG-011 修复生效); 归档 -> automation/archive/2026-09-07/backtest_baseline.txt
[2026-09-07T12:30:00+08:00] 第一步 正确性定义: 读取 correctness_definitions.yaml (strategies STR-001~005, metrics MET-001~006, engine/data/registration/dashboard)
[2026-09-07T12:40:00+08:00] 第二步 逐策略对齐检查 (S1-S19): 15/19 无偏差; 偏差策略 4 个 (与 2026-08-31 巡检同集, 均已在册):
  - S8 ThreeFactorMomentum: 三因子未归一化即加权, F3效率因子×100放大后支配综合得分, 与KB"归一化后加权0.4/0.3/0.3"不符 -> BUG-012 (MANUAL_REVIEW, 维持)
  - S12 SentimentMomentum: KB"放量下跌自动切货币"未实现(仅0.3分惩罚) -> BUG-013 (MANUAL_REVIEW, 维持); KB"20日年化收益/成交量因子"口径与实现不符 -> BUG-014 (MANUAL_REVIEW, 维持)
  - S13 MultiFactor: KB"年化收益/成交量因子"口径不符 -> BUG-014 (维持); KB"ETF池6只(5行业+1宽基)"实列5只(4行业+1宽基) -> BUG-015 (维持)
  - S9 IndustryMomentum: KB"5只行业ETF+1只宽基"实列4行业+1宽基=5只 -> BUG-015 (维持)
  通过策略: S1/S2/S3/S4/S5/S6/S7/S10/S11/S14/S15/S16/S17/S18/S19
  (S4 log-OLS+exp(slope*250)-1+R²+top-1 ✅, S2 月末ME+250日+pct_change一票否决 ✅, S11 20日±2σ+线性仓位+周度 ✅, S16/S17 仅rebalance频率不同(子类覆盖) ✅)
[2026-09-07T12:40:00+08:00] 第二步 边界条件分析 (4项×19策略): 4/4 无漏洞
  - 全部负动量: S2/S3/S7/S12/S13/S14/S15/S18 空仓/现金 ✅; S4/S8/S9/S19 选负值最小(满仓, KB明确设计) ✅; S16/S17 预警降仓(3预警→0%现金) ✅
  - 回看期>数据: 全部策略 warmup 处理(等权或现金) ✅; 观察: S3 首月末前为全零空仓(非持币, 与S2 bfill不一致, 轻微, 不构成BUG, 维持 08-31 判定)
  - 单个ETF缺失: 数据层 DAT-002 dropna 对齐保证 ✅
  - 全部同涨同跌: 有现金避险出口策略 ✅; S4/S8/S9/S19 无现金但池含黄金/国债等避险资产(KB设计) ✅
[2026-09-07T12:40:00+08:00] 第二步 策略专有风险检查: 动量轮动(S4/S8/S14/S18)换手29.6~40.3偏高(KB已承认), S14回撤-48.98%较大; 趋势类(S2/S3/S15)whipsaw风险KB已承认, S3回撤-50.45%; 风控类(S7 clip(0,1)不加杠杆 ✅, S11单边市亏损KB已知, S16/S17金丝雀与重大回撤相关性需人工复核); 2016-2017震荡期分区间表现需人工复核(基线未细分, 维持 08-31 判定)
[2026-09-07T12:41:00+08:00] 第三步 跨策略一致性: 3/3 通过 — 3.1 年化×R²公式族: S4/S8不截断R² vs 其余截断(已知BUG-003, WONT_FIX维持); 3.2 S4与S8 ETF池同集(顺序不同, 内容一致: 518880/513100/159915/510180) ✅; 3.3 S16/S17仅rebalance频率不同(CanaryDefenseDaily子类设rebalance=daily) ✅
[2026-09-07T12:45:00+08:00] 第四步 回测异常检测: 与2026-08-31基线逐项对比(年化/夏普/回撤/排名)。阈值触发多项, 但根因全部为窗口变化(非逻辑缺陷):
  - 根因A 窗口END延长: 2026-07-01 → 2026-09-07 (BUG-011 动态END修复生效, 新增约2个月数据)。影响全体策略: S2/S5/S6/S14/S15/S16/S17/S18 年化相对降幅>10% (S15 -27.2%、S18 -22.2%) 系 7-8月市场回调下动量策略回吐, 与行情方向一致, 非逻辑回归
  - 根因B S9/S10/S13 窗口START延长: 2025-09-12 → 2017-08-03/08-24 (512800.parquet 缓存恢复全量历史, 08-31基线曾因缓存截断只含近9个月数据)。S9 年化 -7.97%→+1.81%、回撤 -16.61%→-46.03%, 与KB记载(-46.03%回撤)完全吻合; S10 夏普 0.74→1.51、回撤 -4.42%→-9.80%, 与KB记载(最优夏普1.39/最低回撤-9.68%)吻合 —— 系正向对齐修正而非异常
  - 排名变化: S10 15→8 (+7位, 阈值触发), 归因根因B窗口恢复后的真实全历史表现, 非逻辑缺陷
  - 结论: 0 项无法解释的逻辑异常; 全部阈值触发项已归因于窗口变化(数据/窗口层), 无策略逻辑回归
[2026-09-07T12:46:00+08:00] 第五步 BUG报告: 无新发现逻辑问题 -> 不创建新 BUG 报告。既有 4 项逻辑 BUG (BUG-012/013/014/015) 均在 MANUAL_REVIEW, 代码未变更, 维持状态
[2026-09-07T12:47:00+08:00] 第六步 BUG_INDEX更新: 无新增/无修复; 巡检历史追加 2026-09-07 逻辑巡检 0新增/0修复/仍开放8 (OPEN 2 + MANUAL_REVIEW 6)
[2026-09-07T12:48:00+08:00] LOGIC_INSPECT 结束 — 新发现 0 BUG, 0 回测逻辑异常; 窗口变化已归因(动态END+B缓存恢复); 建议人工审查: BUG-012 (S8因子归一化决策), BUG-013 (S12避险硬切换决策), BUG-014/015 (KB 文档修订), S16/S17 金丝雀-回撤相关性, 2016-2017 震荡期分区间回测
