========================================
早盘分析自动执行日志
========================================
日期: 2026-07-29
执行开始: 09:03 CST
执行结束: 09:08 CST
状态: 成功
Staging文件: 存在（但过期——来自2026-07-23复盘）
数据获取:
  - 海外市场: 成功（WebSearch + 腾讯财经）
  - A股催化剂: 成功（同花顺热点 + 东财行业板块 + 北向）
  - 资金面与情绪: 成功（融资融券 + 打板情绪）
  - 事件日历: 成功（解禁无预警 + 全球资讯）
信号生成: 7 条 (P0: 2 P1: 2 P2: 3)
报告产出: 早盘报告.md, 每日信号.md
错误: 无
警告:
  - Staging文件为7/23版本（跨周末+跨交易日），已基于最新数据更新
  - 行业板块排名API返回全0（可能盘前未更新/非交易日数据），使用7/28实际涨跌数据
  - CNH/日经/KOSPI未获取（非交易时段）
  - 北向早盘数据有限（盘前仅集合竞价阶段）
========================================
