========================================
早盘分析自动执行日志
========================================
日期: 2026-07-27
执行开始: 09:05 CST
执行结束: 09:13 CST
状态: 成功
Staging文件: 存在（2026-07-23生成，跨周末）
数据获取:
  - 海外市场: 成功（美股7/24收盘/日经/KOSPI/A50）
  - A股催化剂: 成功（同花顺热点42只/北向370亿净流入）
  - 资金面与情绪: 成功（涨停40/炸板11/跌停25/炸板率21.6%）
  - 事件日历: 部分（行业板块排名API不可达；商品期货准确价未获取）
信号生成: 7 条 (P0: 2 P1: 2 P2: 3)
报告产出: 早盘报告.md, 每日信号.md
错误: 无
警告:
  - Staging文件为7/24版本（跨周末，由7/23复盘生成），已基于最新数据更新信号框架
  - 东财行业板块排名API连接断开（RemoteDisconnected），未影响核心分析
  - 东财全球快讯API超时，改用搜索+同花顺数据
  - 商品期货准确价格未获取，使用定性判断（WTI $83-85区间）
========================================
