========================================
盘中检查执行日志
========================================
日期: 2026-08-06
检查点: 14:30 收盘前检查点（尾盘操作+隔夜风险评估）
执行时间: 14:30 CST
状态: 成功
市场快照: 上证3901+0.59% / 沪深300-0.10% / 创业板-0.46% / 科创50+0.73%
全天信号终态:
  - 已过期: 4条 (SIG-02电网止盈/03正T/04纳指做T/05黄金反T)
  - 已取消: 1条 (SIG-01银行减仓—银行反弹确认0.804)
  - 已废弃: 1条 (SIG-06航空航天加仓—跌破1.00方向证伪)
  - 已执行: 0条
  - 已触发: 0条
  - 新增: 0条
隔夜风险评估:
  - 上证突破3900，市场偏强
  - 银行0.804站上0.80确认反弹，止损解除
  - 电网1.675偏弱，全天未冲高
  - 航空航天1.005尾盘重回1.00
  - 黄金8.803(+1.89%)强势
  - 纳指-1.32%是今日唯一较大跌幅
下轮: evening_review ~15:52
========================================
