========================================
盘中检查执行日志
========================================
日期: 2026-08-06
检查点: 13:30 盘中检查（午盘走势验证）
执行时间: 13:30 CST
状态: 成功
市场快照: 上证-0.10% / 沪深300-0.64% / 创业板-1.08% / 科创50-0.43%
信号状态变化:
  - 已取消: 1条 (SIG-01 银行减仓 — 反弹至0.802止损解除)
  - 已废弃: 1条 (SIG-06 航空航天加仓观察 — 跌破1.00方向证伪)
  - 已过期: 3条 (SIG-03/04/05)
  - 待执行: 1条 (SIG-02 电网止盈)
  - 已触发: 0条
  - 已执行: 0条
新增信号: 0条
关键变化:
  - 银行ETF反弹至0.802(+0.12%)，止损风险完全解除
  - 航空航天ETF跌破1.00至0.992(-1.29%)，观察信号废弃
  - 电网设备继续走弱至1.662(-1.36%)
  - 三大指数午后转弱
下轮: intraday_1400 ~14:00
========================================
