========================================
盘中检查执行日志
========================================
日期: 2026-08-06
检查点: 14:00 盘中检查（尾盘前验证）
执行时间: 14:00 CST
状态: 成功
市场快照: 上证+0.16% / 沪深300-0.53% / 创业板-1.32% / 科创50-0.82%
信号状态变化:
  - 待执行: 1条 (SIG-02 电网止盈，窗口88.9%即将过期)
  - 已取消: 1条 (SIG-01 银行减仓)
  - 已废弃: 1条 (SIG-06 航空航天加仓)
  - 已过期: 3条 (SIG-03/04/05)
  - 已执行: 0条
新增信号: 0条
关键变化:
  - 上证翻红+0.16%，银行续涨至0.805(+0.50%)确认反弹
  - 电网1.664继续偏弱，窗口88.9%即将在14:30关闭
  - 尾盘前无新增操作建议
下轮: intraday_1430 ~14:30 | evening_review ~15:52
========================================
