========================================
盘中检查执行日志
========================================
日期: 2026-08-06
检查点: 11:00 盘中检查（午前最后一次，上午总结）
执行时间: 11:00 CST
状态: 成功
市场快照: 上证+0.22% / 沪深300+0.00% / 创业板+0.44% / 科创50+1.13%
上午总结: 三大指数温和震荡，创业板V型反弹（低点3444→收3550），科创50领涨
信号状态变化:
  - 已触发: 1条 (SIG-06 航空航天)
  - 已过期: 3条 (SIG-03/04/05)
  - 待执行: 2条 (SIG-01 银行止损, SIG-02 电网止盈)
  - 已执行: 0条
新增信号: 0条
观察升级: 0条 (SIG-06 方向确认90min✅ 量比1.58✅ 涨幅-0.40%❌ 涨幅转负仍不升级)
关键风险: 银行ETF 0.796横盘整上午仍未触发0.795止损，量比1.10
过期信号: SIG-04 (纳指做T窗口100%/全程未触2.24或2.30边界)
下午关注: 银行0.795防守 / 电网能否反弹至1.68+ / 航空航天1.00支撑
========================================
