=== 收盘复盘执行日志 2026-09-01 ===
任务: evening_review | 时间: 2026-09-01 15:52 (标准15:45)
状态: completed | staging_generated: true

[第零步] 云端持仓同步: PULLED (holdings/每日调仓.md + holdings/持仓.md -> 本地)
[第一步] 前置检查:
  - 交易日+收盘: 2026-09-01 周二, 15:52 已收盘 PASS
  - 必需文件: 早盘报告.md EXISTS / 每日信号.md EXISTS / 今日-复盘分析.md EXISTS
  - 幂等性: 复盘报告不存在 -> 强制执行 (早盘已执行)
[第二步] task_state: evening_review -> in_progress
[第二步半] 数据源探测: partial (6/7) - push2=FAIL, push2his=FAIL, 北向不可用; 腾讯/同花顺/push2ex/mootdx/datacenter=OK
[第三~四步] 数据收集+盘面回顾:
  - 上证3979.89(-0.16%)/沪深300(-0.30%)/创业板3393.43(-1.32%)/科创50 1647.53(-2.19%)
  - 涨停83/跌停0, 超3300股上涨, 两市约2万亿(量能持平)
  - 持仓收盘: 宁波34.30(+0.53%)/航空1.021(+0.59%)/电网1.655(-0.90%)/黄金9.118(-0.19%)/工行8.15(+0.99%)
[第五步] 行业/题材异动扫描: push2 clist 不可达 -> 降级代理(同花顺题材词频+涨停行业分布); 农业+4.0%领涨/元件-3.16%领跌
[第六步] 逐仓复盘完成 (5 持仓, 做T纪律'不做T'执行到位)
[第七步] 早盘预测回顾: 方向准确率 4/6(67%), 农业❌(评分过度保守), 大盘/黄金/电网/半导体✅
[第八步] 信号执行复盘:
  - 评价表 6 条写入 每日信号.md (验证 PASS)
  - 统计表填充, P0执行率100%, 关注列表升级率1/1
  - 入库: SIG-20260901-06-盘中(农业 buy@0.767/12200份) 新增1条
  - 结算: SIG-20260828-07-盘中(软件 miss +16.0) / SIG-20260828-04(半导体 hit 避免+21.35), 累计2条
  - 质量仪表盘: P1触发率100%, 目标达成率50%, 方向准确率100%
[第九步] 经验沉淀: 投资经验.md 新增4条(结构分化日/打新抽血纪律/防御主线/触发≠执行)
[第十步] 持仓同步: 同步脚本 PASS (5持仓无变化, config/持仓.md 已更新), 验证 [PASS]
[第十一步] Staging: 归档 20260901/ (早盘+复盘), 生成 20260902 早盘+复盘, 11.3/11.5 验证 [PASS]
[第十二步] 复盘报告: reports/20260901/复盘报告.md 生成
[第十三步] 报告审阅: 数据校验/逻辑/完整性 通过(95 tests); 运行提示: 数据源降级 -> BUG-017 建单(MANUAL_REVIEW)
[第十四步] REQ验证: REQ-004 测试+复盘确认 -> CLOSED; REQ-003 保持 IMPLEMENTED(观察截止 2026-09-07)
[第十五步] task_state -> completed, staging_generated=true
产出: 复盘报告.md / staging/今日-早盘分析.md / staging/今日-复盘分析.md / 每日信号.md(已回填评价)
工单: BUG-017 (OPEN, MANUAL_REVIEW)
