[2026-09-01 10:03] 盘中检查 10:00 检查点执行完成
  状态: completed | 检查点: 10:00 (09:55-10:10 窗口) | 交易日: 2026-09-01 周二
  数据时点: 2026-09-01 10:01-10:03 CST (腾讯财经/东财push2ex涨停池/同花顺热榜/hsgtApi; push2 clist行业排名断连; push2 fflow部分断连(512480/512980); 北向不可用降级)

  市场快照:
    上证 3981.18 (-0.13%) | 深证 13879.65 (-0.97%) | 创业板 3383.44 (-1.61%) | 科创50 1656.09 (-1.68%)
    北向: 不可用(hsgtApi仅09:44陈旧快照 hgt+2.25/sgt+379.75为8/31数据), 降级盘面监控
    行业汇总: 不可得 (push2 clist 行业排名断连 RemoteDisconnected)
    打板: 涨停48 炸板4(炸板率7.7%) 跌停1 | 涨停行业: 种植业6 一般零售6 农产品加3 影视院线2 家居用品2 数字媒体2 出版2 多元金融2 汽车零部2
    题材热度(同花顺TOP10): 中国巨石(PCB) 芒果超媒20cm2天2板(短剧) 金螳螂 金牛化工 金健米业(粮食12天7板) 浪潮信息(英伟达) 康盛股份(算力租赁6天4板) 我爱我家3天3板(地产) 星网锐捷 中文在线+7%(AI视频)
    主力资金: 159326电网累计净流入+1.98亿 | 159825农业+7,653万 | 512480/512980断连 | 518880断连

  持仓ETF (10:00):
    黄金518880: 9.145(+0.11%) 量比0.97 高9.149 低9.124 — 企稳, 量比萎缩(09:40为1.37), 未放量未破9.0
    电网159326: 1.663(-0.42%) 量比1.19 高1.673 低1.655 — 未站1.70, 1.65支撑未破(低1.655恰好踩线), 主力净流入+1.98亿
    航空159227: 1.020(+0.49%) 量比2.48 | 工行601398: 8.11(+0.50%) 量比2.26 | 宁波002142: 34.36(+0.70%) 量比2.22 (银行防御走强)
  信号标的: 半导体512480 1.036(-2.08%) 量比2.01 高1.058 低1.032 — 跌幅加深(09:40为-1.61%), 打新抽血压制持续
  关注列表: 传媒512980 0.848(+0.83%) 量比8.73 | 农业159825 0.765(+1.59%) 量比4.36 高0.77 站稳0.76 | 银行512800 0.837(+0.97%) 量比2.79

  信号验证 (5条, 10:00-10:03):
    已触发 2 条 (复核确认+持续):
      SIG-02(P0普跌否决): 10:00窗口完整数据复核——行业涨跌家数不可得(push2 clist断连), 指数跌幅全线加深(上证-0.13%/深证-0.97%/创业板-1.61%/科创50-1.68%), 09:40临界触发成立 → 复核确认维持触发; 普跌结构确认(创业板-0.87%→-1.61%跌幅翻倍); 虽涨停潮扩大+跌停仅1家为结构性分化, 系统性弱势占主导 → 维持否决日(取消全部T), 10:30复核
      SIG-03(P0打新抽血): 512480现价1.036(-2.08%<-1.5%) 且量比2.01>1.2 → 持续触发, 跌幅从-1.61%加深至-2.08%; 不新增科技仓位/不追高; SIG-05维持作废
    已取消 2 条 (维持):
      SIG-04(P1电网正T): SIG-02否决维持→互斥维持取消; 现价1.663未站1.70硬门槛(距-2.2%); 1.65支撑未破(低1.655); 10:30否决撤销+站上1.70则重新评估
      SIG-05(P1半导体建仓): SIG-02+SIG-03双否决维持取消; 现价1.036<1.06触发线且跌破昨收1.058; 打新抽血日不建仓科技
    待执行 1 条:
      SIG-01(P0黄金减仓): 9.145(+0.11%) 量比0.97 未放量(量比<1.5)且未破9.0 → 未触发, 9.0防线守住, 窗口进度9.4%(30/320min)<75%不过期, 窗口09:30-14:50继续监控

  新信号扫描: Tier 1 板块涨停潮扩大(种植业6只: 金健米业12天7板/万向德农11天8板/新赛股份等; 一般零售6只: 国芳集团3板/新华百货8天4板等) → 但普跌否决日(SIG-02复核维持)不追加(8/31先例); 北向不可用; 无持仓止损触发(黄金未破9.0/电网未破1.65); 无重大突发消息(热榜题材延续); 无V型反转; Tier 2 持仓ETF量比均未超3(航空2.48/工行2.26/宁波2.22/电网1.19/黄金0.97), fflow断连无法验证持续流入(电网/农业为持仓/关注标的非新机会), 行业排名断连无法验证板块跃升, 热榜无全新题材(PCB/短剧/粮食/算力租赁/英伟达/AI视频延续) → 无追加; 关注列表升级评估: 农业(0.765站稳0.76+量比4.36+种植业6板✓条件全满足但普跌否决日不追加, 10:30复核), 银行(半导体-2.08%<-1%+量比2.79✓条件满足但普跌否决日不追加), 传媒(晋级率14.8%<30%✗不升级) → 均观察, 10:30复核 → 当前无新增信号机会(Tier 3, 普跌否决日)
  75%窗口过期检查: SIG-01为P0全天窗口豁免且窗口进度9.4%<75%; SIG-02/03已触发; SIG-04/05已取消 → 无新过期
  触发/过期/取消/升级: 2 / 0 / 2 / 0

  🚨 需执行操作 (2条P0风控, 触发待确认遵守):
    - SIG-20260901-02: 全市场 普跌否决 — 维持取消全部T操作(今日不新开T/不追高; SIG-04电网正T/SIG-05半导体建仓维持取消); 10:30检查点复核
    - SIG-20260901-03: 半导体/科技(512480) — 维持不新增科技仓位/不追高 (512480现价1.036 -2.08% 量比2.01, 打新抽血+算力硬件领跌, 跌幅加深)

  ⚠️ 提示: ① SIG-02普跌否决10:00复核确认(窗口完整数据): 指数跌幅全线加深(创业板-0.87%→-1.61%翻倍), 普跌结构确认, 维持否决日; ② SIG-03打新抽血持续且加深(-2.08%), 半导体弱势延续, 不追高科技; ③ SIG-01黄金企稳9.145(+0.11%)量比萎缩至0.97, 9.0防线守住, 未放量不触发, 继续监控; ④ 农业159825升级条件全部满足(站0.76+量比4.36+种植业6板)但普跌否决日不追加, 10:30否决解除则追加P1(-盘中); ⑤ 种植业6+一般零售6双涨停潮为结构性主线, 普跌否决解除后再评估; ⑥ 涨停48/炸板率7.7%/跌停1情绪局部回暖与指数普跌背离(结构性分化), 系统性弱势占主导维持谨慎; ⑦ 北向不可用, push2 clist行业排名断连, fflow部分断连(512480/512980/518880); ⑧ 电网159326主力净流入+1.98亿但价格未站1.70, 资金面与价格背离持续观察
