========================================
盘中检查(14:30)自动执行日志
========================================
日期: 2026-09-01
执行开始: 14:30:30 CST
执行结束: 14:34:00 CST
状态: 成功
检查点: 14:30（14:25-14:40 窗口，收盘前检查点）
早盘信号文件: 存在（每日信号.md，5条早盘+1条盘中追加=6条）
持仓同步: 成功（sync_holdings_cloud.py PULLED，持仓 5 项：宁波银行400/航空1400/电网7900/黄金2600/工行1500，可用 37629 元）
数据获取:
  - 市场快照: 成功（腾讯财经：三大指数+科创50+持仓+信号标的+关注列表，14:31数据时点）
  - 北向资金: 不可用（hsgtApi 数据异常 list index out of range，仅陈旧快照，降级盘面监控）
  - 板块扫描: 成功（push2ex 涨停池81/炸板6(6.9%)/跌停0/最高7板 + 同花顺热榜15条；东财行业排名 push2 clist 恢复——农林牧渔+4.0%领涨[105涨8跌]/元件-3.16%领跌，商贸零售+2.78%/数字媒体+3.52%/影视院线+3.12%活跃）
  - 资金面: 不可用（push2 fflow 全部断连 RemoteDisconnected，14:00 部分恢复后再次断连，持仓+关注 6 标的均无法取数 → 资金面降级，以量价+板块结构替代）
  - 晋级率: 22.7%（昨涨停 88 → 今仍涨停 20，东财昨涨停池口径，沿用 13:33/14:00 数据）<30% 传媒不升级
  - 突发消息: 无新增重大消息检测（热榜题材延续：玉米/粮食/短剧游戏/PCB/煤化工/租售同权/算力租赁，无全新题材）
信号验证: 6条（监控中1条待执行 + 已触发2条复验 + 已取消2条不重复验证 + 盘中追加1条尾盘复核）
  - SIG-01 黄金: 待执行维持（9.119(-0.18%)量比0.65持续萎缩[14:00 0.68→14:30 0.65]，未放量未破9.0[低9.108]，9.0防线守住；窗口进度94.1%（301/320min）>75%但P0豁免75%过期检查，保留至14:50窗口结束；14:45前若放量破9.0必须强制执行）
  - SIG-02 普跌否决: 已触发 → 维持解除（14:30尾盘复核：上证3981.01 -0.13%[14:00 +0.07%翻红后回落]/深证-0.97%/创业板-1.24%/科创50-2.08%较14:00全线走弱为尾盘获利回吐，但涨停81[14:00 77↑]/炸板率6.9%[14:00 8.3%↓]/跌停0[14:00 1只→清零]+行业结构性活跃[农林牧渔+4.0%/数字媒体+3.52%领涨]→非系统性普跌→否决维持解除；科创50深跌+抽血未消化→科技方向维持谨慎）
  - SIG-03 打新抽血: 已触发维持（512480 1.030(-2.65%仍>1.5%)量比0.94连续第3检查点<1.2[13:30 0.96→14:00 0.97→14:30 0.94]，跌幅较14:00 -2.17%重新加深0.48pp，元件行业-3.16%领跌全市场；缩量阴跌抽血动能持续衰减但未消化[尾盘加剧]；风控维持不新增科技仓位/不追高，SIG-05维持作废，转收盘复盘确认）
  - SIG-04 电网正T: 已取消（午后路径证伪作废，14:30不重复验证；电网ETF 1.657(-0.78%)行业电网设备+0.16%微涨，信号已作废不恢复）
  - SIG-05 半导体建仓: 已取消（SIG-03抽血未消化+未站稳昨收，不重复验证）
  - SIG-06-盘中 农业: 已触发待用户执行（14:30尾盘复核：0.766(+1.73%)量比1.45[14:00 1.55微降]仍站稳0.76✓，未破0.74证伪线[低0.748距止损0.5%]；农林牧渔+4.0%继续领涨+种植业涨停潮延续[金健米业热榜第1/万向德农6天6板]→维持已触发；窗口13:30-14:50剩余约20分钟，用户需在14:50前决策）
盘中新信号: Tier1（北向不可用/无新板块涨停潮[种植业/粮食链延续已通过SIG-06覆盖]/持仓ETF无止损触发[最大跌幅电网-0.78%]/无新突发重大消息/无V型反转）；Tier2（持仓ETF量比均<3[黄金0.65/电网0.65/航空0.97/工行1.19/宁波1.19]/fflow全断连无法验证资金流入/clist恢复但农林牧渔领涨+元件领跌为延续性非新板块跃升/热榜无全新题材）；银行512800量比1.16<1.5不追加（但主力+40.23亿5连净流入+创历史新高，防御加仓转收盘复盘评估）；传媒晋级率22.7%<30%不升级 → Tier3默认"当前无新增信号机会"
隔夜风险评估（14:30检查点特殊职责）: 无P0止损触发（SIG-01 9.0未破）→ 无强制尾盘操作；黄金2,600份底仓无杠杆（9.0防线未破隔夜风险可控）、电网7,900份浮亏底仓不动（1.65支撑未破）、工行/宁波银行浮盈+银行板块创历史新高（防御属性隔夜风险低）、航空ETF无杠杆——整体隔夜仓位无需调整；半导体链隔夜外盘风险最高（科创50-2.08%+元件-3.16%领跌）但无持仓暴露，无需操作
信号状态汇总: 待执行1（SIG-01）/ 已触发3（SIG-02解除/SIG-03维持/SIG-06-盘中待执行）/ 已取消2（SIG-04证伪/SIG-05）
75%窗口过期检查: SIG-01为P0豁免（窗口94.1%>75%但保留至14:50）；SIG-02/03窗口已过或全天豁免；SIG-04/05已取消；SIG-06-盘中窗口13:30-14:50内 → 无新过期
触发/过期/取消/升级: 0 / 0 / 0 / 0（本检查点无新触发——SIG-01未触发，SIG-06已在13:33触发）
错误: 无
警告:
  - push2 fflow 主力资金流全部断连（14:00 部分恢复后再次断连 RemoteDisconnected），资金面降级（以量价+板块结构替代）
  - 北向资金不可用（hsgtApi 数据异常 list index out of range，仅陈旧快照），降级盘面监控
  - SIG-06-盘中 为盘中追加 P1 建仓信号，尾盘剩余窗口约 20 分钟（13:30-14:50），需用户确认是否执行（建仓 12,200 份 ≈ 9,400 元，目标+5% 0.805/止损-3% 0.744，破 0.74 证伪作废）
  - SIG-01（P0 黄金减仓）为 14:50 窗口最后一检：14:45 前若放量跌破 9.0 必须强制执行减 1,300 份，未触发则转收盘复盘确认
========================================
