========================================
盘中检查(13:30)自动执行日志
========================================
日期: 2026-09-01
执行开始: 13:30:30 CST
执行结束: 13:35:00 CST
状态: 成功
检查点: 13:30（13:25-13:40 窗口）
早盘信号文件: 存在（每日信号.md，5条早盘+1条盘中追加=6条）
持仓同步: 成功（sync_holdings_cloud.py PULLED，持仓 5 项：宁波银行400/航空1400/电网7900/黄金2600/工行1500，可用 37629 元）
数据获取:
  - 市场快照: 成功（腾讯财经：三大指数+科创50+持仓+信号标的+关注列表，13:31-13:33数据时点）
  - 北向资金: 不可用（hsgtApi 陈旧快照 09:44 hgt+2.25/sgt379.75，降级盘面监控）
  - 板块扫描: 部分成功（push2ex 涨停池75/炸板6(7.4%)/跌停1/最高7板 + 同花顺热榜15条；东财行业排名 push2 clist 间歇断连 → 前200板块全涨（涨3628/跌574）+ 13:31 行业汇总涨6991/跌5433 广度转多；领涨视频媒体+20.02%/种子+11.79%/种植业+8.0%，领跌半导体材料-4.04%/设备-3.09%/PCB-3.0%）
  - 资金面: 不可用（push2 fflow 全部断连 RemoteDisconnected，持仓+关注 7 标的均无法取数 → 资金面降级，以量价+板块结构替代）
  - 晋级率: 22.7%（昨涨停 88 → 今仍涨停 20，东财昨涨停池口径）<30% 传媒不升级
  - 突发消息: 无新增重大消息检测（东财新闻/全球资讯未发现改变信号判断的新催化）
信号验证: 6条（监控中1条待执行 + 已触发2条复验 + 已取消2条不重复验证 + 盘中追加1条）
  - SIG-01 黄金: 待执行维持（9.125(-0.11%)量比0.68持续萎缩[1.37→0.97→0.86→0.78→0.68]，未放量未破9.0[低9.108]，9.0防线守住；窗口进度75%（240/320min）未过75%过期线，继续监控）
  - SIG-02 普跌否决: 已触发 → 13:30解除（上证-0.01%基本回平/深证-0.70%/创业板-0.86%较11:00 -1.30%大幅收窄/科创50-1.82%；行业涨6991>跌5433广度转多；涨停75[11:00 63↑]/炸板率7.4%/跌停1 → 普跌结构逆转非系统性普跌 → 解除取消T限制；科创50仍深跌+半导体抽血未消化→科技方向维持谨慎）
  - SIG-03 打新抽血: 已触发维持（512480 1.032(-2.46%仍>1.5%)量比0.96回落<1.2[2.03→2.01→1.46→1.22→0.96]，放量下跌转缩量阴跌→抽血动能衰减但未消化；风控维持不新增科技仓位/不追高，SIG-05维持作废，14:00复核）
  - SIG-04 电网正T: 已取消（午后路径证伪作废：低1.648破1.65证伪线+量比0.77未放量+现价1.661仅微高于均价1.660未站稳 → 三条件不满足作废，不再评估）
  - SIG-05 半导体建仓: 已取消（SIG-03抽血未消化+未站稳昨收1.058+未>1.06，打新抽血日不建仓科技）
  - SIG-06-盘中 农业: 盘中追加已触发（0.767(+1.86%)量比1.76放量站稳0.76+种植业涨停7只[万向德农6板/新赛股份4板/福建金森3板等]+普跌否决13:30解除 → 升级条件连续第4检查点全部满足 → 追加P1建仓12,200份(可用×1/4≈9,400元)，目标+5%/止损-3%，破0.74证伪）
盘中新信号: Tier1（北向不可用/种植业7+一般零售6涨停潮为延续非新信号[农业已通过SIG-06升级覆盖]/持仓ETF无止损触发/无新突发重大消息/无V型反转）；Tier2（持仓ETF量比均<3/fflow断连无法验证资金流入/行业排名农业链轮动强化非新机会/热榜无全新题材）；银行512800量比1.23<1.5不追加；传媒晋级率22.7%<30%不升级 → 除SIG-06-盘中升级外，Tier3默认"无新增信号机会"
信号状态汇总: 待执行1（SIG-01）/ 已触发3（SIG-02解除/SIG-03维持/SIG-06-盘中）/ 已取消2（SIG-04证伪/SIG-05）
75%窗口过期检查: SIG-01为P0豁免；SIG-02/03窗口已过或全天豁免；SIG-04/05已取消；SIG-06-盘中新追加 → 无新过期
触发/过期/取消/升级: 1（SIG-06-盘中触发） / 0 / 0 / 1（农业升级）
错误: 无
警告:
  - push2 clist 行业排名间歇断连（RemoteDisconnected），行业汇总涨跌家数为部分页（486/496板块）+ 前200板块全涨，广度判断依赖此降级口径
  - push2 fflow 主力资金流全部断连，资金面降级（以量价+板块结构替代）
  - 北向资金仅陈旧快照（09:44），降级盘面监控
  - SIG-06-盘中 为盘中追加 P1 建仓信号，需用户确认执行（建仓 12,200 份 ≈ 9,400 元，止损 0.74）
========================================
