[2026-09-01 10:38] 盘中检查 10:30 检查点执行完成
  状态: completed | 检查点: 10:30 (10:25-10:40 窗口) | 交易日: 2026-09-01 周二
  数据时点: 2026-09-01 10:30-10:35 CST (腾讯财经/东财push2ex涨停池/同花顺热榜/hsgtApi; push2 clist行业排名恢复; push2 fflow资金流全部断连; 北向不可用降级)

  市场快照:
    上证 3979.10 (-0.18%) | 深证 13858.79 (-1.11%) | 创业板 3376.48 (-1.81%) | 科创50 1647.11 (-2.21%)
    北向: 不可用(hsgtApi仅09:44陈旧快照 hgt+2.25/sgt+379.75为8/31数据), 降级盘面监控
    行业汇总: 涨4659/跌4830 (10:35, 转跌多于涨, 跌>3000阈值) | 领涨: 农林牧渔+4.17% 商贸零售+2.53% 数字媒体+2.45% 食品饮料+2.31% 煤炭+2.31% 出版+2.29% 影视院线+1.99% | 领跌: 元件-3.55% 其他电子Ⅱ-2.42% 通信设备-1.78% 仪器仪表-1.73% 塑料-1.64% 通信-1.34%
    打板: 涨停56 炸板6(炸板率9.7%) 跌停1 | 最高7连板(海鸥住工) | 涨停行业: 种植业7 一般零售6 汽车零部4 出版3 农产品加3 影视院线2 家居用品2 数字媒体2 通信设备2 多元金融2
    晋级率: 17.0% (昨涨停88→今晋级15)
    题材热度(同花顺TOP10): 芒果超媒20cm2天2板(短剧) 中国巨石(PCB) 金螳螂 金健米业(粮食12天7板) 金牛化工 我爱我家3天2板(地产) 康盛股份(算力租赁6天4板) 神奇制药14天7板 浪潮信息(英伟达) 赤天化(化肥)
    主力资金: push2 fflow 全部断连 (RemoteDisconnected), 无法验证
    新闻: 无农业/持仓相关突发; 杭州金融科技政策/智神星一号首飞/社保基金收益率13.22%等常规消息

  持仓ETF (10:30):
    黄金518880: 9.134(-0.01%) 量比0.86 高9.156 低9.124 — 企稳, 量比持续萎缩(09:40 1.37→10:00 0.97→10:30 0.86), 未放量未破9.0
    电网159326: 1.654(-0.96%) 量比0.97 高1.673 低1.654 — 未站1.70, 10:30未企稳下跌中, 低1.654破10:00低1.655支撑, 距1.65证伪线仅0.24%
    航空159227: 1.014(-0.10%) 量比1.66 | 工行601398: 8.11(+0.50%) 量比1.88 | 宁波002142: 34.43(+0.91%) 量比1.64 (银行防御走强)
  信号标的: 半导体512480 1.031(-2.55%) 量比1.46 高1.058 低1.030 — 跌幅继续加深(10:00为-2.08%), 打新抽血压制持续
  关注列表: 传媒512980 0.844(+0.36%) 量比5.34 | 农业159825 0.771(+2.39%) 量比3.11 高0.774 站稳0.76上方 | 银行512800 0.838(+1.09%) 量比2.06

  信号验证 (5条, 10:30-10:35):
    已触发 2 条 (复核确认+持续):
      SIG-02(P0普跌否决): 10:30复核——行业汇总跌4830>涨4659(转跌多于涨, 09:40涨多跌少5,456:4,034→10:35反转), 指数全线收跌(上证-0.18%/深证-1.11%/创业板-1.81%/科创50-2.21%, 科创50较10:00 -1.68%加深至-2.21%); 虽涨停56/炸板率9.7%/跌停1为结构性分化, 但广度转弱+指数普跌 → 否决维持(取消全部T), 11:00复核
      SIG-03(P0打新抽血): 512480现价1.031(-2.55%<-1.5%) 且量比1.46>1.2 → 持续触发, 跌幅从-2.08%加深至-2.55%; 元件-3.55%/通信设备-1.78%硬件领跌; 不新增科技仓位/不追高; SIG-05维持作废
    已取消 2 条 (维持):
      SIG-04(P1电网正T): SIG-02否决维持→互斥维持取消; 主路径未满足(现价1.654未站1.70 + 10:30未企稳下跌中; 低1.654破10:00低1.655支撑, 距1.65证伪线0.24%); 13:30午后路径保留观察(站稳均价+放量+未破上午高点才评估)
      SIG-05(P1半导体建仓): SIG-02+SIG-03双否决维持取消; 现价1.031<1.06触发线且跌破昨收1.058; 打新抽血未消化跌幅加深, 不建仓科技
    待执行 1 条:
      SIG-01(P0黄金减仓): 9.134(-0.01%) 量比0.86 未放量(量比<1.5)且未破9.0 → 未触发, 9.0防线守住, 窗口进度20.3%(65/320min)<75%不过期, 窗口09:30-14:50继续监控

  新信号扫描: Tier 1 板块涨停潮持续(种植业7只: 万向德农11天8板/新赛股份4天4板/农发种业/敦煌种业3天2板/神农种业20cm/金健米业12天7板/福建金森3天3板; 一般零售6只) → 但普跌否决日(SIG-02复核维持)不追加(8/31先例); 北向不可用; 无持仓止损触发(黄金未破9.0/电网未破1.65); 无重大突发消息; 无V型反转; Tier 2 持仓ETF量比均未超3(航空1.66/工行1.88/宁波1.64/电网0.97/黄金0.86), fflow全部断连无法验证持续流入, 行业排名恢复——农林牧渔+4.17%领涨/元件-3.55%领跌为农业链轮动(关注列表标的非新机会), 热榜无全新题材(短剧/AI视频/PCB/粮食/化肥延续) → 无追加; 关注列表升级评估: 农业(0.771站稳0.76+量比3.11+种植业7板✓升级条件连续2检查点全满足, 但普跌否决日不追加, 若11:00否决解除立即追加SIG-06-盘中), 银行(半导体-2.55%<-1%+量比2.06✓条件满足但普跌否决日不追加), 传媒(晋级率17%<30%✗不升级, 第3日降温兑现) → 均观察, 11:00复核 → 当前无新增信号机会(Tier 3, 普跌否决日)
  75%窗口过期检查: SIG-01为P0全天窗口豁免且窗口进度20.3%<75%; SIG-02/03已触发; SIG-04/05已取消 → 无新过期
  触发/过期/取消/升级: 0新触发 / 0 / 0 / 0

  🚨 需执行操作 (2条P0风控, 触发待确认遵守):
    - SIG-20260901-02: 全市场 普跌否决 — 10:30复核维持: 取消全部T操作(今日不新开T/不追高; SIG-04电网正T/SIG-05半导体建仓维持取消); 11:00检查点复核
    - SIG-20260901-03: 半导体/科技(512480) — 维持不新增科技仓位/不追高 (512480现价1.031 -2.55% 量比1.46, 打新抽血+硬件领跌, 跌幅继续加深)

  ⚠️ 提示: ① SIG-02普跌否决10:30复核维持: 行业涨跌家数转跌多于涨(涨4659/跌4830)+科创50跌幅加深至-2.21%, 广度转弱, 否决不解除; ② SIG-03打新抽血持续加深(-2.55%), 半导体弱势延续, 不追高科技; ③ SIG-01黄金9.134(-0.01%)量比0.86持续萎缩, 9.0防线安全, 未放量不触发; ④ 农业159825升级条件连续2个检查点全部满足(0.771站0.76+量比3.11+种植业7板)但普跌否决日不追加——若11:00否决解除立即追加P1(SIG-20260901-06-盘中, 预期触发率40%/目标+3%止损-2%), 用户需知晓此机会; ⑤ 农林牧渔+4.17%领涨全市场, 农业链为结构性主线, 与普跌指数背离(结构性分化日); ⑥ 涨停56/炸板率9.7%/跌停1情绪活跃, 但广度转弱+指数普跌, 系统性弱势仍占主导维持谨慎; ⑦ 电网159326低1.654破1.655支撑, 距1.65证伪线仅0.24%, 午后路径需站稳均价+放量才评估; ⑧ 北向不可用, push2 fflow全部断连, clist行业排名恢复; ⑨ 8/31教训: 上午方向≠全天方向, 普跌否决日维持至下午确认
