[2026-09-01 09:45] 盘中检查 09:40 检查点执行完成
  状态: completed | 检查点: 09:40 (09:35-09:50 窗口) | 交易日: 2026-09-01 周二
  数据时点: 2026-09-01 09:40-09:45 CST (腾讯财经/东财push2ex/push2 clist行业/同花顺热榜/hsgtApi; push2 fflow资金流断连; 北向不可用降级)

  市场快照:
    上证 3984.23 (-0.05%) | 深证 13954.22 (-0.43%) | 创业板 3408.77 (-0.87%)
    北向: 不可用(hsgtApi仅09:44陈旧快照 hgt+2.25/sgt379.75为8/31数据), 降级盘面监控
    行业汇总: 上涨5,456/下跌4,034 (口径含重复计数, 同8/31; 涨多跌少)
    领涨行业: 数字媒体+3.61% 农林牧渔+2.92% 广告营销+2.46% 商贸零售+2.37% 出版+2.26% 影视院线+1.86% (传媒/AI应用+农业+零售大消费)
    领跌行业: 元件-2.34% 其他电子Ⅱ-1.53% 塑料-0.94% 通信设备-0.90% 仪器仪表-0.86% (算力硬件/电子链杀跌)
    打板: 涨停33 炸板5(炸板率13.2%) 跌停1 | 涨停行业: 一般零售6 种植业3 农产品加3 影视院线2 家居用品2 游戏Ⅱ2 数字媒体2
    题材热度(同花顺TOP10): 短剧/AI视频(芒果超媒20cm2天2板/中文在线+8.4%) 粮食(金健米业12天7板/万向德农11天8板) 零售(国芳集团3天3板) PCB(中国巨石热度第1) 算力租赁(康盛股份6天4板)
    主力资金: 0只可用 (push2 fflow 全部断连 RemoteDisconnected, 含512480/518880/159326)

  持仓ETF (09:40):
    黄金518880: 9.137(+0.02%) 量比1.37 高9.146 低9.124 — 企稳, 未放量未破9.0
    电网159326: 1.664(-0.36%) 量比1.92 高1.673 低1.655 — 未站1.70, 1.65支撑未破
    航空159227: 1.016(+0.10%) 量比2.18 高1.017 低1.01 | 工行601398: 8.12(+0.62%) 量比3.35 | 宁波002142: 34.39(+0.79%) 量比2.65 (银行防御走强)
  信号标的: 半导体512480 1.041(-1.61%) 量比2.03 高1.058 低1.040 — 算力硬件领跌, 打新抽血+东京电子映射压制
  关注列表: 传媒512980 0.856(+1.78%) 量比12.35 异常放大 | 农业159825 0.763(+1.33%) 量比4.41 高0.765 突破0.76 | 银行512800 0.838(+1.09%) 量比3.03

  信号验证 (5条, 09:40-09:45):
    已触发 2 条:
      SIG-02(P0普跌否决): 开盘30分钟窗口内行业汇总下跌4,034只>3,000阈值(8/31同款口径; 跌停仅1家<100) → 已触发(临界): 口径含重复计数, 保守折算约2,500只, 且涨多跌少(5,456:4,034)+指数微跌(上证-0.05%)+跌停仅1家→结构性分化非系统性普跌; 按规则口径判定触发, 10:00检查点以窗口完整数据复核; 取消全部T操作
      SIG-03(P0打新抽血): 512480现价1.041(-1.61%<-1.5%) 且量比2.03>1.2 → 已触发, 不新增科技仓位/不追高; SIG-05作废
    已取消 2 条:
      SIG-04(P1电网正T): SIG-02普跌否决触发→互斥取消; 叠加现价1.664未站1.70硬门槛(距-2.2%) → 已取消(普跌否决), 1.65支撑未破; 10:00复核否决撤销则10:30重新评估
      SIG-05(P1半导体建仓): SIG-02+SIG-03双否决取消; 现价1.041<1.06触发线且跌破昨收1.058 → 已取消, 打新抽血日不建仓科技
    待执行 1 条:
      SIG-01(P0黄金减仓): 9.137(+0.02%) 量比1.37 未放量(量比<1.5)且未破9.0 → 未触发, 9.0防线守住, 窗口09:30-14:50继续监控

  新信号扫描: Tier 1 板块涨停潮出现(一般零售6只: 国芳集团3板/新华百货8天4板/茂业商业等; 传媒链7只: 芒果超媒20cm2板/掌阅科技/欢瑞世纪/中广天择/大晟文化/凯撒文化/粤传媒) → 但普跌否决日(SIG-02触发)不追加(8/31先例: 地产链8家涨停潮普跌否决日不追加); 北向不可用; 无持仓止损触发(黄金未破9.0/电网未破1.65); 无重大突发消息(手机调价/出版零售走强为行业消息); 无V型反转; Tier 2 持仓ETF量比均未超3(航空2.18/电网1.92/黄金1.37), push2 fflow断连无法验证持续流入, 热榜无全新题材(PCB/短剧/英伟达/AI视频延续) → 无追加; 关注列表升级评估: 传媒(晋级率14.8%<30%✗不升级, 第3日降温兑现), 农业(0.763破0.76+量比4.41+种植业3板✓条件满足但普跌否决日不追加), 银行(半导体<-1%+量比3.03✓条件满足但普跌否决日不追加) → 均观察, 10:00复核 → 当前无新增信号机会(Tier 3, 普跌否决日)
  75%窗口过期检查: SIG-01为P0全天窗口豁免; SIG-02/03已触发; SIG-04/05已取消 → 无新过期
  触发/过期/取消/升级: 2 / 0 / 2 / 0

  🚨 需执行操作 (2条P0风控, 触发待确认遵守):
    - SIG-20260901-02: 全市场 普跌否决 — 取消全部T操作(今日不新开T/不追高; 已联动取消SIG-04电网正T/SIG-05半导体建仓); 10:00检查点复核
    - SIG-20260901-03: 半导体/科技(512480) — 不新增科技仓位/不追高 (512480现价1.041 -1.61% 量比2.03, 打新抽血+算力硬件领跌)

  ⚠️ 提示: ① SIG-02普跌否决按8/31同款行业汇总口径临界触发(跌4,034>3,000), 但今日涨多跌少(5,456:4,034)+指数微跌+跌停仅1家→结构性分化非系统性普跌, 保守折算约2,500只不足阈值, 10:00检查点以窗口完整数据复核, 若否决撤销SIG-04恢复10:30评估; ② SIG-03打新抽血触发: 半导体-1.61%量比2.03, 算力硬件领跌(创业板-0.87%), 不追高科技; ③ SIG-01黄金企稳9.137(+0.02%)量比1.37, 9.0防线守住, 未放量不触发, 继续监控; ④ 传媒晋级率14.8%(13/88)<30% → "第3日降温"风险兑现, 不追加传媒信号(虽量比12.35异常); ⑤ 农业159825放量突破0.76(量比4.41)+种植业3板, 银行512800量比3.03, 升级条件均满足但普跌否决日不追加, 10:00复核; ⑥ 一般零售6只涨停潮(大消费/商超)为今日新主线观察, 普跌否决解除后再评估; ⑦ 涨停33/炸板率13.2%/跌停1情绪中性, 结构分化明显(传媒农业零售强/算力硬件电子弱); ⑧ 北向不可用, push2 fflow资金流全部断连, 行业排名push2 clist本次恢复
