========================================
早盘分析自动执行日志
========================================
日期: 2026-09-01
执行开始: 09:07:14 CST
执行结束: 09:2x:xx CST
状态: 成功
Staging文件: 存在（1.3d action=use，8/31 收盘复盘生成）
数据获取:
  - 海外市场: 部分成功（腾讯海外指数不可达，WebSearch 综合：美股8/31三大指数收跌道指-300点/芯片逆市反弹/布油>90/金价两周低位；日韩9/1低开KOSPI-0.52%/日经-0.64%；A50平开+0.01%；CNH升值129点）
  - A股催化剂: 部分成功（同花顺热点8/31题材：AI短剧/AI应用/光模块PCB/存储/算力/端侧AI；push2不可达→板块排名用腾讯批量行情自算）
  - 资金面与情绪: 部分成功（涨停88/炸板30(25.4%)/跌停11/最高6板[push2ex]；两融工行个股代理；北向不可用陈旧快照）
  - 事件日历: 部分成功（8月官方PMI 49.8发酵/长鑫打新/贝特利+马矿上市/电科思仪缴款/金帝股份解禁；财新PMI待确认）
信号生成: 5 条 (P0: 3 P1: 2)
报告产出: 早盘报告.md, 每日信号.md
错误: 无
警告:
  - push2/push2his 不可达，板块排名/资金流为替代数据或估算
  - 北向不可用（hsgt 陈旧快照），普跌否决承接一票否决职能
  - 融资融券市场级数据缺失，用工行个股样本代理
  - 1.3c staging 持仓表解析含做T建议文本，持仓以 config/持仓.md 为权威来源
========================================
