[2026-09-08 09:48] 盘中检查 09:40 检查点执行完成
  状态: completed | 检查点: 09:40 (09:35-09:50 窗口) | 交易日: 2026-09-08 周二
  数据时点: 2026-09-08 09:40-09:48 CST (腾讯财经/东财push2ex打板四池/东财push2 clist行业[首次RemoteDisconnected重试成功]/同花顺热榜/hsgtApi/东财全球资讯; push2 fflow全断连)
  持仓校验: 本地持仓文件存在（宁波002142 400份/航空159227 1400份/电网159326 7900份/黄金518880 2600份/工行601398 1500份; 可用 37629元）——TOS云端同步已下线，本地文件为权威源

  市场快照:
    上证 3942.39 (+0.25%) | 深证 13774.95 (+0.00%) | 创业板 3388.54 (-0.30%) | 科创50 1600.43 (-0.93%)
    形态: 权重红盘 vs 科技回调分化——上证放量(量比3.17)红盘, 深证平盘, 创业板/科创50 回调(科创50 -0.93% 领跌, 高1615.24回落), 与9/7科技领涨风格切换
    广度: 行业汇总——领涨 出版+4.32%(涨27跌0) 教育+2.84% 农林牧渔+2.16%(涨90跌19) 农化制品+1.89% 煤炭+1.81%(涨32跌0) 广告营销+1.60% 传媒+1.57%; 领跌 其他电子Ⅱ-1.14% 电机Ⅱ-1.03% 半导体-1.02%(涨26跌157) 其他电源设备Ⅱ-1.02% 电子化学品Ⅱ-0.96% 消费电子-0.93% 塑料-0.81% 汽车零部件-0.70% 电子-0.66%
    北向: 不可用(hsgt 09:44陈旧快照 hgt+2.25/sgt+379.75为历史缓存, 非当日实时), 降级盘面监控
    打板: 涨停31 炸板7(炸板率18.4%) 跌停1 | 晋级率16.1%(15/93, <30% 题材延续性弱) | 连板梯队: 7板1 4板3 3板3 2板8 1板16
    涨停行业TOP: 通信设备4 出版4 小家电2 一般零售2 种植业2 教育2 农产品加工2 元件2
    题材热度(同花顺TOP10): 金健米业#1/亚盛集团#2(玉米/粮食概念) 国芳集团/龙版传媒(IP经济谷子经济) 百大集团(物业管理/信托) 摩尔线程(科创次新/芯片) 中粮糖业(乡村振兴) 中京电子/剑桥科技/中际旭创(CPO/先进封装) — 无全新题材
    全球资讯: 科创50指数跌幅扩大至1%; 恒生科技-1%; 港股光通信走强剑桥科技涨超8%(两连板); 6G概念走强武汉凡谷涨停; 摩尔线程跌超10%; CPO持续活跃; 传媒板块延续强势中国出版3连板; 房地产我爱我家涨停; 无持仓直接重大负面
    主力资金(fflow 09:47): 仅159326 +4,375万可用; 518880/601398/512480等全部断连(间歇风控)

  持仓/信号标的 (09:40-09:48):
    黄金518880: 9.108(+0.93%) 量比1.47 高9.118 低9.102 — 9.0防线未破(现价距+1.2%), 开盘高开无忧, 与早盘预判一致
    工行601398: 7.99(+0.25%) 量比1.77 高8.02 低7.96 — 🚨 开盘反弹区8.00-8.02已到达(高8.02精确触及), 现价7.99贴区下沿; P0补执行条件满足
    半导体512480: 0.995(-0.70%) 量比1.8 高1.005 低0.993 — 现价处0.99-1.0区间, 但半导体行业-1.02%(涨26跌157)回调
    通信515880: 0.683(+0.89%) 量比3.63 高0.688 低0.673 — 放量(量比3.63)但板块+1.28%未达+2%; 通信设备4涨停
    电网159326: 1.655(+0.06%) 量比2.39 高1.662 低1.648 — 1.70硬门槛未站(距-2.7%); 电网设备行业-0.4%(涨33跌100); 主力+4,375万
    宁波002142: 34.19(+0.18%) 量比1.35 高34.28 低34.05 — 回稳34.07上方(9/7破位后修复), 未触发额外纪律
    航空159227: 1.037(+1.07%) 量比2.68 高1.039 低1.023 — 温和反弹
  关注列表(以9/7上下文+信号文件替代缺失的早盘报告): 农业159825 0.782(+0.90%) 量比3.46 不升级(见信号验证) | 光通信已SIG-04覆盖 | 电力159611 1.039(+0.39%) 量比1.44 | 军工512660 1.16(+0.78%) 量比2.45 | 汽车516110 1.092(-1.00%) 量比3.89

  信号验证 (5条, 09:40-09:48):
    已触发 1 条 | 已过期 0 条(新增) | 待执行维持 4 条 | 盘中追加 0 条
      SIG-01(P0黄金减仓评估,待执行): 9.108(+0.93%)量比1.47 低9.102 9.0防线未破(现价距+1.2%) → 未触发; 开盘高开无忧与早盘预判一致; 贵金属方向无利空资讯, 继续监控
      SIG-02(P0工行减1/3补执行,已触发): 🚨 7.99(+0.25%) 高8.02精确触及MA5/反弹区8.00-8.02, 现价7.99贴区下沿; 证伪条件(放量站稳8.02+银行ETF>+0.8%)未满足 → 触发条件满足 → 已触发; 立即执行减1/3(500份)@7.99-8.02锁利, P0执行率100%纪律, 不拖(9/2+9/7两次缺失教训REQ-007)
      SIG-03(P1半导体建仓,待执行): 窗口10:30未到(现09:48); 现价0.995处0.99-1.0回踩区间但半导体行业-1.02%回调(9/7领涨今日领跌), 量比1.8 — 窗口内复核, 若窗口内放量站稳1.0+科创50转正则解除纪律
      SIG-04(P1通信建仓,待执行): 窗口13:30未到; 0.683(+0.89%)量比3.63放量+通信设备4涨停+港股光通信强(剑桥两连板)但板块+1.28%未达+2% → 窗口内复核(13:30-14:30)
      SIG-05(P1电网正T,待执行): 窗口10:30未到; 1.655(+0.06%) 1.70硬门槛未站(距-2.7%)+电网设备行业-0.4% → 窗口内复核, 主力+4,375万为唯一可用正流入信号
    75%窗口过期检查: SIG-01/02(09:30-14:45)进度约6%<75%; SIG-03(10:30后)/SIG-04(13:30-14:30)/SIG-05(10:30-11:30)窗口未开 → 无新过期
    触发/过期/取消/升级: 1 / 0 / 0 / 0(早盘信号); 盘中追加 0

  新信号扫描: Tier 1: 北向不可用无法验证逆转; 板块涨停潮无>5(最高通信设备4/出版4); 持仓无止损触发(全持仓红盘或微动); 突发消息均对既有信号方向(科创50回调→SIG-03风险/CPO光通信强→SIG-04催化/传媒IP经济与持仓无直接关联); 无V型反转(无指数急跌3%+) → 无强信号 | Tier 2: 关注列表农业升级条件不满足(159825 +0.90%<+1.5% 价格硬条件✗ + 农业链涨停4只<5✗, 尽管农林牧渔+2.16%领涨+粮食概念热榜#1#2); 光通信/通信设备已SIG-04覆盖不重复追加; 持仓ETF量比无>3(最高航空2.68)/无<0.3; fflow全断连无法验证连续3个5分钟净流入>1000万; 无全新题材标签(粮食/IP经济/CPO/乡村振兴均旧题材); 关联品种: 恒生科技-1%/港股光通信强已传导至SIG-04方向 → 无新机会 | Tier 3 → 当前无新增信号机会

  需用户关注:
    🚨 工行SIG-02 P0已触发: 开盘反弹区8.00-8.02已到达(高8.02), 现价7.99贴区下沿, 请立即执行减1/3(500份)@7.99-8.02锁利——P0执行率100%纪律(9/2+9/7两次缺失教训REQ-007), 不拖到午后
    ⚠️ 风格切换: 科技硬件(半导体-1.02%/消费电子-0.93%/电子-0.66%)回调 vs 传媒IP经济+农业+红利(出版+4.32%/农林牧渔+2.16%/煤炭+1.81%)走强——SIG-03半导体建仓窗口(10:30)需结合科创50是否转正复核
    ⚠️ 农业主线走强(农林牧渔+2.16%领涨+粮食概念热榜#1#2)但ETF升级条件未达(+0.90%<+1.5%/涨停4<5), 观察不追
    ⚠️ 早盘报告.md缺失(仅每日信号.md存在): 关注列表量化升级条件无法原文核对, 本检查以信号文件+9/7上下文替代, 建议补查

  无需执行操作: SIG-01未触发(9.0防线未破); SIG-03/04/05窗口未开; 无Tier1/2新增信号

  ⚠️ 提示: ① 今日09:40为本日首次盘中检查执行(9/7 09:40/10:00空档, 自动化恢复); ② 数据限制: push2 clist首次RemoteDisconnected重试成功, fflow全断连(仅159326可用), hsgt北向陈旧09:44快照(断供持续); ③ 涨停31/晋级率16.1%情绪较9/7(涨停93/晋级率33.3%)显著降温, 题材延续性弱, 追高风险大; ④ 科创50 -0.93%与9/7 +2.42%反差——半导体SIG-03回踩窗口(10:30)注意科创50转正确认, 未转正纪律不解除
