[2026-09-08 11:05] 盘中检查 11:00 检查点执行完成
  状态: completed | 检查点: 11:00 (10:55-11:10 窗口, 午前最后一次) | 交易日: 2026-09-08 周二
  数据时点: 2026-09-08 11:02-11:06 CST (腾讯财经/东财push2ex打板四池/同花顺热榜/hsgtApi/东财全球资讯; push2 clist行业排名持续RemoteDisconnected风控降级[以涨停行业分布替代], push2 fflow全断连)
  持仓校验: 本地持仓文件存在（宁波002142 400份/航空159227 1400份/电网159326 7900份/黄金518880 2600份/工行601398 1500份; 可用 37629元）——TOS云端同步已下线，本地文件为权威源

  市场快照:
    上证 3944.30 (+0.29%) | 深证 13782.98 (+0.06%) | 创业板 3395.84 (-0.08%) | 科创50 1609.14 (-0.40%)
    形态: 午前高位震荡分化——10:30 全面翻红(科创50 +0.44%)后科技冲高回落(科创50 →-0.40%, 创业板→-0.08%转绿), 上证权重微红(+0.29%)非跷跷板; 上证量比1.51/深证1.51/科创50 1.36 量能维持
    广度: push2 clist断连无法获取行业汇总(以涨停行业分布替代: 农化制品6/通信设备5/种植业4/出版4/综合Ⅱ3/元件3/房地产开3)
    北向: 不可用(hsgt 15:00陈旧快照 hgt-9.28/sgt+379.75非当日实时), 降级盘面监控
    打板: 涨停63 炸板13(炸板率17.1%) 跌停0 | 最高7连板 | 连板梯队: 7板1 4板3 3板3 2板15 1板41
    涨停行业TOP: 农化制品6(泸天化/川发龙蟒/金正大/赤天化/和邦生物/潞化科技) 通信设备5 种植业4 出版4 综合Ⅱ3 元件3 房地产开3 一般零售2 化学原料2 教育2 农产品加2 化学制品2 光学光电2 电网设备2 化学制药2
    题材热度(同花顺TOP10): 金健米业#1/亚盛集团#2(玉米/粮食) 国芳集团#3/龙版传媒#4(IP经济谷子经济) 百大集团#5(物业管理/信托) 中京电子#6(先进封装/CPO) 摩尔线程#7(科创次新/芯片,-3.16%) 中粮糖业#8(乡村振兴) 共进股份#9(WiFi6/F5G) 中百集团#10(免税店/预制菜) — 无全新题材
    全球资讯: 化肥、农药板块持续走高 华昌化工等多股涨停(10:54, 农化制品涨停潮催化确认); 大宗商品ETF+1.88%地缘重启推升油价煤化工弹性; 伦铜突破14530美元创盘中历史新高; 字节跳动推实时空间视频生成AI模型; 港股AI走弱MINIMAX跌近7%; 花旗维持小米买入; 无持仓直接重大负面
    主力资金(fflow): 全部断连(与全天一致), 无法验证连续净流入

  持仓/信号标的 (11:02):
    黄金518880: 9.09(+0.73%) 量比0.77 高9.123 低9.084 — 9.0防线未破(现价距+1.0%), 量比回落缩量, 高位震荡安全
    工行601398: 7.90(-0.88%) 量比1.35 高8.02 低7.85 — 🚨🚨🚨 价格微回稳(7.88→7.90)但仍远低8.00反弹区, 低7.85未创新低, 银行ETF 512800 +0.24%弱
    半导体512480: 1.001(-0.10%) 量比1.37 高1.013 低0.984 — 从10:31触发价1.011回落, 未破0.98证伪线, 科技冲高回落
    通信515880: 0.685(+1.18%) 量比1.89 高0.69 低0.673 — 放量仍破0.68(现价0.685), 通信设备涨停5只, 光博会9/9-11临近
    电网159326: 1.658(+0.24%) 量比1.11 高1.662 低1.645 — 1.70硬门槛未站(距-2.5%), 电网设备涨停2只(华盛昌4天3板/杭电股份)
    宁波002142: 34.29(+0.47%) 量比0.84 高34.39 低34.0 — 修复回稳, 34.07(MA5)上方
    航空159227: 1.041(+1.46%) 量比1.66 高1.047 低1.023 — 放量反弹延续(10:31 1.041→1.041)
  关注列表: 农业159825 0.786(+1.42%) 量比2.0 高0.79 — 🆕 农化制品涨停潮6只(>5)触发Tier1追加SIG-06, ETF未站0.79升级线(高0.79触及回落)待触发 | 银行512800 0.837(+0.24%) | 科创50ETF 588000 1.699(-0.35%)

  信号验证 (6条, 11:02):
    已触发 2 条(SIG-02/SIG-03维持) | 已过期 0 条 | 待执行 4 条(SIG-01/04/05/06) | 盘中追加 1 条(SIG-06)
      SIG-02(P0工行减1/3补执行,已触发维持): 🚨🚨🚨 7.90(-0.88%) 微回稳(7.88→7.90)但仍远低8.00反弹区, 低7.85未创新低; 证伪(放量站稳8.02+银行ETF 512800 +0.24%<+0.8%)未满足 → 第4次告警(09:40+10:00+10:30+11:00), 立即执行减1/3(500份)@7.88-7.95锁利, 14:45截止前必须响应
      SIG-03(P1半导体建仓,已触发维持): 512480 1.001(-0.10%) 从触发价1.011回落(高1.013低0.984), 未破0.98证伪线; 但科创50 -0.40%转绿+创业板-0.08%普跌否决边缘 → 建议分批建仓(先1/2)或等13:30企稳, 止损0.97不变
      SIG-01(P0黄金减仓评估,待执行): 9.09(+0.73%) 量比0.77 高9.123 低9.084, 9.0防线未破(现价距+1.0%), 缩量高位震荡安全, 未触发
      SIG-04(P1通信建仓,待执行): 窗口13:30未到; 0.685(+1.18%)量比1.89放量破0.68 + 通信设备涨停5只 → 13:30复核大概率触发, 不追高
      SIG-05(P1电网正T,待执行): 窗口10:30-11:30剩余28分钟; 1.658(+0.24%)量比1.11>0.8但1.70硬门槛未站(距-2.5%) → 未触发, 11:30后转13:30窗口
      SIG-06(P1农业ETF建仓评估,新增待执行): 159825 0.786(+1.42%)量比2.0 高0.79触及回落未站升级线 → 待触发; Tier1农化制品涨停潮6只+联防通过(农业主线未弱化)
    75%窗口过期检查: SIG-01/02(09:30-14:45)进度29%<75%; SIG-03(10:30后已触发); SIG-04(13:30-14:30未开); SIG-05(10:30-11:30第一窗53%<75%, 有13:30后第二窗) → 无新过期
    触发/过期/取消/升级: 0/0/0/0(新增); SIG-02/SIG-03维持已触发

  新信号扫描: Tier 1: 北向不可用无法验证逆转; 🆕板块涨停潮触发——农化制品6只>5阈值(泸天化/川发龙蟒/金正大/赤天化/和邦生物/潞化科技), 全球资讯10:54"化肥农药板块持续走高华昌化工等多股涨停"确认, REQ-003联防通过(农业主线未弱化, 159825 +1.42%未回落>1%, 种植业涨停4只同步)→追加SIG-06-盘中P1(建仓载体159825, 触发=放量站稳0.79, 评估仓≤9,400元); 持仓无止损触发(全持仓跌幅<3%, 工行-0.88%最弱为SIG-02覆盖); 突发消息无重大利空(化肥走强/铜创新高/字节AI均为方向利好或无关); 无V型反转(无指数急跌3%+) | Tier 2: 板块排名无单日>50位跃升(push2 clist断连无法验证, 以涨停分布替代: 农化制品10:30 4→11:00 6温和增); 持仓量比无>3或<0.3(最高航空1.66/通信1.89非持仓); fflow全断连无法验证连续3个5分钟净流入>1000万; 无全新题材标签(玉米/粮食/化肥/IP经济/CPO均旧题材延伸); 关联品种: 伦铜创新高/油价走强 非直接持仓 → 无其他新机会 | 关注列表升级: 农业159825 农化制品涨停6只+种植业4只满足题材条件, 但ETF未突破0.79升级线(高0.79触及回落)→条件未全满足, 因Tier1涨停潮独立触发追加SIG-06(待0.79站稳) | Tier 3 其余无新增

  需用户关注:
    🚨🚨🚨 工行SIG-02 P0已触发未执行持续恶化(第4次告警): 现价7.90(-0.88%)微回稳但仍趴7.9下方, 反弹区8.00-8.02完全错过, 09:40+10:00+10:30+11:00四检查点持续缺失——请立即执行减1/3(500份)@7.88-7.95锁利, P0执行率100%纪律(9/2+9/7两次缺失教训REQ-007), 14:45截止前必须响应
    🚨 SIG-03半导体P1已触发维持: 512480 1.001(-0.10%)从触发价1.011回落1%, 介入成本更优; 但科创50 -0.40%转绿+创业板-0.08%普跌否决边缘, 建议分批建仓(先1/2)或等13:30企稳确认, 止损0.97(-3%)不变
    🆕 SIG-06-盘中农业ETF新追加: 农化制品涨停潮6只(>5阈值)触发Tier1, 化肥农药板块走强确认, 159825 0.786(+1.42%)量比2.0, 待放量站稳0.79建仓评估(≤9,400元, REQ-003评估仓), 13:00-14:30窗口
    ⚠️ SIG-04通信提前满足条件: 515880 0.685(+1.18%)放量破0.68+通信设备涨停5只, 窗口13:30复核大概率触发, 光博会9/9-11催化, 不追高等回踩0.655-0.665

  无需执行操作: SIG-01未触发(9.0防线未破距+1.0%); SIG-04窗口13:30未到; SIG-05未站1.70; SIG-06待0.79站稳

  ⚠️ 提示: ① 11:00检查点(10:55-11:10窗口)执行, 为今日第四次盘中检查(09:40/10:00/10:30已执行), 午前最后一次, 午后13:30起恢复; ② 数据限制: push2 clist行业排名持续RemoteDisconnected(以涨停行业分布+同花顺热榜替代), fflow全断连, hsgt北向陈旧15:00快照(断供持续); ③ 涨停63/炸板率17.1%情绪延续修复, 但科技冲高回落(科创50 -0.40%/创业板-0.08%转绿)普跌否决边缘, P1建仓建议分批/等企稳; ④ 新增Tier1农化制品涨停潮(6只>5)→SIG-06-盘中, 农业/化肥低位题材接力科技走强; ⑤ task_state intraday_1100槽位原残留9/7陈旧数据(status=not_yet但带9/7快照/备注), 本次已覆写为今日11:00数据, 疑似跨日状态清理缺陷, 建议晚间复盘核查
