[2026-09-08 13:35] 盘中检查 13:30 检查点执行完成
  状态: completed | 检查点: 13:30 (13:25-13:40 窗口, 午盘走势验证) | 交易日: 2026-09-08 周二
  数据时点: 2026-09-08 13:31-13:35 CST (腾讯财经/东财push2ex打板四池/同花顺热榜/hsgtApi/东财全球资讯; push2 clist行业排名持续RemoteDisconnected风控降级[以涨停行业分布+热榜替代], push2 fflow全部断连)
  持仓校验: 本地持仓文件存在（宁波002142 400份/航空159227 1400份/电网159326 7900份/黄金518880 2600份/工行601398 1500份; 可用 37629元）——TOS云端同步已下线，本地文件为权威源

  市场快照:
    上证 3943.96 (+0.29%) | 深证 13754.63 (-0.15%) | 创业板 3379.26 (-0.57%) | 科创50 1604.06 (-0.71%)
    形态: 午后分化延续——权重红盘(上证+0.29%量比1.16)vs科技回调(科创50 -0.71%/创业板 -0.57%/深证 -0.15%, 较11:00 科创50 -0.40%→-0.71% 走弱加深); 风格: 农业/粮食/化肥+资源周期走强, 科技(半导体/CPO)冲高回落; 上证量比1.16/创业板1.05 量能温和
    广度: push2 clist断连无法获取行业汇总(以涨停行业分布替代: 农化制品9/综合Ⅱ4/种植业4/通信设备4/农产品加4)
    北向: 不可用(hsgt 15:00陈旧快照 hgt-9.28/sgt+379.75非当日实时), 降级盘面监控
    打板: 涨停79(较11:00 63 增加) 炸板17(炸板率17.7%) 跌停0 | 最高4连板(爱仕达/百大集团/亚盛集团4天4板)
    涨停行业TOP: 农化制品9(居首! 尿素涨价催化) 综合Ⅱ4 种植业4 通信设备4 农产品加4 出版3 化学制品3 房地产开3
    题材热度(同花顺TOP20): 金健米业#1(玉米/粮食, 17天9板) 国芳集团#2(IP经济, 8天6板) 龙版传媒#3(IP经济, 7天6板) 中粮糖业#4(乡村振兴/新疆, 首板涨停) 中京电子#5(先进封装/CPO, 2天2板) 亚盛集团#6(玉米/粮食, 4天4板) 我爱我家#7(租售同权) 远东股份#8(光纤/PET铜箔) 百大集团#9(物业/信托, 4天4板) 中百集团#10(免税/预制菜) — 粮食/农业霸榜, CPO/光通信多股上榜; 无全新题材
    全球资讯: 粮食概念持续火热 10只粮食ETF涨超5%(13:24, 亚盛/中粮科技/中粮糖业/苏垦农发涨停); 超强厄尔尼诺来袭 尿素价格单日涨超100元 农化板块多股涨停(13:16); 磷化工板块持续走高 六国化工涨停(13:11); 农业板块再度拉升 金健米业17天9板(13:09); ⚠️港股光通信股午后快速下探 曦智科技跌近8%/京信通信跌超7%(13:07, 不利SIG-04); 资源&周期&农业齐发力 中证红利ETF+1.11%(13:20); 铜价连续刷新纪录(LME 14617美元); 无持仓直接重大负面
    主力资金(fflow): 全部断连(与全天一致), 无法验证连续净流入

  持仓/信号标的 (13:35):
    黄金518880: 9.086(+0.69%) 量比0.71 高9.123 低9.08 — 9.0防线未破(现价距+0.96%), 缩量(量比0.71)高位震荡安全, LME铜创新高+黄金概念走强支撑
    工行601398: 7.89(-1.00%) 量比1.04 高8.02 低7.85 — 🚨🚨🚨🚨🚨 第5次告警: 价格仍趴7.9下方(7.99→7.93→7.88→7.90→7.89), 反弹区8.00-8.02完全错过, 14:45截止仅剩~70分钟
    半导体512480: 0.997(-0.50%) 量比1.05 高1.013 低0.984 — 从11:02 1.001继续回落, 未破0.98证伪线(距+1.7%), 科技午后走弱
    通信515880: 0.677(0.0%) 量比1.44 高0.69 低0.673 — ⚠️ 13:30窗口开启但光通信午后走弱(港股曦智科技-8%), 现价0.677未破0.68也未回踩0.655-0.665, 未触发
    电网159326: 1.652(-0.12%) 量比0.98 高1.662 低1.645 — 1.70硬门槛未站(距-2.8%), 量比0.98>0.8但价格未达, 未触发
    农业159825: 0.788(+1.68%) 量比1.63 高0.79 低0.775 — 🆕 极接近触发: 距0.79升级线仅-0.25%, 高0.79触及回落未站稳; 农化制品涨停9只居首+粮食ETF涨超5%+尿素涨价, 农业主线极强
    宁波002142: 34.48(+1.03%) 量比0.79 高34.49 低34.0 — 修复走强, 34.07(MA5)上方, 持有不加
    航空159227: 1.044(+1.75%) 量比1.22 高1.047 低1.023 — 放量反弹延续(11:02 1.041→1.044), 板块强
  关注列表: 银行512800 未达+0.8%(工行证伪条件未满足) | 电力159611 不升级 | 通信已由SIG-04覆盖

  信号验证 (6条, 13:35):
    已触发 2 条(SIG-02/SIG-03维持) | 已过期 0 条 | 待执行 4 条(SIG-01/04/05/06)
      SIG-02(P0工行减1/3补执行,已触发维持): 🚨🚨🚨🚨🚨 7.89(-1.00%) 价格仍趴7.9下方(7.99→7.93→7.88→7.90→7.89), 低7.85未创新低; 证伪(放量站稳8.02+银行ETF 512800 未达+0.8%)未满足 → 第5次告警(09:40+10:00+10:30+11:00+13:30), 立即执行减1/3(500份)@7.88-7.95锁利, 14:45截止前必须响应
      SIG-03(P1半导体建仓,已触发维持): 512480 0.997(-0.50%) 从11:02 1.001继续回落(高1.013低0.984), 仍>0.98证伪线(距+1.7%); 科创50 -0.71%/创业板 -0.57% 科技午后持续走弱 → 建仓评估转谨慎: 观望等企稳或破0.98放弃, 若0.99-1.0企稳放量可分批1/2, 止损0.97不变
      SIG-01(P0黄金减仓评估,待执行): 9.086(+0.69%) 量比0.71 高9.123 低9.08, 9.0防线未破(现价距+0.96%), 缩量高位震荡安全, P0豁免75%, 未触发
      SIG-04(P1通信建仓,窗口内未触发): 13:30窗口开启首查: 放量突破0.68✗(0.677距-0.4%) + 回踩0.655-0.665✗(未回踩) + 板块>+2%✗(13:07港股光通信午后快速下探曦智科技-8%) → 未触发; 通信设备涨停4只但光通信板块走弱, 证伪关注(板块冲高回落<-1%或外盘光通信回落), 14:00复核
      SIG-05(P1电网正T,窗口内未触发): 13:30后窗口: 站上1.70✗(1.652距-2.8%) + 量比>0.8✓(0.98) + 企稳✓(低1.645未破1.62) → 未触发(价格硬门槛未达); 电网设备涨停2只, 窗口刚开, 14:00/14:30复核
      SIG-06-盘中(P1农业ETF建仓评估,待执行): 159825 0.788(+1.68%) 量比1.63 高0.79触及回落未站稳升级线 → 未触发但极接近(距-0.25%); 农化制品涨停9只居首+种植业4+农产品加4+粮食ETF涨超5%+尿素单日涨超100元 → 农业主线极强, REQ-003联防通过(159825 +1.68%未回落), 14:30前重点复核
    75%窗口过期检查: SIG-01/02(09:30-14:45)进度53%<75%; SIG-03(10:30后已触发); SIG-04(13:30-14:30)进度8%<75%; SIG-05(13:30后)进度8%; SIG-06(13:00-14:30)进度39%<75% → 无新过期
    触发/过期/取消/升级: 0/0/0/0(新增); SIG-02/SIG-03维持已触发

  新信号扫描: Tier 1: 北向不可用(hsgt陈旧15:00快照)无法验证逆转; 板块涨停潮——农化制品9只居首(>5阈值)但已被SIG-06-盘中覆盖(同一农业主线), REQ-003联防通过不重复追加; 持仓无止损触发(工行-1.0%为P0减仓信号非止损, 全持仓跌幅<3%); 突发消息——尿素涨价/粮食ETF大涨利好农业(已覆盖SIG-06), ⚠️13:07港股光通信午后下探(曦智科技-8%/京信通信-7%)不利SIG-04但非新机会; V型反转三信号不齐(无指数急跌3%+) | Tier 2: 板块排名无法验证(push2 clist断连, 以涨停分布替代: 农化制品6→9持续增强但已覆盖); 持仓量比无>3或<0.3(最高航空1.22/最低黄金0.71); fflow全断连无法验证连续3个5分钟净流入>1000万; 无全新题材标签(粮食/化肥/IP经济/CPO均旧题材延伸); 关联品种——LME铜创新高(黄金/工业金属, 已反映于黄金持仓)、尿素涨价(农业已覆盖) → 关注列表均不升级(通信被SIG-04覆盖、半导体被SIG-03覆盖、农业被SIG-06覆盖、电力159611不满足) → 当前无新增信号机会(Tier 3)

  需用户关注:
    🚨🚨🚨🚨🚨 工行SIG-02 P0已触发未执行持续恶化(第5次告警): 现价7.89(-1.00%)仍趴7.9下方, 反弹区8.00-8.02完全错过, 09:40+10:00+10:30+11:00+13:30五检查点持续缺失——请立即执行减1/3(500份)@7.88-7.95锁利, P0执行率100%纪律(9/2+9/7两次缺失教训REQ-007), 14:45截止仅剩~70分钟, 必须响应
    💡 条件单建议(REQ-007): 标的 工商银行(601398), 触发价 7.88-7.95, 动作 卖出减1/3(500份), 有效期至 14:45; 或人工盯盘 14:45 前执行
    🚨 SIG-03半导体P1已触发维持但转谨慎: 512480 0.997(-0.50%) 继续回落(触发价1.011→0.997), 距0.98证伪线仅+1.7%, 科创50 -0.71%科技午后走弱 → 观望等企稳或破0.98放弃, 若0.99-1.0企稳放量可分批1/2
    🆕 SIG-06-盘中农业ETF极接近触发: 159825 0.788(+1.68%) 量比1.63, 距0.79升级线仅-0.25%, 高0.79触及回落未站稳; 农化制品涨停9只居首+粮食ETF涨超5%+尿素单日涨超100元, 农业主线极强 → 放量站稳0.79即触发建仓评估(≤9,400元), 14:30前重点复核
    ⚠️ SIG-04通信窗口开启但光通信走弱: 515880 0.677(0.0%), 13:07港股光通信午后快速下探(曦智科技-8%), 板块>+2%条件不满足, 未触发; 关注证伪(板块冲高回落<-1%或外盘回落)

  无需执行操作: SIG-01未触发(9.0防线未破距+0.96%); SIG-04未触发(光通信走弱); SIG-05未站1.70; SIG-06待0.79站稳

  ⚠️ 提示: ① 13:30检查点(13:25-13:40窗口)执行, 为今日第五次盘中检查, 午后方向: 权重红盘vs科技回调分化(科创50 -0.71%较11:00 -0.40%走弱), 农业/粮食/化肥+资源周期走强, 科技(半导体/CPO)冲高回落; ② 🚨 SIG-02工行P0 14:45截止临近(仅剩~70分钟), 第5次告警, 条件单建议已给出, 必须响应; ③ SIG-06-盘中农业ETF极接近触发(0.788 vs 0.79升级线), 农业主线极强(农化制品9涨停居首+粮食ETF涨超5%+尿素涨价+厄尔尼诺), 放量站稳0.79即触发, 14:30前重点复核; ④ SIG-04通信窗口开启但港股光通信午后下探(曦智科技-8%)板块走弱, 未触发维持待执行, 证伪关注; ⑤ SIG-03半导体已触发但科技午后走弱(0.997距证伪线+1.7%), 建仓转谨慎, 破0.98放弃; ⑥ 数据限制: push2 clist行业排名持续RemoteDisconnected(以涨停行业分布+热榜替代), fflow全断连, hsgt北向陈旧15:00快照(断供持续)
