[2026-09-08 10:31] 盘中检查 10:30 检查点执行完成
  状态: completed | 检查点: 10:30 (10:25-10:40 窗口) | 交易日: 2026-09-08 周二
  数据时点: 2026-09-08 10:31-10:32 CST (腾讯财经/东财push2ex打板四池/同花顺热榜/hsgtApi/东财全球资讯; push2 clist行业排名持续RemoteDisconnected风控降级[以涨停行业分布替代], push2 fflow全断连)
  持仓校验: 本地持仓文件存在（宁波002142 400份/航空159227 1400份/电网159326 7900份/黄金518880 2600份/工行601398 1500份; 可用 37629元）——TOS云端同步已下线，本地文件为权威源

  市场快照:
    上证 3946.05 (+0.34%) | 深证 13836.02 (+0.44%) | 创业板 3414.69 (+0.47%) | 科创50 1622.62 (+0.44%)
    形态: 全面翻红修复日——早盘普跌(10:00创业板-0.87%/科创50-1.14%)彻底逆转, 科创50从-1.14%回+0.44%放量修复(量比1.65), 半导体/科技存储概念反弹(盈新发展涨停); 上证权重同步转红(+0.34%)非跷跷板
    广度: push2 clist断连无法获取行业汇总(以涨停行业分布替代: 通信设备5/种植业4/出版4/农化制品4/综合Ⅱ3/元件3)
    北向: 不可用(hsgt 09:44陈旧快照 hgt+2.25/sgt+379.75非当日实时), 降级盘面监控
    打板: 涨停56 炸板13(炸板率18.8%) 跌停1 | 最高7连板 | 连板梯队: 7板1 4板3 3板3 2板15 1板34
    涨停行业TOP: 通信设备5 种植业4 出版4 农化制品4 综合Ⅱ3 元件3 一般零售2 教育2 农产品加2 工业金属2 化学制品2 光学光电2 电网设备2 房地产开2
    题材热度(同花顺TOP10): 金健米业#1/亚盛集团#2(玉米/粮食) 国芳集团#3/龙版传媒#4(IP经济谷子经济) 百大集团#5(物业管理/信托) 中京电子#6(先进封装/CPO) 摩尔线程#7(科创次新/芯片,-4.41%) 中粮糖业#8(乡村振兴) 共进股份#9(WiFi6/F5G) 中百集团#10(免税店/预制菜) — 无全新题材
    全球资讯: 存储芯片概念延续反弹(盈新发展直线涨停); 韩国KOSPI指数涨幅扩大至2%; 前8个月外贸增长17.6%; 泰国食糖产量下降17%粮食ETF涨3%+; 我国黄金储备连增22个月; 伦铜突破14530美元创历史新高; 港股有色金属走强江西铜业涨近5%; 宁德时代成交额超100亿; 交通银行总务部副总钱晖接受审查(银行个别高管) — 无持仓直接重大负面
    主力资金(fflow): 全部断连(518880/601398/512480/515880/159326 RemoteDisconnected), 与全天一致

  持仓/信号标的 (10:31):
    黄金518880: 9.088(+0.71%) 量比0.92 高9.123 低9.087 — 9.0防线未破(现价距+0.98%), 黄金储备连增22个月基本面支撑, 高开后小幅回落仍安全
    工行601398: 7.88(-1.13%) 量比1.63 高8.02 低7.85 — 🚨🚨 价格连续走低(09:40 7.99→10:05 7.93→10:31 7.88低7.85), 反弹区8.00-8.02完全错过, 银行ETF 512800 -0.12%弱
    半导体512480: 1.011(+0.90%) 量比1.66 高1.013 低0.984 — 回踩0.99-1.0后放量站稳1.01(低0.984未破0.98证伪线), 存储芯片概念反弹催化
    通信515880: 0.689(+1.77%) 量比2.31 高0.69 低0.673 — 放量已破0.68(现价0.689), 通信设备涨停5只(早盘4→5), 光博会9/9-11临近
    电网159326: 1.66(+0.36%) 量比1.39 高1.662 低1.645 — 1.70硬门槛未站(距-2.4%), 电网设备涨停2只
    宁波002142: 34.12(-0.03%) 量比0.95 高34.39 低34.0 — 平盘, 34.07(MA5)上方回稳
    航空159227: 1.041(+1.46%) 量比2.14 高1.047 低1.023 — 放量反弹延续(10:00 1.043→1.041)
  关注列表: 农业159825 0.781(+0.77%) 量比2.52 高0.79 — 种植业涨停4只✓(≥3) 但ETF未突破0.79升级线(高0.79触及回落)条件未全满足不追加 | 银行512800 0.834(-0.12%) | 科创50ETF 588000 1.714(+0.53%)

  信号验证 (5条, 10:31):
    已触发 2 条(SIG-02维持 + SIG-03新增) | 已过期 0 条 | 待执行维持 3 条 | 盘中追加 0 条
      SIG-02(P0工行减1/3补执行,已触发维持): 🚨🚨 7.88(-1.13%) 价格连续走低(7.99→7.93→7.88, 低7.85), 反弹区8.00-8.02完全错过; 证伪(放量站稳8.02+银行ETF 512800 -0.12%<+0.8%)未满足 → 第3次告警(09:40+10:00+10:30), 立即执行减1/3(500份)@7.88-7.95锁利, P0执行率100%纪律(9/2+9/7两次缺失教训REQ-007), 越拖越亏
      SIG-03(P1半导体建仓,新增已触发): 窗口10:30开启, 512480 1.011(+0.90%) 放量站稳1.01(量比1.66, 低0.984未破0.98证伪线), 回踩0.99-1.0后企稳放量回升; 普跌否决解除(上证+0.34%/深证+0.44%/创业板+0.47%/科创50+0.44%全翻红) → 触发, 建仓评估(≤9,400元)止损0.97/目标1.04, 待人工确认
      SIG-01(P0黄金减仓评估,待执行): 9.088(+0.71%)量比0.92 低9.087, 9.0防线未破(现价距+0.98%), 高开后小幅回落仍安全, 黄金储备连增22个月支撑, 未触发
      SIG-04(P1通信建仓,待执行): 窗口13:30未到; 0.689(+1.77%)量比2.31放量破0.68 + 通信设备涨停5只 → 升级条件已满足但SIG-04覆盖, 13:30复核大概率触发
      SIG-05(P1电网正T,待执行): 窗口10:30-11:30内; 1.66(+0.36%)量比1.39>0.8但1.70硬门槛未站(距-2.4%) → 未触发
    75%窗口过期检查: SIG-01/02(09:30-14:45)进度约19%<75%; SIG-03(10:30后,刚开窗); SIG-04(13:30-14:30未开); SIG-05(10:30-11:30进度1.7%) → 无新过期
    触发/过期/取消/升级: 1/0/0/0(新增); SIG-02维持已触发

  新信号扫描: Tier 1: 北向不可用无法验证逆转; 板块涨停潮无>5(最高通信设备5/种植业4/出版4/农化制品4); 持仓无止损触发(全持仓无跌幅>3%, 工行-1.13%最弱但为SIG-02已覆盖); 突发消息均对既有信号方向(存储芯片反弹→SIG-03催化/韩国KOSPI+2%/外贸17.6%/泰国食糖减产→农业/铜创新高) 无重大利空; 无V型反转(无指数急跌3%+) → 无强信号 | Tier 2: 板块排名无单日>50位跃升(push2 clist断连无法验证, 以涨停分布替代: 通信设备4→5/种植业3→4温和增); 持仓量比无>3或<0.3(最高航空2.14/通信2.31); fflow全断连无法验证连续3个5分钟净流入>1000万; 无全新题材标签(玉米/粮食/IP经济/CPO/乡村振兴均旧题材); 关联品种: KOSPI+2%/港股有色强 非直接持仓 → 无新机会 | 关注列表升级: 通信515880 放量破0.68+通信设备涨停5只 满足升级条件但已被SIG-04覆盖(13:30窗口复核)不重复追加; 农业159825 种植业涨停4只✓ 但ETF 0.781未突破0.79升级线(高0.79触及回落)条件未全满足不追加 | Tier 3 → 当前无新增信号机会

  需用户关注:
    🚨🚨 工行SIG-02 P0已触发未执行持续恶化: 现价7.88(-1.13%)价格连续走低(09:40 7.99→10:05 7.93→10:31 7.88), 反弹区8.00-8.02完全错过, 第3次告警——请立即执行减1/3(500份)@7.88-7.95锁利, P0执行率100%纪律(9/2+9/7两次缺失教训REQ-007), 14:45截止前必须响应
    🚨 SIG-03半导体P1已触发: 512480 1.011(+0.90%)放量站稳1.01(量比1.66), 普跌否决解除(指数全翻红), 建仓评估激活(≤9,400元), 止损0.97(-3%)/目标1.04(+4%), 需人工确认执行
    ⚠️ SIG-04通信提前满足条件: 515880 0.689(+1.77%)放量破0.68+通信设备涨停5只, 窗口13:30复核大概率触发, 光博会9/9-11催化, 不追高等回踩0.655-0.665
    ⚠️ 农业主线持续走强(159825 +0.77%量比2.52, 种植业涨停4只)但未突破0.79升级线(高0.79触及回落), 观察不追; 若放量突破0.79 → 盘中临时追加信号

  无需执行操作: SIG-01未触发(9.0防线未破距+0.98%); SIG-04窗口13:30未到; SIG-05未站1.70

  ⚠️ 提示: ① 10:30检查点(10:25-10:40窗口)执行, 为今日第三次盘中检查(09:40/10:00已执行); ② 数据限制: push2 clist行业排名持续RemoteDisconnected(以涨停行业分布+同花顺热榜替代), fflow全断连, hsgt北向陈旧09:44快照(断供持续); ③ 涨停56/炸板率18.8%情绪较10:00(42/17.6%)继续修复, 全面翻红普跌否决解除, P1建仓评估恢复; ④ 市场风格从早盘科技回调转为存储/半导体反弹修复, SIG-03触发+存储芯片催化, 建仓需人工确认; ⑤ SIG-04通信放量破0.68已提前满足触发路径, 13:30窗口复核时大概率触发, 注意不追高
