[2026-09-08 14:05] 盘中检查 14:00 检查点执行完成
  状态: completed | 检查点: 14:00 (13:55-14:10 窗口, 尾盘前验证) | 交易日: 2026-09-08 周二
  数据时点: 2026-09-08 14:00-14:05 CST (腾讯财经/东财push2ex打板四池/同花顺热榜/hsgtApi/东财全球资讯; push2 clist行业排名持续RemoteDisconnected风控降级[以涨停行业分布+热榜替代], push2 fflow全部断连)
  持仓校验: 本地持仓文件存在（宁波002142 400份/航空159227 1400份/电网159326 7900份/黄金518880 2600份/工行601398 1500份; 可用 37629元）——TOS云端同步已下线，本地文件为权威源

  市场快照:
    上证 3939.78 (+0.18%) | 深证 13717.31 (-0.42%) | 创业板 3361.77 (-1.09%) | 科创50 1594.06 (-1.33%)
    形态: 科技午后走弱加深——权重红盘(上证+0.18%量比1.06)vs科技回调(科创50 -1.33% 较13:30 -0.71%加深/创业板 -1.09%/深证 -0.42%); 风格: 农业/粮食/化肥+资源周期走强, 科技(半导体/CPO)持续走弱; 上证量比1.06/创业板0.98 量能温和
    广度: push2 clist断连无法获取行业汇总(以涨停行业分布替代: 农化制品9/综合Ⅱ4/种植业4/通信设备3/出版3/化学制品3)
    北向: 不可用(hsgt 09:44陈旧快照 hgt+2.25/sgt+379.75非当日实时), 降级盘面监控
    打板: 涨停74(较13:30 79 减少5) 炸板28(炸板率27.5%, 较13:30 17.7%上升) 跌停0 | 最高4连板(爱仕达/百大集团/亚盛集团4天4板)
    晋级率: 22.6%(昨涨停93 → 今仍涨停21, 较早盘16.1%修复但仍低)
    涨停行业TOP: 农化制品9(居首! 持续) 综合Ⅱ4 种植业4 通信设备3(较13:30 4减少) 出版3 化学制品3 房地产开3
    题材热度(同花顺TOP20): 金健米业#1(玉米/粮食) 龙版传媒#2(IP经济, 7连板闯关) 中粮糖业#3(乡村振兴/新疆) 中京电子#4(先进封装/CPO) 国芳集团#5(IP经济) 剑桥科技#6(CPO/F5G) 亚盛集团#7(玉米/粮食, 4天4板) 远东股份#8(光纤/PET铜箔) 兴森科技#10(CPO/玻璃基板) 敦煌种业#14(粮食) 中际旭创#17(CPO) — 粮食/农业霸榜+CPO/光通信多股上榜; 无全新题材
    全球资讯: ⚠️沙特多处能源设施遭袭起火(13:41)→炼厂受袭冲击全球炼能供给 炼化资产重估 化工ETF博时+1.6%(13:50); 伦铜突破历史新高叠加关税担忧 工业有色ETF+2%(13:45); 小米18 Fold首销较上代大折叠同比增长310%(14:00); 阿里发布QoderWake 1.0(14:00); 沪深两市成交额突破1.5万亿 较上一日此时缩量超200亿(13:47); 南向资金净买入额达50亿港元(13:44); 首批8家北交所三个月持有期主题基金获批(13:49); 无持仓直接重大负面
    主力资金(fflow): 全部断连(与全天一致), 无法验证连续净流入

  持仓/信号标的 (14:05):
    黄金518880: 9.073(+0.54%) 量比0.69 高9.123 低9.07 — 9.0防线未破(现价距+0.81%), 缩量(量比0.69)高位震荡回落仍安全
    工行601398: 7.91(-0.75%) 量比0.94 高8.02 低7.85 — 🚨🚨🚨🚨🚨🚨 第6次告警: 微回稳(7.89→7.91)仍趴7.9附近, 反弹区8.00-8.02完全错过, 14:45截止仅剩~40分钟
    半导体512480: 0.99(-1.20%) 量比0.97 高1.013 低0.984 — 从13:30 0.997继续回落, 未破0.98证伪线(距仅+1.0%), 科技午后走弱加深
    通信515880: 0.672(-0.74%) 量比1.31 高0.69 低0.671 — 13:30-14:30窗口内(进度58%), 未破0.68(距-1.2%)未回踩0.655-0.665, 通信设备涨停3只(减少), 未触发
    电网159326: 1.646(-0.48%) 量比0.9 高1.662 低1.645 — 1.70硬门槛未站(距-3.2%), 量比0.9>0.8但价格未达, 未触发
    农业159825: 0.787(+1.55%) 量比1.44 高0.79 低0.775 — 🆕 极接近触发: 距0.79升级线仅-0.38%, 高0.79触及回落未站稳; 农化制品涨停9只居首+晋级率22.6%修复, 农业主线极强
    宁波002142: 34.62(+1.44%) 量比0.8 高34.64 低34.0 — 修复走强延续(13:30 34.48→34.62), 34.07(MA5)上方, 持有不加
    航空159227: 1.044(+1.75%) 量比1.17 高1.047 低1.023 — 放量反弹延续(13:30 1.044持平), 板块强
  关注列表: 银行512800 +0.36% 未达+0.8%(工行证伪条件未满足) | 电力159611 不升级 | 通信已由SIG-04覆盖 | 农业已由SIG-06-盘中覆盖

  信号验证 (6条, 14:05):
    已触发 2 条(SIG-02/SIG-03维持) | 已过期 0 条 | 待执行 4 条(SIG-01/04/05/06)
      SIG-02(P0工行减1/3补执行,已触发维持): 🚨🚨🚨🚨🚨🚨 7.91(-0.75%) 微回稳(7.89→7.91)仍趴7.9附近, 低7.85未创新低; 证伪(放量站稳8.02+银行ETF 512800 +0.36% 未达+0.8%)未满足 → 第6次告警(09:40+10:00+10:30+11:00+13:30+14:00), 立即执行减1/3(500份)@7.88-7.95锁利, 14:45截止仅剩~40分钟必须响应
      SIG-03(P1半导体建仓,已触发维持): 512480 0.99(-1.20%) 从13:30 0.997继续回落(高1.013低0.984), 仍>0.98证伪线(距仅+1.0%); 科创50 -1.33%/创业板 -1.09% 科技午后走弱加深 → 建仓评估更谨慎: 破0.98即放弃, 观望为主, 若企稳0.99-1.0放量仅可分1/4试仓, 止损0.97不变
      SIG-01(P0黄金减仓评估,待执行): 9.073(+0.54%) 量比0.69 高9.123 低9.07, 9.0防线未破(现价距+0.81%), 缩量高位震荡回落安全, P0豁免75%, 未触发
      SIG-04(P1通信建仓,窗口内未触发): 13:30-14:30窗口内(进度58%<75%): 放量突破0.68✗(0.672距-1.2%) + 回踩0.655-0.665✗(低0.671未回踩) + 板块>+2%✗(通信设备涨停3只较13:30 4只减少, 光通信走弱) → 未触发, 维持待执行, 14:30前最后复核
      SIG-05(P1电网正T,窗口内未触发): 13:30后窗口(进度58%<75%): 站上1.70✗(1.646距-3.2%) + 量比>0.8✓(0.9) + 企稳✓(低1.645未破1.62) → 未触发(价格硬门槛未达), 14:30前最后复核
      SIG-06-盘中(P1农业ETF建仓评估,待执行): 159825 0.787(+1.55%) 量比1.44 高0.79触及回落未站稳升级线 → 未触发但极接近(距-0.38%); 农化制品涨停9只居首+种植业4+晋级率22.6%修复 → 农业主线极强, REQ-003联防通过(159825 +1.55%未回落), 14:30前最后复核
    75%窗口过期检查: SIG-01/02(09:30-14:45)进度53%<75%且P0豁免; SIG-03(10:30后已触发); SIG-04(13:30-14:30)进度58%<75%; SIG-05(13:30后)进度58%; SIG-06(13:00-14:30)进度72%<75% → 无新过期
    触发/过期/取消/升级: 0/0/0/0(新增); SIG-02/SIG-03维持已触发

  新信号扫描: Tier 1: 北向不可用(hsgt 09:44陈旧快照)无法验证逆转; 板块涨停潮——农化制品9只居首(>5阈值)持续但已被SIG-06-盘中覆盖(同一农业主线), REQ-003联防通过不重复追加; 持仓无止损触发(全持仓跌幅<3%, 工行-0.75%为P0减仓信号非止损); 突发消息——⚠️沙特多处能源设施遭袭(13:41)→炼厂受袭冲击全球炼能 化工ETF+1.6%(13:50)、伦铜突破历史新高(13:45, 早盘已覆盖)、小米18 Fold首销+310%(14:00, 消费电子/苹果链发布会已落地无持仓载体)——均非持仓新机会; V型反转三信号不齐(无指数急跌3%+) | Tier 2: 板块排名无法验证(push2 clist断连, 以涨停分布替代: 农化制品9持续增强但已覆盖); 持仓量比无>3或<0.3(最高农业1.44/航空1.17, 最低黄金0.69); fflow全断连无法验证连续3个5分钟净流入>1000万; 无全新题材标签(粮食/化肥/IP经济/CPO/光纤均旧题材延伸); 关联品种——伦铜创新高(已覆盖)、沙特遇袭→化工异动(与持仓无直接载体) → 关注列表均不升级(农业被SIG-06覆盖、通信被SIG-04覆盖、半导体被SIG-03覆盖、消费电子发布会已落地无ETF载体) → 当前无新增信号机会(Tier 3)

  需用户关注:
    🚨🚨🚨🚨🚨🚨 工行SIG-02 P0已触发未执行持续恶化(第6次告警): 现价7.91(-0.75%)仍趴7.9附近, 反弹区8.00-8.02完全错过, 09:40+10:00+10:30+11:00+13:30+14:00六检查点持续缺失——请立即执行减1/3(500份)@7.88-7.95锁利, P0执行率100%纪律(9/2+9/7两次缺失教训REQ-007), 14:45截止仅剩~40分钟, 必须响应
    💡 条件单建议(REQ-007): 标的 工商银行(601398), 触发价 7.88-7.95, 动作 卖出减1/3(500份), 有效期至 14:45; 或人工盯盘 14:45 前执行
    🚨 SIG-03半导体P1已触发维持但更谨慎: 512480 0.99(-1.20%) 继续回落(触发价1.011→0.99), 距0.98证伪线仅+1.0%, 科创50 -1.33%科技午后走弱加深 → 破0.98即放弃, 观望为主, 企稳0.99-1.0仅可分1/4试仓
    🆕 SIG-06-盘中农业ETF极接近触发: 159825 0.787(+1.55%) 量比1.44, 距0.79升级线仅-0.38%, 高0.79触及回落未站稳; 农化制品涨停9只居首+晋级率22.6%修复, 农业主线极强 → 放量站稳0.79即触发建仓评估(≤9,400元), 14:30前最后复核
    ⚠️ SIG-04通信窗口内未触发: 515880 0.672(-0.74%), 通信设备涨停3只(减少), 光通信走弱, 未破0.68未回踩 → 14:30前最后复核
    ⚠️ SIG-05电网窗口内未触发: 159326 1.646(-0.48%), 1.70硬门槛未站(距-3.2%), 量比0.9>0.8但价格未达 → 14:30前最后复核

  无需执行操作: SIG-01未触发(9.0防线未破距+0.81%); SIG-04未触发(光通信走弱); SIG-05未站1.70; SIG-06待0.79站稳

  ⚠️ 提示: ① 14:00检查点(13:55-14:10窗口)执行, 为今日第六次盘中检查, 尾盘前验证: 权重红盘vs科技回调加深(科创50 -1.33%较13:30 -0.71%加深), 农业/粮食/化肥+资源周期走强, 科技(半导体/CPO)持续走弱; ② 🚨 SIG-02工行P0 14:45截止临近(仅剩~40分钟), 第6次告警, 条件单建议持续有效, 必须响应; ③ SIG-06-盘中农业ETF极接近触发(0.787 vs 0.79升级线), 农业主线极强(农化制品9涨停居首+晋级率22.6%修复), 放量站稳0.79即触发, 14:30前最后复核; ④ SIG-04通信/SIG-05电网窗口内未触发(光通信走弱/1.70硬门槛), 14:30前最后复核; ⑤ SIG-03半导体已触发但科技走弱加深(0.99距证伪线+1.0%), 破0.98放弃; ⑥ 数据限制: push2 clist行业排名持续RemoteDisconnected(以涨停行业分布+热榜替代), fflow全断连, hsgt北向陈旧09:44快照(断供持续)
