[2026-09-08 10:05] 盘中检查 10:00 检查点执行完成
  状态: completed | 检查点: 10:00 (09:55-10:10 窗口) | 交易日: 2026-09-08 周二
  数据时点: 2026-09-08 10:04-10:05 CST (腾讯财经/东财push2ex打板四池/东财push2delay行业排名[push2 clist持续RemoteDisconnected风控降级]/同花顺热榜/hsgtApi/东财全球资讯; push2 fflow全断连)
  持仓校验: 本地持仓文件存在（宁波002142 400份/航空159227 1400份/电网159326 7900份/黄金518880 2600份/工行601398 1500份; 可用 37629元）——TOS云端同步已下线，本地文件为权威源

  市场快照:
    上证 3939.43 (+0.17%) | 深证 13736.61 (-0.28%) | 创业板 3369.03 (-0.87%) | 科创50 1597.09 (-1.14%)
    形态: 权重红盘 vs 科技回调延续——上证微红(+0.17% 量比2.47), 深证/创业板/科创50 全线回落(创业板-0.87%/科创50-1.14% 领跌, 高1615.24回落至1589.13), 与9/7科技领涨风格切换延续; 创业板10:00跌逾1%(资讯)
    广度: 行业汇总涨81跌19(push2delay镜像, push2 clist原端口持续RemoteDisconnected)
    北向: 不可用(hsgt 15:00陈旧快照 hgt-9.28/sgt+379.75为历史缓存, 非当日实时), 降级盘面监控
    打板: 涨停42 炸板9(炸板率17.6%) 跌停1 | 晋级率18.3%(17/93, <30% 题材延续性弱, 较09:40 16.1%微修复) | 连板梯队: 7板1 4板3 3板3 2板10 1板25
    涨停行业TOP: 通信设备4 出版4 农化制品4 种植业3 综合Ⅱ2 一般零售2 教育2 农产品加2 工业金属2
    行业领涨(东财push2delay 100行业): 出版+4.76%(涨27跌0) 数字媒体+3.47% 教育+3.08% 农化制品+2.93% 传媒+2.80% 广告营销+2.45% 影视院线+2.41% 电视广播Ⅱ+2.38% 煤炭+2.15% 农林牧渔+2.08% 综合Ⅱ+1.99% 多元金融+1.68% 化学原料+1.62% 钢铁+1.46%
    行业领跌: 其他电子Ⅱ-0.95% 电子化学品Ⅱ-0.93% 其他电源设备Ⅱ-0.77% 铁路公路-0.73% 半导体-0.68% 消费电子-0.65% 电机Ⅱ-0.53% 塑料-0.53% 电子-0.38% 汽车零部件-0.31%
    题材热度(同花顺TOP10): 金健米业#1/亚盛集团#2(玉米/粮食) 国芳集团#3/龙版传媒#4(IP经济谷子经济, 8天6板/7天7板) 百大集团#5(物业管理/信托) 摩尔线程#6(科创次新/芯片, -6.13%) 中粮糖业#8(乡村振兴) 中京电子/剑桥科技/中际旭创(CPO/先进封装) 三孚股份(光纤/存储) — 无全新题材
    全球资讯: 创业板指跌逾1%半导体方向领跌; 金融科技板块异动拉升生意宝新力金融涨停; 磷肥及磷化工拉升川发龙蟒涨停; 燃气板块拉升贵州燃气涨停; 港股有色金属走强洛阳钼业五矿资源涨超5%; 中信海直设中信海合推进无人航空器商业飞行; 神剑股份高管被立案(商业航天); 无持仓直接重大负面
    主力资金(fflow): 全部断连(518880/601398/002142/159326/159227/512480/515880/159825/159611 RemoteDisconnected), 与全天一致

  持仓/信号标的 (10:04-10:05):
    黄金518880: 9.107(+0.92%) 量比1.08 高9.123 低9.102 — 9.0防线未破(现价距+1.19%), 高开后维持, 贵金属+0.54%
    工行601398: 7.93(-0.50%) 量比1.48 高8.02 低7.92 — 🚨 跌破8.00反弹区(09:40 7.99→10:05 7.93), 银行Ⅱ+0.13%弱修复未达+0.8%
    半导体512480: 0.989(-1.30%) 量比1.83 高1.005 低0.984 — 回踩0.99-1.0区间下沿微破, 半导体-0.68%(涨37跌145)回调
    通信515880: 0.679(+0.30%) 量比2.91 高0.688 低0.673 — 放量(量比2.91)但通信设备+1.41%未达+2%
    通信515050: 1.05(+0.10%) 量比2.83 高1.065 低1.04
    电网159326: 1.649(-0.30%) 量比1.83 高1.662 低1.645 — 1.70硬门槛未站(距-3.0%), 电网设备+0.08%(涨76跌63)
    宁波002142: 34.12(-0.03%) 量比1.11 高34.39 低34.05 — 回稳34.07上方, 未触发额外纪律
    航空159227: 1.043(+1.66%) 量比3.26 高1.047 低1.023 — 🚨 量比3.26>3放量反弹(Tier2量比条件触发, 但早盘已覆盖持有不追加)
  关注列表: 农业159825 0.787(+1.55%) 量比4.03 高0.79 — 放量走强但未突破0.79升级线(高0.79触及回落), 种植业涨停3只✓, 条件未全满足不追加 | 电力159611 1.039(+0.39%) 量比1.48 | 军工512660 1.162(+0.96%) 量比1.82 | 汽车516110 1.097(-0.54%) 量比3.36

  信号验证 (5条, 10:04-10:05):
    已触发 1 条(维持) | 已过期 0 条 | 待执行维持 4 条 | 盘中追加 0 条
      SIG-02(P0工行减1/3补执行,已触发维持): 🚨 7.93(-0.50%) 跌破8.00反弹区(09:40触发时7.99→10:05 7.93价格走低), 高8.02触及后回落; 证伪(放量站稳8.02+银行Ⅱ+0.13%<+0.8%)未满足 → 已触发维持; 立即执行减1/3(500份)@7.93-8.02锁利, 越拖价格越低, P0执行率100%纪律(9/2+9/7两次缺失教训REQ-007)
      SIG-01(P0黄金减仓评估,待执行): 9.107(+0.92%)量比1.08 低9.102 9.0防线未破(现价距+1.19%), 高开后维持, 贵金属+0.54%微涨, 未触发
      SIG-03(P1半导体建仓,待执行): 窗口10:30未到; 0.989(-1.30%)处0.99-1.0回踩区间下沿微破(低0.984), 半导体-0.68%回调(9/7领涨今日续跌), 量比1.83 — 10:30复核, 未放量站稳1.0+科创50未转正则纪律不解除
      SIG-04(P1通信建仓,待执行): 窗口13:30未到; 0.679(+0.30%)量比2.91放量+通信设备+1.41%(涨72跌18)未达+2% → 13:30复核
      SIG-05(P1电网正T,待执行): 窗口10:30未到; 1.649(-0.30%) 1.70硬门槛未站(距-3.0%)+电网设备+0.08%(涨76跌63) → 10:30复核
    75%窗口过期检查: SIG-01/02(09:30-14:45)进度约11%<75%; SIG-03(10:30后)/SIG-04(13:30-14:30)/SIG-05(10:30-11:30+13:30后)窗口未开 → 无新过期
    触发/过期/取消/升级: 0/0/0/0(新增); SIG-02维持已触发

  新信号扫描: Tier 1: 北向不可用无法验证逆转; 板块涨停潮无>5(最高通信设备4/出版4/农化制品4); 持仓无止损触发(全持仓红盘或微动: 黄金+0.92%/航空+1.66%/电网-0.30%/工行-0.50%/宁波-0.03%); 突发消息均对既有信号方向(创业板跌逾1%半导体领跌→SIG-03风险/神剑股份高管立案=商业航天非持仓/金融科技磷化工燃气拉升非持仓); 无V型反转(无指数急跌3%+) → 无强信号 | Tier 2: 板块排名无单日>50位跃升(出版/传媒延续领涨9/7已强, 半导体延续领跌); 持仓量比: 航空159227 3.26>3触发量比条件但早盘已覆盖(持有不追加, 放量站上1.05才关注现1.043未达+成本口径失真BUG-021) 其余无>3/<0.3; fflow全断连无法验证连续3个5分钟净流入>1000万; 无全新题材标签(玉米/粮食/IP经济/CPO/乡村振兴均旧题材); 关联品种: 港股有色走强洛阳钼业涨5%但持仓无有色标的/恒生科技-1%对科创情绪偏空已传导至SIG-03 → 无新机会 | 关注列表升级: 农业159825 放量+1.55%量比4.03但未突破0.79升级线(高0.79触及回落)条件未全满足不追加; 通信515880 SIG-04已覆盖(0.679未站稳0.68+通信设备+1.41%<+2%)不重复; 消费电子/苹果链-0.65%回调无折叠屏涨停潮不升级 | Tier 3 → 当前无新增信号机会

  需用户关注:
    🚨🚨 工行SIG-02 P0已触发未执行持续恶化: 现价7.93(-0.50%)跌破8.00反弹区(09:40触发时7.99→10:05 7.93价格走低), 银行Ⅱ+0.13%弱修复未达+0.8%证伪, 请立即执行减1/3(500份)@7.93-8.02锁利——P0执行率100%纪律(9/2+9/7两次缺失教训REQ-007), 越拖价格越低, 14:45截止前必须响应
    ⚠️ 风格切换延续: 科技硬件(半导体-0.68%/消费电子-0.65%/电子-0.38%)回调 vs 传媒IP经济+农业+红利(出版+4.76%/农林牧渔+2.08%/煤炭+2.15%)走强——SIG-03半导体建仓窗口(10:30)需结合科创50是否转正复核, 未转正纪律不解除
    ⚠️ 农业主线持续走强(159825 +1.55% 量比4.03 放量, 农林牧渔+2.08%领涨, 种植业涨停3只)但未突破0.79升级线, 观察不追; 若放量突破0.79 → 盘中临时追加信号
    ⚠️ 航空159227 量比3.26>3 放量反弹+1.66%(Tier2量比条件触发), 但早盘已研判持有不追加(放量站上1.05才关注, 现1.043未达; 成本口径失真BUG-021)

  无需执行操作: SIG-01未触发(9.0防线未破); SIG-03/04/05窗口未开; 无Tier1/2新增信号

  ⚠️ 提示: ① 10:00检查点(09:55-10:10窗口)执行, 为今日第二次盘中检查(09:40已执行); ② 数据限制: push2 clist行业排名持续RemoteDisconnected(降级push2delay镜像, 数据可用), fflow全断连, hsgt北向陈旧快照(断供持续); ③ 涨停42/晋级率18.3%情绪较09:40(涨停31/16.1%)边际修复但仍弱于9/7(涨停93/33.3%), 题材延续性弱追高风险大; ④ 科创50 -1.14%延续回调, SIG-03回踩窗口(10:30)注意科创50转正确认, 未转正纪律不解除
