[2026-09-08 14:38] 盘中检查 14:30 检查点执行完成
  状态: completed | 检查点: 14:30 (14:25-14:40 窗口, 收盘前检查·最后盘中检查点) | 交易日: 2026-09-08 周二
  数据时点: 2026-09-08 14:31-14:38 CST (腾讯财经/东财push2ex打板四池/同花顺热榜/hsgtApi/东财全球资讯; clist行业排名本次有返回但排序异常[非涨跌幅序,以涨停行业分布替代], push2 fflow部分恢复[4/8标的有数据,数值存疑])
  持仓校验: 本地持仓文件存在（宁波002142 400份/航空159227 1400份/电网159326 7900份/黄金518880 2600份/工行601398 1500份; 可用 37629元）——TOS云端同步已下线，本地文件为权威源

  市场快照:
    上证 3937.10 (+0.11%) | 深证 13692.58 (-0.60%) | 创业板 3356.46 (-1.24%) | 科创50 1591.02 (-1.52%)
    形态: 科技午后走弱加深——权重红盘(上证+0.11%量比1.01)vs科技回调(科创50 -1.52% 较14:00 -1.33%加深/创业板 -1.24% 较-1.09%加深/深证 -0.60%); 风格: 农业/粮食/化肥+资源周期走强, 科技(半导体/CPO)持续走弱; 上证量比1.01/创业板0.94 量能温和
    广度: clist本次有返回但排序异常(非涨跌幅序,无法可靠判断板块跃升; 以涨停行业分布替代: 农化制品8/农产品加4/综合Ⅱ3/一般零售3/种植业3/出版3/化学制品3)
    北向: 不可用(hsgt 15:00陈旧快照 hgt-9.28/sgt+379.75非当日实时), 降级盘面监控
    打板: 涨停70(较14:00 74 减少4) 炸板37(炸板率34.6%, 较14:00 27.5%大幅上升, 赚钱效应转差) 跌停0 | 最高4连板
    晋级率: 21.5%(昨涨停93 → 今仍涨停20, 较14:00 22.6%略降)
    涨停行业TOP: 农化制品8(居首! 持续) 农产品加4 综合Ⅱ3 一般零售3 种植业3 出版3 化学制品3 房地产开3
    题材热度(同花顺TOP20): 金健米业#1(粮食/玉米) 龙版传媒#2(IP经济, 7天6板) 国芳集团#3(IP经济, 8天6板) 中粮糖业#4(粮食/乡村振兴, 首板) 中京电子#5(先进封装/CPO, 2天2板) 剑桥科技#6(CPO/F5G) 亚盛集团#7(粮食/玉米, 4天4板) 兴森科技#10(CPO/玻璃基板) 敦煌种业#14(粮食/转基因, 3天3板) 万向德农#19(粮食/转基因, 11天7板) — 粮食/农业霸榜+IP经济+CPO/光通信多股上榜; 无全新题材
    全球资讯: 天孚通信成交额达100亿元(14:32, 光模块活跃但SIG-04窗口已过); 日韩股市集体收跌(14:31, 外盘弱); 摩根士丹利将阿斯麦目标价由1930下调至1700欧元(14:28, 半导体设备承压); 港股应用软件股持续走低 智谱跌超12%(14:20); 无持仓直接重大负面
    主力资金(fflow): 部分恢复(159326 -5.19亿/159825 -12.99亿/002142 -103.9亿[超常规,口径待验]/159227 +31.23亿), 数值存疑交叉验证不足, 不作为单独依据

  持仓/信号标的 (14:38):
    黄金518880: 9.045(+0.23%) 量比0.71 高9.123 低9.04 — 9.0防线未破(现价距+0.5%), 缩量(量比0.71)高位震荡回落仍安全
    工行601398: 7.92(-0.63%) 量比0.88 高8.02 低7.85 — 🚨🚨🚨🚨🚨🚨🚨 第7次告警(最后检查点): 微回稳(7.91→7.92)仍趴7.9附近, 反弹区8.00-8.02完全错过, 14:45截止仅剩~7分钟
    半导体512480: 0.987(-1.50%) 量比0.95 高1.013 低0.983 — 从14:00 0.99继续回落, 未破0.98证伪线但低0.983距仅+0.3%, 科技走弱持续
    通信515880: 0.67(-1.03%) 量比1.26 高0.69 低0.668 — 🕓 13:30-14:30窗口已过(14:38>14:30), 全程未触发(未破0.68/未回踩/板块未>+2%), 标记已过期
    电网159326: 1.642(-0.73%) 量比0.93 高1.662 低1.636 — 🕓 窗口已过, 1.70硬门槛全天未站(现价距-3.4%, 开盘1.655一路走低), 标记已过期
    农业159825: 0.787(+1.55%) 量比1.4 高0.79 低0.775 — 🕓 13:00-14:30窗口已过, 全天未放量站稳0.79升级线(高0.79多次触及回落), 标记已过期; 农业主线仍强(农化8涨停居首+粮食霸榜)明日可再评估
    宁波002142: 34.69(+1.64%) 量比0.77 高34.71 低34.0 — 修复走强延续(14:00 34.62→34.69), 34.07(MA5)上方, 持有不加
    航空159227: 1.043(+1.66%) 量比1.09 高1.047 低1.023 — 放量反弹延续, 板块强
  关注列表: 银行512800 +0.60% 未达+0.8%(工行证伪条件未满足) | 电力159611 +0.58% 不升级 | 通信已由SIG-04覆盖且已过期 | 农业已由SIG-06-盘中覆盖且已过期

  信号验证 (6条, 14:38):
    已触发 2 条(SIG-02/SIG-03维持) | 已过期 3 条(SIG-04/05/06 窗口已过) | 待执行 1 条(SIG-01 P0豁免)
      SIG-02(P0工行减1/3补执行,已触发维持): 🚨🚨🚨🚨🚨🚨🚨 7.92(-0.63%) 微回稳(7.91→7.92)仍趴7.9附近, 低7.85未创新低; 证伪(放量站稳8.02+银行ETF 512800 +0.60% 未达+0.8%)未满足 → 第7次告警(09:40+10:00+10:30+11:00+13:30+14:00+14:30, 最后检查点), 立即执行减1/3(500份)@7.88-7.95锁利, 14:45截止仅剩~7分钟, 若未执行/显式放弃→收盘复盘标记错过零容忍问责
      SIG-03(P1半导体建仓,已触发维持): 512480 0.987(-1.50%) 从14:00 0.99继续回落(高1.013低0.983), 仍>0.98证伪线但低0.983距仅+0.3%; 科创50 -1.52%/创业板 -1.24% 科技午后走弱持续 → 建仓评估放弃/观望: 破0.98即放弃, 不建议尾盘追入, 止损0.97不变
      SIG-01(P0黄金减仓评估,待执行): 9.045(+0.23%) 量比0.71 高9.123 低9.04, 9.0防线未破(现价距+0.5%), 缩量高位震荡回落安全, P0豁免75%, 未触发
      SIG-04(P1通信建仓,已过期): 🕓 13:30-14:30窗口已过(14:38>14:30): 放量突破0.68✗(0.67距-1.2%) + 回踩0.655-0.665✗(低0.668未回踩) + 板块>+2%✗(通信设备涨停3只维持, 光通信走弱, 天孚通信成交100亿尾盘异动但窗口已过) → 全程未触发, 窗口已过标记已过期
      SIG-05(P1电网正T,已过期): 🕓 窗口13:30后已过(14:38>14:30): 站上1.70✗(1.642距-3.4%, 全天未站) + 量比>0.8✓(0.93) + 企稳✓(低1.636未破1.62) → 价格硬门槛全天未达, 窗口已过标记已过期, 明日再评估
      SIG-06-盘中(P1农业ETF建仓评估,已过期): 🕓 13:00-14:30窗口已过(14:38>14:30): 0.787(+1.55%) 全天未放量站稳0.79升级线(高0.79多次触及回落) → 窗口已过标记已过期; 农业主线仍强(农化8涨停居首+种植业3+农产品加4+粮食霸榜+晋级率21.5%), REQ-003联防通过, 明日早盘可再评估
    75%窗口过期检查: SIG-01/02(09:30-14:45)进度73%<75%且P0豁免; SIG-03(10:30后已触发); SIG-04(13:30-14:30)窗口已过→过期; SIG-05(13:30-14:30口径)窗口已过→过期; SIG-06(13:00-14:30)窗口已过→过期 → 新增3条已过期
    触发/过期/取消/升级: 0/3/0/0(新增); SIG-02/SIG-03维持已触发

  新信号扫描: Tier 1: 北向不可用(hsgt 15:00陈旧快照)无法验证逆转; 板块涨停潮——农化制品8只居首(>5阈值)持续但已被SIG-06-盘中覆盖(同一农业主线), REQ-003联防通过不重复追加; 持仓无止损触发(全持仓跌幅<3%, 工行-0.63%为P0减仓信号非止损); 突发消息——天孚通信成交额达100亿(14:32, 光模块活跃但SIG-04窗口已过无新载体)、日韩股市集体收跌(14:31, 外盘弱已反映)、摩根士丹利下调阿斯麦目标价至1700欧元(14:28, 半导体设备承压, 与SIG-03观望一致)——均无持仓直接重大负面; V型反转三信号不齐(无指数急跌3%+) | Tier 2: 板块排名——clist本次有返回但排序异常(非涨跌幅序)无法可靠判断单日跃升>50位(以涨停行业分布替代: 农化制品8持续增强但已覆盖); 持仓量比无>3或<0.3(最高农业1.4/航空1.09, 最低黄金0.71); fflow部分恢复(159326/159825/002142/159227有数据)但数值存疑(002142 -103.9亿超常规, 口径待验)且无连续3个5分钟净流入>1000万信号; 无全新题材标签(粮食/化肥/IP经济/CPO/光纤/先进封装均旧题材延伸); 关联品种——ASML目标价下调(半导体承压)、日韩收跌(外盘弱) → 关注列表均不升级(农业被SIG-06覆盖且已过期、通信被SIG-04覆盖且已过期、半导体被SIG-03覆盖、消费电子无ETF载体) → 当前无新增信号机会(Tier 3)

  需用户关注:
    🚨🚨🚨🚨🚨🚨🚨 工行SIG-02 P0已触发未执行持续恶化(第7次告警, 最后盘中检查点): 现价7.92(-0.63%)仍趴7.9附近, 反弹区8.00-8.02完全错过, 09:40+10:00+10:30+11:00+13:30+14:00+14:30七检查点持续缺失——请立即执行减1/3(500份)@7.88-7.95锁利, P0执行率100%纪律(9/2+9/7两次缺失教训REQ-007), 14:45截止仅剩~7分钟, 必须响应
    💡 条件单建议(REQ-007): 标的 工商银行(601398), 触发价 7.88-7.95, 动作 卖出减1/3(500份), 有效期至 14:45; 或人工盯盘 14:45 前执行
    🚨 SIG-03半导体P1已触发维持但放弃/观望: 512480 0.987(-1.50%) 继续回落(触发价1.011→0.987), 低0.983距0.98证伪线仅+0.3%, 科创50 -1.52%科技走弱持续 → 破0.98即放弃, 不建议尾盘追入
    🕓 SIG-04通信/SIG-05电网/SIG-06-盘中农业: 3条P1信号13:30-14:30窗口已过未触发 → 标记已过期; 农业主线仍强(农化8涨停居首+粮食霸榜)明日早盘可再评估

  无需执行操作: SIG-01未触发(9.0防线未破距+0.5%); SIG-04/05/06窗口已过标记过期; SIG-03建议放弃观望

  ⚠️ 提示: ① 14:30检查点为今日第七次且最后一次盘中检查(14:25-14:40窗口), 收盘前重点: 隔夜风险评估+止损强制执行; ② 🚨 SIG-02工行P0 14:45截止仅剩~7分钟(第7次告警, 最后检查点), 若14:45前未执行/显式放弃→收盘复盘标记"错过"零容忍问责, 条件单建议持续有效; ③ 🕓 SIG-04通信(0.67)/SIG-05电网(1.642)/SIG-06-盘中农业(0.787)三条P1信号窗口14:30已过未触发→标记已过期, 其中农业主线仍极强(农化8涨停居首+粮食霸榜+晋级率21.5%)明日早盘可再评估, 通信光博会催化9/9-11仍可关注; ④ SIG-03半导体已触发但科技走弱持续(0.987距证伪线仅+0.3%), 破0.98放弃; ⑤ SIG-01黄金9.045(+0.23%)9.0防线未破安全; ⑥ 数据限制: clist行业排名排序异常(以涨停行业分布+热榜替代), fflow部分恢复但数值存疑, hsgt北向陈旧15:00快照(断供持续); ⑦ 打板情绪转差(炸板率27.5%→34.6%大幅上升, 涨停70较74减少), 尾盘市场情绪走弱, 隔夜仓位评估提示: 科技持仓(半导体信号)建议不追, 防御性持仓(黄金/银行)维持
