========================================
早盘分析自动执行日志
========================================
日期: 2026-09-08
执行开始: 09:23:37 CST（前次运行 in_progress 标记；本次补全 09:42 CST 起）
执行结束: 09:57:00 CST
状态: 成功（补全——前次运行生成每日信号.md 后中断，本次补全早盘报告.md + 状态收尾）
Staging文件: 存在（执行日 2026-09-08，1.3d action=use，新鲜有效）
数据获取:
  - 海外市场: 成功（腾讯海外指数：美股 9/4 收盘道指 -0.51%/纳指 -0.29%/标普 -0.38%，9/7 美国劳工节休市；KOSPI 9/8 开盘 +0.72%；恒指 25273 -0.55%；A50 夜盘 -0.12%；纽约金 4485 +0.19%/白银 +1.35%/原油 +1.10%/美铜 +1.80%；WebSearch 补充；日经225/离岸人民币未取得）
  - A股催化剂: 成功（09:45 盘中实测：上证 +0.30%/深证 -0.05%/创业板 -0.37%/科创50 -1.02%；涨停29/炸板9/跌停1/炸板率23.7%/晋级率16.1%[93→15]；同花顺热点 28 只题材归因）
  - 资金面与情绪: 部分成功（datacenter 两融 9/7 工行 23.26 亿/黄金ETF 62.32 亿；push2his 主力资金流不可达走 mootdx 量价+腾讯换手率估算；北向 hsgt 陈旧快照不可用）
  - 事件日历: 成功（WebSearch：8月CPI/PPI 周内公布、美联储 9/16-17 议息临近、9/8 苹果折叠屏发布会、光博会 9/9-11 明日开幕）
信号生成: 5 条 (P0: 2 P1: 3)
报告产出: 早盘报告.md, 每日信号.md（每日信号.md 由前次运行 09:33 生成，本次验证完整性后保留）
错误: 无
警告:
  - 早盘运行中断第 3 次（BUG-019 复现：task_state 09:23 置 in_progress、每日信号.md 09:33 生成后中断，早盘报告.md 缺失，本次 09:45 补全；scheduler 无 09-08 morning_analysis --complete 记录，已追加处理记录）
  - 数据源探测 partial（5/7）：push2/push2his 连续第 7 交易日不可达（BUG-017 复现，板块排名/资金流走腾讯+同花顺+mootdx 估算，已追加处理记录）
  - 北向资金断供（hsgt 9/7 15:00 陈旧快照，非当日实时，连续 ≥6 交易日，BUG-017）
  - 1.3c staging 持仓校验 FAIL（BUG-020 解析器误报，真实持仓表与 config 一致；持仓按 config/持仓.md 权威来源覆写，已追加处理记录）
  - 日经225/离岸人民币海外数据未取得（腾讯海外指数未覆盖，标注数据缺失）
========================================
