[2026-09-02 13:34] 盘中检查 13:30 检查点执行完成
  状态: completed | 检查点: 13:30 (13:25-13:40 窗口) | 交易日: 2026-09-02 周三
  数据时点: 2026-09-02 13:31-13:34 CST (腾讯财经/东财push2ex涨停池/东财clist行业排名/同花顺热榜; push2 fflow断连(除002142/601398且数值异常); 北向不可用降级; hsgt 15:00陈旧快照)
  持仓同步: Step 0 PULLED（holdings/每日调仓.md + holdings/持仓.md → 本地）成功
  早盘分析: 已完成（11:17-11:20 手动补执行，reports/20260902/早盘报告.md + 每日信号.md 存在）

  市场快照 (13:34):
    上证 3950.78 (-0.73%) | 深证 13676.18 (-1.41%) | 创业板 3335.25 (-1.71%) | 科创50 1627.72 (-1.20%)
    ⚠️ 较 11:20 全线收窄（上证-1.08%→-0.73% / 深证-2.12%→-1.41% / 创业板-2.69%→-1.71% / 科创50-2.12%→-1.20%），类似 9/1 午后收窄
    北向: 不可用(hsgtApi仅15:00陈旧快照 hgt-9.28 为历史缓存, 非当日实时)
    行业排名(clist正常): 全线下跌无上涨行业; 相对抗跌 纺织服饰-0.01%/公用事业-0.42%/电力-0.68%; 领跌 煤炭-3.14%/农林牧渔-2.35%/影视院线-1.98%
    打板: 涨停47 炸板16(炸板率25.4%) 跌停3 最高4连板 (较11:00 涨停37/炸板率30.2% 情绪回暖); 连板梯队{1:34,2:7,3:4,4:2}
    涨停板块: 汽车零部4/电网设备4/化学原料2/一般零售2/塑料2/地面兵装2/玻璃玻纤2/通用设备2/航空装备2
    题材热度(同花顺47只): 人形机器人4/半年报增长3/业绩增长3/兵装重组3/液冷散热2/军工2/创新药2/智能制造2/液冷服务器2/军工装备2

  持仓 (13:34):
    🚨 黄金518880: 8.902(-2.37%) 量比1.48 高8.906/低8.833 昨收9.118 — 仍破9.0, P0减仓触发维持未执行(14:45前强制执行临近)
    航空159227: 1.039(+1.76%) 量比2.49 — 军工抗跌走强延续但涨幅收窄(11:20 +2.35%)
    电网159326: 1.656(+0.06%) 量比0.79 高1.658/低1.624 — 微回正收复昨收, 但未站1.70硬门槛
    工行601398: 8.20(+0.61%) 量比1.47 | 宁波002142: 34.33(+0.09%) 量比1.21 (银行抗跌)
  关注列表: 军工512660 1.148(+0.61%) 量比2.29 | 银行512800 0.843(-0.35%) 量比1.22 | 半导体512480 1.017(-1.26%) 量比1.02(缩量) | 传媒512980 0.835(-1.88%) 量比1.18 | 农业159825 0.751(-2.21%) 量比1.46(农林牧渔-2.35%退潮)

  信号验证 (5条, 13:31-13:34):
    已触发 3 条（复核维持）:
      SIG-20260902-01(P0黄金减仓): 8.902(-2.37%) 量比1.48 仍破9.0 → 触发维持; 窗口进度76.6%(P0豁免75%过期); 🚨 已触发未执行, 14:45前强制执行窗口临近
      SIG-20260902-02(P0普跌否决): 指数全线收窄但深证/创业板仍跌>1%+行业全线下跌无上涨行业 → 普跌维持接近解除, 取消T纪律维持(14:00/14:30复核)
      SIG-20260902-03(P0打新抽血): 512480 1.017(-1.26%) 量比1.02 缩量跌幅收窄 → 边际缓解, 回流未确认风控维持
    已作废 2 条（不触碰）:
      SIG-20260902-04(电网正T): 1.656 微回正但未站1.70+量比0.79 → 保持作废, 午后路径观察
      SIG-20260902-05(农业建仓): 0.751(-2.21%) 农林牧渔-2.35%退潮 → 保持作废
  关注列表升级评估(对照早盘报告量化条件): 军工(军工ETF+0.61%<+1%+涨停4只<5 不升级); 银行(未转正+量比1.22<1.5 不升级); 电网(未收复1.70+量比0.79 不升级); 半导体(回流未确认 不升级) → 均不升级

  新信号扫描: Tier 1 北向不可用; 板块涨停潮未达>5(最高汽车零部4/电网设备4); 无新止损(黄金由SIG-01承接); 无重大突发(热榜延续人形机器人4/兵装重组3); 无V型反转 → 无触发; Tier 2 持仓量比均未>3或<0.3, fflow断连无法验证持续流入, 行业无跃升>50, 人形机器人题材观察类不追加 → 不满足≥3/5; Tier 3 当前无新增信号机会(普跌减弱但SIG-02维持+关注列表升级条件均未满足)
  触发/过期/取消/作废/升级: 0 / 0 / 0 / 0 / 0 (本次检查新增)

  🚨 需执行操作 (1条P0风控, 已触发未执行):
    - SIG-20260902-01: 黄金ETF(518880) 减仓 @ 8.902 — 仍破9.0, 市价减至1/2(1,300份); P0止损已触发, 14:45前强制执行窗口临近(剩余约70分钟)

  ⚠️ 提示: ① SIG-01黄金P0触发未执行, 14:45前必须强制执行(14:30收盘前检查点特殊职责); ② 普跌减弱但未解除(深证/创业板仍跌>1%+行业全线下跌), 取消全部T纪律维持, 14:00/14:30复核; ③ SIG-03打新抽血边际缓解但回流未确认, 科技回避维持; ④ 军工/银行抗跌为普跌日防御结构, 底仓不动不追高(关注列表升级条件均未满足); ⑤ 涨停47/炸板率25.4%情绪回暖但与指数普跌并存, 结构性行情非系统性普跌; ⑥ 北向不可用, push2 fflow断连(除002142/601398且数值异常不可信); clist行业排名正常; ⑦ 无Tier1/2新增信号(Tier 3); ⑧ 已更新reports/20260902/每日信号.md(信号总表/盘中验证记录/盘中追加信号/当日信号统计)
