[2026-09-02 11:08] 盘中检查 11:00 检查点执行完成
  状态: completed | 检查点: 11:00 (10:55-11:10 窗口) | 交易日: 2026-09-02 周三
  数据时点: 2026-09-02 11:04-11:08 CST (腾讯财经/东财push2ex涨停池/同花顺热榜/clist行业排名; push2 fflow断连(除601398); 北向不可用降级; hsgt 09:44陈旧快照)
  ⚠️ WARNING: 早盘分析尚未完成或未生成信号文件（scheduler 无 2026-09-02 morning_analysis 记录，早盘报告缺失）→ 本次盘中检查仅产出市场快照 + 继承 staging 操作清单验证信号

  市场快照:
    上证 3936.71 (-1.08%) | 深证 13577.92 (-2.12%) | 创业板 3302.24 (-2.69%) | 科创50 1612.66 (-2.12%)
    北向: 不可用(hsgtApi仅09:44陈旧快照 hgt+2.25/sgt+379.75为历史缓存, 非当日实时)
    行业排名(clist正常): 领涨 橡胶+1.74%/国防军工+1.52%/美容护理+1.27%; 领跌 能源金属-4.06%/贵金属-3.06%/农化制品-2.96%/小金属-2.89%/农林牧渔-2.87%/煤炭-2.48%/有色金属-2.28%
    打板: 涨停37 炸板16(炸板率30.2%) 跌停3 最高1连板(无连板梯队) — 情绪显著降温(9/1 11:00为涨停63/炸板率6.0%)
    题材热度(同花顺TOP): 金健米业(粮食)-6.04% 金牛化工(煤化工)4天2板 一鸣食品-10% 国芳集团(IP经济)4天4板 万向德农(转基因)7天6板 郑州煤电(煤炭) 芒果超媒(短剧)3天2板 楚天龙(数字货币)9天6板 海鸥住工(空气能热泵)8天7板

  持仓 (11:04):
    ⚠️ 黄金518880: 8.859(-2.84%) 量比1.75 高8.901 低8.833 昨收9.118 — 放量破9.0! P0减仓触发
    航空159227: 1.036(+1.47%) 量比2.98 — 军工抗跌走强(国防军工+1.52%领涨)
    电网159326: 1.646(-0.54%) 量比1.00 高1.653 低1.624 — 未站1.70, 低点已破1.64证伪线
    工行601398: 8.20(+0.61%) 量比1.97 | 宁波002142: 34.21(-0.26%) 量比1.36 (银行抗跌)
  关注列表: 半导体512480 1.008(-2.14%) 量比1.31(打新抽血延续) | 传媒512980 0.835(-1.88%) 量比1.67(第3日退潮) | 农业159825 0.748(-2.60%) 量比2.03(破0.74证伪作废) | 银行512800 0.845(-0.12%) 量比1.62(抗跌) | 化工159870 0.802(-2.79%) | 有色512400 1.868(-3.46%领跌)

  信号验证 (5条继承自staging操作清单, 11:04-11:08):
    已触发 3 条:
      SIG-20260902-01(P0黄金减仓): 518880 8.859(-2.84%) 量比1.75>1.5 放量跌破9.0(昨收9.118, 低8.833) → 触发; 贵金属行业-3.06%领跌; 持仓浮亏约-2.18%(成本9.056); 建议市价减至1/2(1,300份)
      SIG-20260902-02(P0普跌否决): 推定触发 — 指数全线跌>1%(深证/创业板>2%), 较9/1(上证-0.16%/创业板-1.30%)系统性加深; 虽跌停仅3家未达>100硬阈值, 但指数深度普跌 → 按普跌纪律取消全部T(9/1先例)
      SIG-20260902-03(P0打新抽血): 512480 1.008(-2.14%<-1.5%) 量比1.31>1.2 → 触发; 科创50-2.12%, 半导体行业-1.83%领跌; 科技方向维持回避
    已作废 1 条:
      SIG-20260902-05(P1农业建仓): 159825 0.748(-2.60%) 现价已破0.74证伪线(低0.748) → 证伪作废; 农林牧渔行业-2.87%退潮; 回踩未企稳不建仓
    待执行 1 条:
      SIG-20260902-04(P1电网正T): 159326 1.646(-0.54%) 量比1.00 — 主路径未站1.70(距-3.1%)+10:30未企稳+低1.624破1.64证伪线; 破位后不评估(9/1教训); 午后路径保留观察(13:30站稳均价+放量才评估)
  关注列表升级评估: 农业作废(破0.74); 传媒第3日退潮不升级(无连板梯队, 晋级率无法验证); 银行抗跌但高位不追 → 均不升级

  新信号扫描: Tier 1 北向不可用; 板块涨停潮未达>5(电网设备3/地面兵装2/化学原料3); 黄金止损已由SIG-01承接(非新信号); 无重大突发消息(热榜题材延续); 无V型反转(单边下跌); Tier 2 持仓量比均未超3(航空2.98/工行1.97/黄金1.75/宁波1.36/电网1.00), fflow断连无法验证持续流入, 行业排名无跃升>50, 热榜无全新题材 → 无追加; Tier 3 当前无新增信号机会(系统性普跌日)
  触发/过期/取消/作废/升级: 3 / 0 / 0 / 1 / 0

  🚨 需执行操作 (1条P0风控, 触发待执行):
    - SIG-20260902-01: 黄金ETF(518880) 减仓 @ 8.859 — 放量破9.0, 市价减至1/2(1,300份); P0止损触发, 建议立即执行或最迟14:45前强制执行(14:30收盘前检查点特殊职责)

  ⚠️ 提示: ① 今日早盘分析未完成(scheduler无morning_analysis记录), 本快照由盘中11:00检查点基于9/1 staging操作清单生成, 复盘阶段需完整核对; ② SIG-01黄金P0触发(放量破9.0), 贵金属链系统性走弱, 必须执行减仓; ③ SIG-02普跌否决推定触发, 系统性普跌日取消全部T, 不追高; ④ SIG-03打新抽血延续, 科技回避; ⑤ 农业0.748破0.74证伪线, SIG-06(9/1)建仓作废, 不补点; ⑥ 军工抗跌(航空ETF+1.47%)/银行抗跌(工行+0.61%)为普跌日防御结构, 底仓不动不追高; ⑦ 涨停37/炸板率30.2%情绪降温, 与指数普跌一致; ⑧ 北向不可用, push2 fflow断连(除601398); clist行业排名正常; ⑨ 已创建reports/20260902/每日信号.md(快照模式)
