========================================
早盘分析自动执行日志
========================================
日期: 2026-07-28
执行开始: 09:07 CST
执行结束: 09:15 CST
状态: 成功
Staging文件: 存在（但过期4个交易日：7/23生成→7/24执行）
数据获取:
  - 海外市场: 成功（WebSearch: 美股/日韩/商品/汇率/A50）
  - A股催化剂: 成功（腾讯财经: 持仓ETF+指数+行业ETF; 同花顺: 强势股归因; 东财: 行业板块排名; 巨潮: 持仓股公告）
  - 资金面与情绪: 成功（东财: 涨停/炸板/跌停统计+融资融券余额; 北向缓存仅1天过期）
  - 事件日历: 成功（WebSearch: IPO/经济日历/政策事件）
信号生成: 7 条 (P0: 2 P1: 2 P2: 3)
报告产出: 早盘报告.md, 每日信号.md
错误: 无
警告:
  - Staging文件过期4个交易日(7/23→7/28)，以今日最新数据为准
  - 北向资金缓存仅1天(7/3)，无法判断近期北向趋势
  - 行业板块数据为盘前（所有涨跌幅=0%），需盘中更新
  - 腾讯财经ETFs价格为7/27收盘价（盘前无实时行情）
========================================
